Archive member included to satisfy reference by file (symbol)

/usr/lib/gcc/arm-none-eabi/8.3.0/../../../../arm-none-eabi/lib/thumb/v7-m/nofp/libm.a(lib_a-w_asin.o)
                              src/main.o (asin)
/usr/lib/gcc/arm-none-eabi/8.3.0/../../../../arm-none-eabi/lib/thumb/v7-m/nofp/libm.a(lib_a-w_atan2.o)
                              src/main.o (atan2)
/usr/lib/gcc/arm-none-eabi/8.3.0/../../../../arm-none-eabi/lib/thumb/v7-m/nofp/libm.a(lib_a-w_sqrt.o)
                              src/IMU.o (sqrt)
/usr/lib/gcc/arm-none-eabi/8.3.0/../../../../arm-none-eabi/lib/thumb/v7-m/nofp/libm.a(lib_a-e_asin.o)
                              /usr/lib/gcc/arm-none-eabi/8.3.0/../../../../arm-none-eabi/lib/thumb/v7-m/nofp/libm.a(lib_a-w_asin.o) (__ieee754_asin)
/usr/lib/gcc/arm-none-eabi/8.3.0/../../../../arm-none-eabi/lib/thumb/v7-m/nofp/libm.a(lib_a-e_atan2.o)
                              /usr/lib/gcc/arm-none-eabi/8.3.0/../../../../arm-none-eabi/lib/thumb/v7-m/nofp/libm.a(lib_a-w_atan2.o) (__ieee754_atan2)
/usr/lib/gcc/arm-none-eabi/8.3.0/../../../../arm-none-eabi/lib/thumb/v7-m/nofp/libm.a(lib_a-e_sqrt.o)
                              /usr/lib/gcc/arm-none-eabi/8.3.0/../../../../arm-none-eabi/lib/thumb/v7-m/nofp/libm.a(lib_a-w_sqrt.o) (__ieee754_sqrt)
/usr/lib/gcc/arm-none-eabi/8.3.0/../../../../arm-none-eabi/lib/thumb/v7-m/nofp/libm.a(lib_a-s_atan.o)
                              /usr/lib/gcc/arm-none-eabi/8.3.0/../../../../arm-none-eabi/lib/thumb/v7-m/nofp/libm.a(lib_a-e_atan2.o) (atan)
/usr/lib/gcc/arm-none-eabi/8.3.0/../../../../arm-none-eabi/lib/thumb/v7-m/nofp/libm.a(lib_a-s_fabs.o)
                              /usr/lib/gcc/arm-none-eabi/8.3.0/../../../../arm-none-eabi/lib/thumb/v7-m/nofp/libm.a(lib_a-w_asin.o) (fabs)
/usr/lib/gcc/arm-none-eabi/8.3.0/../../../../arm-none-eabi/lib/thumb/v7-m/nofp/libm.a(lib_a-s_lib_ver.o)
                              /usr/lib/gcc/arm-none-eabi/8.3.0/../../../../arm-none-eabi/lib/thumb/v7-m/nofp/libm.a(lib_a-w_asin.o) (__fdlib_version)
/usr/lib/gcc/arm-none-eabi/8.3.0/../../../../arm-none-eabi/lib/thumb/v7-m/nofp/libm.a(lib_a-s_matherr.o)
                              /usr/lib/gcc/arm-none-eabi/8.3.0/../../../../arm-none-eabi/lib/thumb/v7-m/nofp/libm.a(lib_a-w_asin.o) (matherr)
/usr/lib/gcc/arm-none-eabi/8.3.0/../../../../arm-none-eabi/lib/thumb/v7-m/nofp/libm.a(lib_a-s_nan.o)
                              /usr/lib/gcc/arm-none-eabi/8.3.0/../../../../arm-none-eabi/lib/thumb/v7-m/nofp/libm.a(lib_a-w_asin.o) (nan)
/usr/lib/gcc/arm-none-eabi/8.3.0/thumb/v7-m/nofp/libgcc.a(_arm_addsubdf3.o)
                              src/main.o (__aeabi_dsub)
/usr/lib/gcc/arm-none-eabi/8.3.0/thumb/v7-m/nofp/libgcc.a(_arm_muldivdf3.o)
                              src/main.o (__aeabi_dmul)
/usr/lib/gcc/arm-none-eabi/8.3.0/thumb/v7-m/nofp/libgcc.a(_arm_cmpdf2.o)
                              src/main.o (__aeabi_dcmpeq)
/usr/lib/gcc/arm-none-eabi/8.3.0/thumb/v7-m/nofp/libgcc.a(_arm_unorddf2.o)
                              /usr/lib/gcc/arm-none-eabi/8.3.0/../../../../arm-none-eabi/lib/thumb/v7-m/nofp/libm.a(lib_a-w_asin.o) (__aeabi_dcmpun)
/usr/lib/gcc/arm-none-eabi/8.3.0/thumb/v7-m/nofp/libgcc.a(_arm_fixunsdfsi.o)
                              src/main.o (__aeabi_d2uiz)
/usr/lib/gcc/arm-none-eabi/8.3.0/thumb/v7-m/nofp/libgcc.a(_arm_truncdfsf2.o)
                              src/IMU.o (__aeabi_d2f)
/usr/lib/gcc/arm-none-eabi/8.3.0/thumb/v7-m/nofp/libgcc.a(_arm_addsubsf3.o)
                              src/IMU.o (__aeabi_fsub)
/usr/lib/gcc/arm-none-eabi/8.3.0/thumb/v7-m/nofp/libgcc.a(_arm_muldivsf3.o)
                              src/IMU.o (__aeabi_fmul)
/usr/lib/gcc/arm-none-eabi/8.3.0/thumb/v7-m/nofp/libgcc.a(_arm_cmpsf2.o)
                              src/main.o (__aeabi_fcmplt)
/usr/lib/gcc/arm-none-eabi/8.3.0/../../../../arm-none-eabi/lib/thumb/v7-m/nofp/libc_nano.a(lib_a-atexit.o)
                              /usr/lib/gcc/arm-none-eabi/8.3.0/../../../../arm-none-eabi/lib/thumb/v7-m/nofp/crt0.o (atexit)
/usr/lib/gcc/arm-none-eabi/8.3.0/../../../../arm-none-eabi/lib/thumb/v7-m/nofp/libc_nano.a(lib_a-atof.o)
                              src/main.o (atof)
/usr/lib/gcc/arm-none-eabi/8.3.0/../../../../arm-none-eabi/lib/thumb/v7-m/nofp/libc_nano.a(lib_a-errno.o)
                              /usr/lib/gcc/arm-none-eabi/8.3.0/../../../../arm-none-eabi/lib/thumb/v7-m/nofp/libm.a(lib_a-w_asin.o) (__errno)
/usr/lib/gcc/arm-none-eabi/8.3.0/../../../../arm-none-eabi/lib/thumb/v7-m/nofp/libc_nano.a(lib_a-exit.o)
                              /usr/lib/gcc/arm-none-eabi/8.3.0/../../../../arm-none-eabi/lib/thumb/v7-m/nofp/crt0.o (exit)
/usr/lib/gcc/arm-none-eabi/8.3.0/../../../../arm-none-eabi/lib/thumb/v7-m/nofp/libc_nano.a(lib_a-fini.o)
                              /usr/lib/gcc/arm-none-eabi/8.3.0/../../../../arm-none-eabi/lib/thumb/v7-m/nofp/crt0.o (__libc_fini_array)
/usr/lib/gcc/arm-none-eabi/8.3.0/../../../../arm-none-eabi/lib/thumb/v7-m/nofp/libc_nano.a(lib_a-impure.o)
[...]
Memory Configuration

Name             Origin             Length             Attributes
RAM              0x0000000020000000 0x0000000000005000 xrw
ROM              0x0000000008000000 0x0000000000010000 xr
*default*        0x0000000000000000 0xffffffffffffffff

Linker script and memory map

LOAD /usr/lib/gcc/arm-none-eabi/8.3.0/thumb/v7-m/nofp/crti.o
LOAD /usr/lib/gcc/arm-none-eabi/8.3.0/thumb/v7-m/nofp/crtbegin.o
LOAD /usr/lib/gcc/arm-none-eabi/8.3.0/../../../../arm-none-eabi/lib/thumb/v7-m/nofp/crt0.o
LOAD CMSIS/core/core_cm3.o
LOAD StdPeriph_Driver/src/misc.o
LOAD StdPeriph_Driver/src/stm32f10x_adc.o
LOAD StdPeriph_Driver/src/stm32f10x_bkp.o
LOAD StdPeriph_Driver/src/stm32f10x_can.o
LOAD StdPeriph_Driver/src/stm32f10x_cec.o
LOAD StdPeriph_Driver/src/stm32f10x_crc.o
LOAD StdPeriph_Driver/src/stm32f10x_dac.o
LOAD StdPeriph_Driver/src/stm32f10x_dbgmcu.o
LOAD StdPeriph_Driver/src/stm32f10x_dma.o
LOAD StdPeriph_Driver/src/stm32f10x_exti.o
LOAD StdPeriph_Driver/src/stm32f10x_flash.o
LOAD StdPeriph_Driver/src/stm32f10x_fsmc.o
LOAD StdPeriph_Driver/src/stm32f10x_gpio.o
LOAD StdPeriph_Driver/src/stm32f10x_i2c.o
LOAD StdPeriph_Driver/src/stm32f10x_iwdg.o
LOAD StdPeriph_Driver/src/stm32f10x_pwr.o
LOAD StdPeriph_Driver/src/stm32f10x_rcc.o
LOAD StdPeriph_Driver/src/stm32f10x_rtc.o
LOAD StdPeriph_Driver/src/stm32f10x_sdio.o
LOAD StdPeriph_Driver/src/stm32f10x_spi.o
LOAD StdPeriph_Driver/src/stm32f10x_tim.o
LOAD StdPeriph_Driver/src/stm32f10x_usart.o
LOAD StdPeriph_Driver/src/stm32f10x_wwdg.o
LOAD src/IMU.o
LOAD src/initial.o
LOAD src/main.o
LOAD src/pid.o
LOAD src/tm_stm32f4_i2c.o
LOAD src/tm_stm32f4_mpu6050.o
LOAD src/usart_cmd.o
LOAD startup/startup_stm32.o
LOAD /usr/lib/gcc/arm-none-eabi/8.3.0/../../../../arm-none-eabi/lib/thumb/v7-m/nofp/libstdc++_nano.a
LOAD /usr/lib/gcc/arm-none-eabi/8.3.0/../../../../arm-none-eabi/lib/thumb/v7-m/nofp/libm.a
START GROUP
LOAD /usr/lib/gcc/arm-none-eabi/8.3.0/thumb/v7-m/nofp/libgcc.a
LOAD /usr/lib/gcc/arm-none-eabi/8.3.0/../../../../arm-none-eabi/lib/thumb/v7-m/nofp/libc_nano.a
END GROUP
START GROUP
LOAD /usr/lib/gcc/arm-none-eabi/8.3.0/thumb/v7-m/nofp/libgcc.a
LOAD /usr/lib/gcc/arm-none-eabi/8.3.0/../../../../arm-none-eabi/lib/thumb/v7-m/nofp/libc_nano.a
LOAD /usr/lib/gcc/arm-none-eabi/8.3.0/../../../../arm-none-eabi/lib/thumb/v7-m/nofp/libnosys.a
END GROUP
START GROUP
LOAD /usr/lib/gcc/arm-none-eabi/8.3.0/thumb/v7-m/nofp/libgcc.a
LOAD /usr/lib/gcc/arm-none-eabi/8.3.0/../../../../arm-none-eabi/lib/thumb/v7-m/nofp/libc_nano.a
LOAD /usr/lib/gcc/arm-none-eabi/8.3.0/../../../../arm-none-eabi/lib/thumb/v7-m/nofp/libnosys.a
END GROUP
LOAD /usr/lib/gcc/arm-none-eabi/8.3.0/thumb/v7-m/nofp/crtend.o
LOAD /usr/lib/gcc/arm-none-eabi/8.3.0/thumb/v7-m/nofp/crtn.o
                0x0000000020005000                _estack = 0x20005000
                0x0000000000000000                _Min_Heap_Size = 0x0
                0x0000000000000400                _Min_Stack_Size = 0x400

.isr_vector     0x0000000008000000      0x130
                0x0000000008000000                . = ALIGN (0x4)
 *(.isr_vector)
 .isr_vector    0x0000000008000000      0x130 startup/startup_stm32.o
                0x0000000008000000                g_pfnVectors
                0x0000000008000130                . = ALIGN (0x4)

.text           0x0000000008000130     0x7338
                0x0000000008000130                . = ALIGN (0x4)
 *(.text)
 .text          0x0000000008000130      0x378 /usr/lib/gcc/arm-none-eabi/8.3.0/thumb/v7-m/nofp/libgcc.a(_arm_addsubdf3.o)
                0x0000000008000130                __aeabi_drsub
                0x0000000008000138                __aeabi_dsub
                0x0000000008000138                __subdf3
                0x000000000800013c                __adddf3
                0x000000000800013c                __aeabi_dadd
                0x00000000080003b4                __aeabi_ui2d
                0x00000000080003b4                __floatunsidf
                0x00000000080003d4                __floatsidf
                0x00000000080003d4                __aeabi_i2d
                0x00000000080003f8                __extendsfdf2
                0x00000000080003f8                __aeabi_f2d
                0x000000000800043c                __aeabi_ul2d
                0x000000000800043c                __floatundidf
                0x000000000800044c                __floatdidf
                0x000000000800044c                __aeabi_l2d
 .text          0x00000000080004a8      0x424 /usr/lib/gcc/arm-none-eabi/8.3.0/thumb/v7-m/nofp/libgcc.a(_arm_muldivdf3.o)
                0x00000000080004a8                __aeabi_dmul
                0x00000000080004a8                __muldf3
                0x00000000080006fc                __aeabi_ddiv
                0x00000000080006fc                __divdf3
 .text          0x00000000080008cc      0x110 /usr/lib/gcc/arm-none-eabi/8.3.0/thumb/v7-m/nofp/libgcc.a(_arm_cmpdf2.o)
                0x00000000080008cc                __gtdf2
                0x00000000080008cc                __gedf2
                0x00000000080008d4                __ltdf2
                0x00000000080008d4                __ledf2
                0x00000000080008dc                __cmpdf2
                0x00000000080008dc                __eqdf2
                0x00000000080008dc                __nedf2
                0x0000000008000958                __aeabi_cdrcmple
                0x0000000008000968                __aeabi_cdcmple
                0x0000000008000968                __aeabi_cdcmpeq
                0x0000000008000978                __aeabi_dcmpeq
                0x000000000800098c                __aeabi_dcmplt
                0x00000000080009a0                __aeabi_dcmple
                0x00000000080009b4                __aeabi_dcmpge
                0x00000000080009c8                __aeabi_dcmpgt
 .text          0x00000000080009dc       0x2c /usr/lib/gcc/arm-none-eabi/8.3.0/thumb/v7-m/nofp/libgcc.a(_arm_unorddf2.o)
                0x00000000080009dc                __aeabi_dcmpun
                0x00000000080009dc                __unorddf2
 .text          0x0000000008000a08       0x40 /usr/lib/gcc/arm-none-eabi/8.3.0/thumb/v7-m/nofp/libgcc.a(_arm_fixunsdfsi.o)
                0x0000000008000a08                __fixunsdfsi
                0x0000000008000a08                __aeabi_d2uiz
 .text          0x0000000008000a48       0x10 /usr/lib/gcc/arm-none-eabi/8.3.0/../../../../arm-none-eabi/lib/thumb/v7-m/nofp/libc_nano.a(lib_a-strlen.o)
                0x0000000008000a48                strlen
 .text          0x0000000008000a58       0x50 /usr/lib/gcc/arm-none-eabi/8.3.0/thumb/v7-m/nofp/libgcc.a(_arm_fixdfsi.o)
                0x0000000008000a58                __fixdfsi
                0x0000000008000a58                __aeabi_d2iz
 *(.text*)
 .text.__do_global_dtors_aux
                0x0000000008000aa8       0x24 /usr/lib/gcc/arm-none-eabi/8.3.0/thumb/v7-m/nofp/crtbegin.o
 .text.frame_dummy
                0x0000000008000acc       0x1c /usr/lib/gcc/arm-none-eabi/8.3.0/thumb/v7-m/nofp/crtbegin.o
 .text.NVIC_Init
                0x0000000008000ae8       0xc4 StdPeriph_Driver/src/misc.o
                0x0000000008000ae8                NVIC_Init
 .text.DMA_Init
                0x0000000008000bac       0x7c StdPeriph_Driver/src/stm32f10x_dma.o
                0x0000000008000bac                DMA_Init
 .text.DMA_Cmd  0x0000000008000c28       0x38 StdPeriph_Driver/src/stm32f10x_dma.o
                0x0000000008000c28                DMA_Cmd
 .text.DMA_ITConfig
                0x0000000008000c60       0x3a StdPeriph_Driver/src/stm32f10x_dma.o
                0x0000000008000c60                DMA_ITConfig
 *fill*         0x0000000008000c9a        0x2 
 .text.DMA_ClearITPendingBit
                0x0000000008000c9c       0x34 StdPeriph_Driver/src/stm32f10x_dma.o
                0x0000000008000c9c                DMA_ClearITPendingBit
 .text.FLASH_SetLatency
                0x0000000008000cd0       0x38 StdPeriph_Driver/src/stm32f10x_flash.o
                0x0000000008000cd0                FLASH_SetLatency
 .text.FLASH_PrefetchBufferCmd
                0x0000000008000d08       0x30 StdPeriph_Driver/src/stm32f10x_flash.o
                0x0000000008000d08                FLASH_PrefetchBufferCmd
 .text.GPIO_Init
                0x0000000008000d38      0x178 StdPeriph_Driver/src/stm32f10x_gpio.o
                0x0000000008000d38                GPIO_Init
 .text.RCC_DeInit
                0x0000000008000eb0       0x5c StdPeriph_Driver/src/stm32f10x_rcc.o
                0x0000000008000eb0                RCC_DeInit
 .text.RCC_HSEConfig
                0x0000000008000f0c       0x5c StdPeriph_Driver/src/stm32f10x_rcc.o
                0x0000000008000f0c                RCC_HSEConfig
 .text.RCC_WaitForHSEStartUp
                0x0000000008000f68       0x50 StdPeriph_Driver/src/stm32f10x_rcc.o
                0x0000000008000f68                RCC_WaitForHSEStartUp
 .text.RCC_PLLConfig
                0x0000000008000fb8       0x3c StdPeriph_Driver/src/stm32f10x_rcc.o
                0x0000000008000fb8                RCC_PLLConfig
 .text.RCC_PLLCmd
                0x0000000008000ff4       0x20 StdPeriph_Driver/src/stm32f10x_rcc.o
                0x0000000008000ff4                RCC_PLLCmd
 .text.RCC_SYSCLKConfig
                0x0000000008001014       0x38 StdPeriph_Driver/src/stm32f10x_rcc.o
                0x0000000008001014                RCC_SYSCLKConfig
 .text.RCC_GetSYSCLKSource
                0x000000000800104c       0x1c StdPeriph_Driver/src/stm32f10x_rcc.o
                0x000000000800104c                RCC_GetSYSCLKSource
 .text.RCC_HCLKConfig
                0x0000000008001068       0x38 StdPeriph_Driver/src/stm32f10x_rcc.o
                0x0000000008001068                RCC_HCLKConfig
 .text.RCC_PCLK1Config
                0x00000000080010a0       0x38 StdPeriph_Driver/src/stm32f10x_rcc.o
                0x00000000080010a0                RCC_PCLK1Config
 .text.RCC_PCLK2Config
                0x00000000080010d8       0x38 StdPeriph_Driver/src/stm32f10x_rcc.o
                0x00000000080010d8                RCC_PCLK2Config
 .text.RCC_GetClocksFreq
                0x0000000008001110      0x160 StdPeriph_Driver/src/stm32f10x_rcc.o
                0x0000000008001110                RCC_GetClocksFreq
 .text.RCC_AHBPeriphClockCmd
                0x0000000008001270       0x3c StdPeriph_Driver/src/stm32f10x_rcc.o
                0x0000000008001270                RCC_AHBPeriphClockCmd
 .text.RCC_APB2PeriphClockCmd
                0x00000000080012ac       0x3c StdPeriph_Driver/src/stm32f10x_rcc.o
                0x00000000080012ac                RCC_APB2PeriphClockCmd
 .text.RCC_APB1PeriphClockCmd
                0x00000000080012e8       0x3c StdPeriph_Driver/src/stm32f10x_rcc.o
                0x00000000080012e8                RCC_APB1PeriphClockCmd
 .text.RCC_GetFlagStatus
                0x0000000008001324       0x74 StdPeriph_Driver/src/stm32f10x_rcc.o
                0x0000000008001324                RCC_GetFlagStatus
 .text.TIM_TimeBaseInit
                0x0000000008001398       0xf8 StdPeriph_Driver/src/stm32f10x_tim.o
                0x0000000008001398                TIM_TimeBaseInit
 .text.TIM_OC1Init
                0x0000000008001490      0x118 StdPeriph_Driver/src/stm32f10x_tim.o
                0x0000000008001490                TIM_OC1Init
 .text.TIM_OC2Init
                0x00000000080015a8      0x110 StdPeriph_Driver/src/stm32f10x_tim.o
                0x00000000080015a8                TIM_OC2Init
 .text.TIM_TimeBaseStructInit
                0x00000000080016b8       0x32 StdPeriph_Driver/src/stm32f10x_tim.o
                0x00000000080016b8                TIM_TimeBaseStructInit
 .text.TIM_OCStructInit
                0x00000000080016ea       0x42 StdPeriph_Driver/src/stm32f10x_tim.o
                0x00000000080016ea                TIM_OCStructInit
 .text.TIM_Cmd  0x000000000800172c       0x3e StdPeriph_Driver/src/stm32f10x_tim.o
                0x000000000800172c                TIM_Cmd
 .text.TIM_ITConfig
                0x000000000800176a       0x46 StdPeriph_Driver/src/stm32f10x_tim.o
                0x000000000800176a                TIM_ITConfig
 .text.TIM_GetITStatus
                0x00000000080017b0       0x52 StdPeriph_Driver/src/stm32f10x_tim.o
                0x00000000080017b0                TIM_GetITStatus
 .text.TIM_ClearITPendingBit
                0x0000000008001802       0x20 StdPeriph_Driver/src/stm32f10x_tim.o
                0x0000000008001802                TIM_ClearITPendingBit
 *fill*         0x0000000008001822        0x2 
 .text.USART_Init
                0x0000000008001824      0x174 StdPeriph_Driver/src/stm32f10x_usart.o
                0x0000000008001824                USART_Init
 .text.USART_Cmd
                0x0000000008001998       0x3e StdPeriph_Driver/src/stm32f10x_usart.o
                0x0000000008001998                USART_Cmd
 .text.USART_ITConfig
                0x00000000080019d6       0x8e StdPeriph_Driver/src/stm32f10x_usart.o
                0x00000000080019d6                USART_ITConfig
 .text.USART_DMACmd
                0x0000000008001a64       0x46 StdPeriph_Driver/src/stm32f10x_usart.o
                0x0000000008001a64                USART_DMACmd
 .text.USART_SendData
                0x0000000008001aaa       0x22 StdPeriph_Driver/src/stm32f10x_usart.o
                0x0000000008001aaa                USART_SendData
 .text.USART_ReceiveData
                0x0000000008001acc       0x1e StdPeriph_Driver/src/stm32f10x_usart.o
                0x0000000008001acc                USART_ReceiveData
 *fill*         0x0000000008001aea        0x2 
 .text.NVIC_EnableIRQ
                0x0000000008001aec       0x30 src/initial.o
 .text.init_    0x0000000008001b1c       0x3c src/initial.o
                0x0000000008001b1c                init_
 .text.gpio_init
                0x0000000008001b58       0x44 src/initial.o
                0x0000000008001b58                gpio_init
 .text.rcc_init
                0x0000000008001b9c       0x7c src/initial.o
                0x0000000008001b9c                rcc_init
 .text.uart_init
                0x0000000008001c18      0x198 src/initial.o
                0x0000000008001c18                uart_init
 .text.tim4_init
                0x0000000008001db0       0x5c src/initial.o
                0x0000000008001db0                tim4_init
 .text.tim3_init
                0x0000000008001e0c       0xac src/initial.o
                0x0000000008001e0c                tim3_init
 .text.main     0x0000000008001eb8       0xd0 src/main.o
                0x0000000008001eb8                main
 .text.cycle    0x0000000008001f88      0x4cc src/main.o
                0x0000000008001f88                cycle
 .text.USART1_IRQHandler
                0x0000000008002454       0x88 src/main.o
                0x0000000008002454                USART1_IRQHandler
 .text.USART2_IRQHandler
                0x00000000080024dc       0x78 src/main.o
                0x00000000080024dc                USART2_IRQHandler
 .text.TIM4_IRQHandler
                0x0000000008002554       0x2c src/main.o
                0x0000000008002554                TIM4_IRQHandler
 .text.USARTSendDMA
                0x0000000008002580       0x3c src/main.o
                0x0000000008002580                USARTSendDMA
 .text.DMA1_Channel4_IRQHandler
                0x00000000080025bc       0x1c src/main.o
                0x00000000080025bc                DMA1_Channel4_IRQHandler
 .text.clear_RXBuffer
                0x00000000080025d8       0x48 src/main.o
                0x00000000080025d8                clear_RXBuffer
 .text.clear_RXBuffer2
                0x0000000008002620       0x48 src/main.o
                0x0000000008002620                clear_RXBuffer2
 .text.toEulerAngle
                0x0000000008002668      0x260 src/main.o
                0x0000000008002668                toEulerAngle
 .text.getGrav  0x00000000080028c8      0x17c src/main.o
                0x00000000080028c8                getGrav
 *fill*         0x0000000008002a44        0x4 
 .text.getYPR   0x0000000008002a48      0x220 src/main.o
                0x0000000008002a48                getYPR
 .text.strtd    0x0000000008002c68       0x82 src/main.o
                0x0000000008002c68                strtd
 *fill*         0x0000000008002cea        0x2 
 .text.pid_Init
                0x0000000008002cec       0x54 src/pid.o
                0x0000000008002cec                pid_Init
 .text.pid_Controller
                0x0000000008002d40      0x1b4 src/pid.o
                0x0000000008002d40                pid_Controller
 .text.pid_setOutputLimits
                0x0000000008002ef4       0x38 src/pid.o
                0x0000000008002ef4                pid_setOutputLimits
 *fill*         0x0000000008002f2c        0x4 
 .text.pid_setParams
                0x0000000008002f30       0xa4 src/pid.o
                0x0000000008002f30                pid_setParams
 .text.usart_cmd
                0x0000000008002fd4      0x134 src/usart_cmd.o
                0x0000000008002fd4                usart_cmd
 .text.Reset_Handler
                0x0000000008003108       0x50 startup/startup_stm32.o
                0x0000000008003108                Reset_Handler
 .text.Default_Handler
                0x0000000008003158        0x2 startup/startup_stm32.o
                0x0000000008003158                EXTI2_IRQHandler
                0x0000000008003158                TIM8_TRG_COM_IRQHandler
                0x0000000008003158                TIM8_CC_IRQHandler
                0x0000000008003158                DebugMon_Handler
                0x0000000008003158                TIM1_CC_IRQHandler
                0x0000000008003158                HardFault_Handler
                0x0000000008003158                TIM6_IRQHandler
                0x0000000008003158                SysTick_Handler
                0x0000000008003158                PVD_IRQHandler
                0x0000000008003158                SDIO_IRQHandler
                0x0000000008003158                PendSV_Handler
                0x0000000008003158                NMI_Handler
                0x0000000008003158                EXTI3_IRQHandler
                0x0000000008003158                USB_HP_CAN_TX_IRQHandler
                0x0000000008003158                EXTI0_IRQHandler
                0x0000000008003158                I2C2_EV_IRQHandler
                0x0000000008003158                UsageFault_Handler
                0x0000000008003158                ADC1_2_IRQHandler
                0x0000000008003158                SPI1_IRQHandler
                0x0000000008003158                CAN_SCE_IRQHandler
                0x0000000008003158                TAMPER_IRQHandler
                0x0000000008003158                TIM8_UP_IRQHandler
                0x0000000008003158                DMA2_Channel2_IRQHandler
                0x0000000008003158                USART3_IRQHandler
                0x0000000008003158                RTC_IRQHandler
                0x0000000008003158                DMA1_Channel7_IRQHandler
                0x0000000008003158                UART5_IRQHandler
                0x0000000008003158                ADC3_IRQHandler
                0x0000000008003158                CAN_RX1_IRQHandler
                0x0000000008003158                DMA2_Channel1_IRQHandler
                0x0000000008003158                I2C1_EV_IRQHandler
                0x0000000008003158                DMA1_Channel6_IRQHandler
                0x0000000008003158                UART4_IRQHandler
                0x0000000008003158                TIM3_IRQHandler
                0x0000000008003158                RCC_IRQHandler
                0x0000000008003158                TIM1_TRG_COM_IRQHandler
                0x0000000008003158                DMA1_Channel1_IRQHandler
                0x0000000008003158                Default_Handler
                0x0000000008003158                EXTI15_10_IRQHandler
                0x0000000008003158                TIM7_IRQHandler
                0x0000000008003158                TIM5_IRQHandler
                0x0000000008003158                EXTI9_5_IRQHandler
                0x0000000008003158                SPI2_IRQHandler
                0x0000000008003158                USB_LP_CAN_RX0_IRQHandler
                0x0000000008003158                MemManage_Handler
                0x0000000008003158                SVC_Handler
                0x0000000008003158                DMA1_Channel5_IRQHandler
                0x0000000008003158                EXTI4_IRQHandler
                0x0000000008003158                DMA1_Channel3_IRQHandler
                0x0000000008003158                FSMC_IRQHandler
                0x0000000008003158                TIM1_UP_IRQHandler
                0x0000000008003158                WWDG_IRQHandler
                0x0000000008003158                TIM2_IRQHandler
                0x0000000008003158                TIM1_BRK_IRQHandler
                0x0000000008003158                EXTI1_IRQHandler
                0x0000000008003158                RTCAlarm_IRQHandler
                0x0000000008003158                DMA2_Channel4_5_IRQHandler
                0x0000000008003158                I2C2_ER_IRQHandler
                0x0000000008003158                DMA1_Channel2_IRQHandler
                0x0000000008003158                TIM8_BRK_IRQHandler
                0x0000000008003158                FLASH_IRQHandler
                0x0000000008003158                BusFault_Handler
                0x0000000008003158                SPI3_IRQHandler
                0x0000000008003158                I2C1_ER_IRQHandler
                0x0000000008003158                DMA2_Channel3_IRQHandler
 *fill*         0x000000000800315a        0x2 
 .text.asin     0x000000000800315c       0xb0 /usr/lib/gcc/arm-none-eabi/8.3.0/../../../../arm-none-eabi/lib/thumb/v7-m/nofp/libm.a(lib_a-w_asin.o)
                0x000000000800315c                asin
 .text.atan2    0x000000000800320c        0x4 /usr/lib/gcc/arm-none-eabi/8.3.0/../../../../arm-none-eabi/lib/thumb/v7-m/nofp/libm.a(lib_a-w_atan2.o)
                0x000000000800320c                atan2
 .text.sqrt     0x0000000008003210       0xc0 /usr/lib/gcc/arm-none-eabi/8.3.0/../../../../arm-none-eabi/lib/thumb/v7-m/nofp/libm.a(lib_a-w_sqrt.o)
                0x0000000008003210                sqrt
 .text.__ieee754_asin
                0x00000000080032d0      0x45c /usr/lib/gcc/arm-none-eabi/8.3.0/../../../../arm-none-eabi/lib/thumb/v7-m/nofp/libm.a(lib_a-e_asin.o)
                0x00000000080032d0                __ieee754_asin
 *fill*         0x000000000800372c        0x4 
 .text.__ieee754_atan2
                0x0000000008003730      0x1b4 /usr/lib/gcc/arm-none-eabi/8.3.0/../../../../arm-none-eabi/lib/thumb/v7-m/nofp/libm.a(lib_a-e_atan2.o)
                0x0000000008003730                __ieee754_atan2
 .text.__ieee754_sqrt
                0x00000000080038e4      0x17c /usr/lib/gcc/arm-none-eabi/8.3.0/../../../../arm-none-eabi/lib/thumb/v7-m/nofp/libm.a(lib_a-e_sqrt.o)
                0x00000000080038e4                __ieee754_sqrt
 .text.atan     0x0000000008003a60      0x314 /usr/lib/gcc/arm-none-eabi/8.3.0/../../../../arm-none-eabi/lib/thumb/v7-m/nofp/libm.a(lib_a-s_atan.o)
                0x0000000008003a60                atan
 .text.fabs     0x0000000008003d74        0x8 /usr/lib/gcc/arm-none-eabi/8.3.0/../../../../arm-none-eabi/lib/thumb/v7-m/nofp/libm.a(lib_a-s_fabs.o)
                0x0000000008003d74                fabs
 .text.matherr  0x0000000008003d7c        0x4 /usr/lib/gcc/arm-none-eabi/8.3.0/../../../../arm-none-eabi/lib/thumb/v7-m/nofp/libm.a(lib_a-s_matherr.o)
                0x0000000008003d7c                matherr
 .text.nan      0x0000000008003d80        0xc /usr/lib/gcc/arm-none-eabi/8.3.0/../../../../arm-none-eabi/lib/thumb/v7-m/nofp/libm.a(lib_a-s_nan.o)
                0x0000000008003d80                nan
 .text.atof     0x0000000008003d8c        0x6 /usr/lib/gcc/arm-none-eabi/8.3.0/../../../../arm-none-eabi/lib/thumb/v7-m/nofp/libc_nano.a(lib_a-atof.o)
                0x0000000008003d8c                atof
 *fill*         0x0000000008003d92        0x2 
 .text.__errno  0x0000000008003d94        0xc /usr/lib/gcc/arm-none-eabi/8.3.0/../../../../arm-none-eabi/lib/thumb/v7-m/nofp/libc_nano.a(lib_a-errno.o)
                0x0000000008003d94                __errno
 .text.__libc_init_array
                0x0000000008003da0       0x48 /usr/lib/gcc/arm-none-eabi/8.3.0/../../../../arm-none-eabi/lib/thumb/v7-m/nofp/libc_nano.a(lib_a-init.o)
                0x0000000008003da0                __libc_init_array
 .text.memset   0x0000000008003de8       0x10 /usr/lib/gcc/arm-none-eabi/8.3.0/../../../../arm-none-eabi/lib/thumb/v7-m/nofp/libc_nano.a(lib_a-memset.o)
                0x0000000008003de8                memset
 .text.__cvt    0x0000000008003df8       0xba /usr/lib/gcc/arm-none-eabi/8.3.0/../../../../arm-none-eabi/lib/thumb/v7-m/nofp/libc_nano.a(lib_a-nano-vfprintf_float.o)
                0x0000000008003df8                __cvt
 .text.__exponent
                0x0000000008003eb2       0x66 /usr/lib/gcc/arm-none-eabi/8.3.0/../../../../arm-none-eabi/lib/thumb/v7-m/nofp/libc_nano.a(lib_a-nano-vfprintf_float.o)
                0x0000000008003eb2                __exponent
 .text._printf_float
                0x0000000008003f18      0x43c /usr/lib/gcc/arm-none-eabi/8.3.0/../../../../arm-none-eabi/lib/thumb/v7-m/nofp/libc_nano.a(lib_a-nano-vfprintf_float.o)
                0x0000000008003f18                _printf_float
 .text._printf_common
                0x0000000008004354       0xec /usr/lib/gcc/arm-none-eabi/8.3.0/../../../../arm-none-eabi/lib/thumb/v7-m/nofp/libc_nano.a(lib_a-nano-vfprintf_i.o)
                0x0000000008004354                _printf_common
 .text._printf_i
                0x0000000008004440      0x22c /usr/lib/gcc/arm-none-eabi/8.3.0/../../../../arm-none-eabi/lib/thumb/v7-m/nofp/libc_nano.a(lib_a-nano-vfprintf_i.o)
                0x0000000008004440                _printf_i
 .text.sprintf  0x000000000800466c       0x40 /usr/lib/gcc/arm-none-eabi/8.3.0/../../../../arm-none-eabi/lib/thumb/v7-m/nofp/libc_nano.a(lib_a-sprintf.o)
                0x000000000800466c                sprintf
                0x000000000800466c                siprintf
 .text.strcat   0x00000000080046ac       0x20 /usr/lib/gcc/arm-none-eabi/8.3.0/../../../../arm-none-eabi/lib/thumb/v7-m/nofp/libc_nano.a(lib_a-strcat.o)
                0x00000000080046ac                strcat
 .text.strchr   0x00000000080046cc       0x1a /usr/lib/gcc/arm-none-eabi/8.3.0/../../../../arm-none-eabi/lib/thumb/v7-m/nofp/libc_nano.a(lib_a-strchr.o)
                0x00000000080046cc                strchr
 .text.strcpy   0x00000000080046e6       0x10 /usr/lib/gcc/arm-none-eabi/8.3.0/../../../../arm-none-eabi/lib/thumb/v7-m/nofp/libc_nano.a(lib_a-strcpy.o)
                0x00000000080046e6                strcpy
 .text.strncmp  0x00000000080046f6       0x24 /usr/lib/gcc/arm-none-eabi/8.3.0/../../../../arm-none-eabi/lib/thumb/v7-m/nofp/libc_nano.a(lib_a-strncmp.o)
                0x00000000080046f6                strncmp
 .text.strstr   0x000000000800471a       0x2e /usr/lib/gcc/arm-none-eabi/8.3.0/../../../../arm-none-eabi/lib/thumb/v7-m/nofp/libc_nano.a(lib_a-strstr.o)
                0x000000000800471a                strstr
 .text.sulp     0x0000000008004748       0x42 /usr/lib/gcc/arm-none-eabi/8.3.0/../../../../arm-none-eabi/lib/thumb/v7-m/nofp/libc_nano.a(lib_a-strtod.o)
 *fill*         0x000000000800478a        0x6 
 .text._strtod_l
                0x0000000008004790      0xbf0 /usr/lib/gcc/arm-none-eabi/8.3.0/../../../../arm-none-eabi/lib/thumb/v7-m/nofp/libc_nano.a(lib_a-strtod.o)
                0x0000000008004790                _strtod_l
 .text.strtod   0x0000000008005380       0x18 /usr/lib/gcc/arm-none-eabi/8.3.0/../../../../arm-none-eabi/lib/thumb/v7-m/nofp/libc_nano.a(lib_a-strtod.o)
                0x0000000008005380                strtod
 .text.strupr   0x0000000008005398       0x24 /usr/lib/gcc/arm-none-eabi/8.3.0/../../../../arm-none-eabi/lib/thumb/v7-m/nofp/libc_nano.a(lib_a-strupr.o)
                0x0000000008005398                strupr
 .text.quorem   0x00000000080053bc      0x118 /usr/lib/gcc/arm-none-eabi/8.3.0/../../../../arm-none-eabi/lib/thumb/v7-m/nofp/libc_nano.a(lib_a-dtoa.o)
 *fill*         0x00000000080054d4        0x4 
 .text._dtoa_r  0x00000000080054d8      0xb60 /usr/lib/gcc/arm-none-eabi/8.3.0/../../../../arm-none-eabi/lib/thumb/v7-m/nofp/libc_nano.a(lib_a-dtoa.o)
                0x00000000080054d8                _dtoa_r
 .text.rshift   0x0000000008006038       0x76 /usr/lib/gcc/arm-none-eabi/8.3.0/../../../../arm-none-eabi/lib/thumb/v7-m/nofp/libc_nano.a(lib_a-gdtoa-gethex.o)
 .text.__hexdig_fun
                0x00000000080060ae       0x2a /usr/lib/gcc/arm-none-eabi/8.3.0/../../../../arm-none-eabi/lib/thumb/v7-m/nofp/libc_nano.a(lib_a-gdtoa-gethex.o)
                0x00000000080060ae                __hexdig_fun
 .text.__gethex
                0x00000000080060d8      0x448 /usr/lib/gcc/arm-none-eabi/8.3.0/../../../../arm-none-eabi/lib/thumb/v7-m/nofp/libc_nano.a(lib_a-gdtoa-gethex.o)
                0x00000000080060d8                __gethex
 .text.L_shift  0x0000000008006520       0x24 /usr/lib/gcc/arm-none-eabi/8.3.0/../../../../arm-none-eabi/lib/thumb/v7-m/nofp/libc_nano.a(lib_a-gdtoa-hexnan.o)
 .text.__match  0x0000000008006544       0x28 /usr/lib/gcc/arm-none-eabi/8.3.0/../../../../arm-none-eabi/lib/thumb/v7-m/nofp/libc_nano.a(lib_a-gdtoa-hexnan.o)
                0x0000000008006544                __match
 .text.__hexnan
                0x000000000800656c      0x120 /usr/lib/gcc/arm-none-eabi/8.3.0/../../../../arm-none-eabi/lib/thumb/v7-m/nofp/libc_nano.a(lib_a-gdtoa-hexnan.o)
                0x000000000800656c                __hexnan
 .text._localeconv_r
                0x000000000800668c        0x8 /usr/lib/gcc/arm-none-eabi/8.3.0/../../../../arm-none-eabi/lib/thumb/v7-m/nofp/libc_nano.a(lib_a-localeconv.o)
                0x000000000800668c                _localeconv_r
 .text.malloc   0x0000000008006694       0x10 /usr/lib/gcc/arm-none-eabi/8.3.0/../../../../arm-none-eabi/lib/thumb/v7-m/nofp/libc_nano.a(lib_a-malloc.o)
                0x0000000008006694                malloc
 .text.__ascii_mbtowc
                0x00000000080066a4       0x24 /usr/lib/gcc/arm-none-eabi/8.3.0/../../../../arm-none-eabi/lib/thumb/v7-m/nofp/libc_nano.a(lib_a-mbtowc_r.o)
                0x00000000080066a4                __ascii_mbtowc
 .text.memchr   0x00000000080066c8       0x1c /usr/lib/gcc/arm-none-eabi/8.3.0/../../../../arm-none-eabi/lib/thumb/v7-m/nofp/libc_nano.a(lib_a-memchr-stub.o)
                0x00000000080066c8                memchr
 .text.memcpy   0x00000000080066e4       0x1c /usr/lib/gcc/arm-none-eabi/8.3.0/../../../../arm-none-eabi/lib/thumb/v7-m/nofp/libc_nano.a(lib_a-memcpy-stub.o)
                0x00000000080066e4                memcpy
 .text._Balloc  0x0000000008006700       0x68 /usr/lib/gcc/arm-none-eabi/8.3.0/../../../../arm-none-eabi/lib/thumb/v7-m/nofp/libc_nano.a(lib_a-mprec.o)
                0x0000000008006700                _Balloc
 .text._Bfree   0x0000000008006768       0x2e /usr/lib/gcc/arm-none-eabi/8.3.0/../../../../arm-none-eabi/lib/thumb/v7-m/nofp/libc_nano.a(lib_a-mprec.o)
                0x0000000008006768                _Bfree
 .text.__multadd
                0x0000000008006796       0x76 /usr/lib/gcc/arm-none-eabi/8.3.0/../../../../arm-none-eabi/lib/thumb/v7-m/nofp/libc_nano.a(lib_a-mprec.o)
                0x0000000008006796                __multadd
 .text.__s2b    0x000000000800680c       0x7c /usr/lib/gcc/arm-none-eabi/8.3.0/../../../../arm-none-eabi/lib/thumb/v7-m/nofp/libc_nano.a(lib_a-mprec.o)
                0x000000000800680c                __s2b
 .text.__hi0bits
                0x0000000008006888       0x40 /usr/lib/gcc/arm-none-eabi/8.3.0/../../../../arm-none-eabi/lib/thumb/v7-m/nofp/libc_nano.a(lib_a-mprec.o)
                0x0000000008006888                __hi0bits
 .text.__lo0bits
                0x00000000080068c8       0x60 /usr/lib/gcc/arm-none-eabi/8.3.0/../../../../arm-none-eabi/lib/thumb/v7-m/nofp/libc_nano.a(lib_a-mprec.o)
                0x00000000080068c8                __lo0bits
 .text.__i2b    0x0000000008006928       0x12 /usr/lib/gcc/arm-none-eabi/8.3.0/../../../../arm-none-eabi/lib/thumb/v7-m/nofp/libc_nano.a(lib_a-mprec.o)
                0x0000000008006928                __i2b
 .text.__multiply
                0x000000000800693a      0x11e /usr/lib/gcc/arm-none-eabi/8.3.0/../../../../arm-none-eabi/lib/thumb/v7-m/nofp/libc_nano.a(lib_a-mprec.o)
                0x000000000800693a                __multiply
 .text.__pow5mult
                0x0000000008006a58       0x9c /usr/lib/gcc/arm-none-eabi/8.3.0/../../../../arm-none-eabi/lib/thumb/v7-m/nofp/libc_nano.a(lib_a-mprec.o)
                0x0000000008006a58                __pow5mult
 .text.__lshift
                0x0000000008006af4       0xa6 /usr/lib/gcc/arm-none-eabi/8.3.0/../../../../arm-none-eabi/lib/thumb/v7-m/nofp/libc_nano.a(lib_a-mprec.o)
                0x0000000008006af4                __lshift
 .text.__mcmp   0x0000000008006b9a       0x34 /usr/lib/gcc/arm-none-eabi/8.3.0/../../../../arm-none-eabi/lib/thumb/v7-m/nofp/libc_nano.a(lib_a-mprec.o)
                0x0000000008006b9a                __mcmp
 .text.__mdiff  0x0000000008006bce       0xbc /usr/lib/gcc/arm-none-eabi/8.3.0/../../../../arm-none-eabi/lib/thumb/v7-m/nofp/libc_nano.a(lib_a-mprec.o)
                0x0000000008006bce                __mdiff
 *fill*         0x0000000008006c8a        0x2 
 .text.__ulp    0x0000000008006c8c       0x44 /usr/lib/gcc/arm-none-eabi/8.3.0/../../../../arm-none-eabi/lib/thumb/v7-m/nofp/libc_nano.a(lib_a-mprec.o)
                0x0000000008006c8c                __ulp
 .text.__b2d    0x0000000008006cd0       0xa8 /usr/lib/gcc/arm-none-eabi/8.3.0/../../../../arm-none-eabi/lib/thumb/v7-m/nofp/libc_nano.a(lib_a-mprec.o)
                0x0000000008006cd0                __b2d
 .text.__d2b    0x0000000008006d78       0x9c /usr/lib/gcc/arm-none-eabi/8.3.0/../../../../arm-none-eabi/lib/thumb/v7-m/nofp/libc_nano.a(lib_a-mprec.o)
                0x0000000008006d78                __d2b
 .text.__ratio  0x0000000008006e14       0x5c /usr/lib/gcc/arm-none-eabi/8.3.0/../../../../arm-none-eabi/lib/thumb/v7-m/nofp/libc_nano.a(lib_a-mprec.o)
                0x0000000008006e14                __ratio
 .text.__copybits
                0x0000000008006e70       0x34 /usr/lib/gcc/arm-none-eabi/8.3.0/../../../../arm-none-eabi/lib/thumb/v7-m/nofp/libc_nano.a(lib_a-mprec.o)
                0x0000000008006e70                __copybits
 .text.__any_on
                0x0000000008006ea4       0x42 /usr/lib/gcc/arm-none-eabi/8.3.0/../../../../arm-none-eabi/lib/thumb/v7-m/nofp/libc_nano.a(lib_a-mprec.o)
                0x0000000008006ea4                __any_on
 .text._calloc_r
                0x0000000008006ee6       0x1c /usr/lib/gcc/arm-none-eabi/8.3.0/../../../../arm-none-eabi/lib/thumb/v7-m/nofp/libc_nano.a(lib_a-nano-callocr.o)
                0x0000000008006ee6                _calloc_r
 *fill*         0x0000000008006f02        0x2 
 .text._free_r  0x0000000008006f04       0x98 /usr/lib/gcc/arm-none-eabi/8.3.0/../../../../arm-none-eabi/lib/thumb/v7-m/nofp/libc_nano.a(lib_a-nano-freer.o)
                0x0000000008006f04                _free_r
 .text._malloc_r
                0x0000000008006f9c       0xb4 /usr/lib/gcc/arm-none-eabi/8.3.0/../../../../arm-none-eabi/lib/thumb/v7-m/nofp/libc_nano.a(lib_a-nano-mallocr.o)
                0x0000000008006f9c                _malloc_r
 .text.__ssputs_r
                0x0000000008007050       0xb6 /usr/lib/gcc/arm-none-eabi/8.3.0/../../../../arm-none-eabi/lib/thumb/v7-m/nofp/libc_nano.a(lib_a-nano-svfprintf.o)
                0x0000000008007050                __ssputs_r
 *fill*         0x0000000008007106        0x2 
 .text._svfprintf_r
                0x0000000008007108      0x1f0 /usr/lib/gcc/arm-none-eabi/8.3.0/../../../../arm-none-eabi/lib/thumb/v7-m/nofp/libc_nano.a(lib_a-nano-svfprintf.o)
                0x0000000008007108                _svfprintf_r
                0x0000000008007108                _svfiprintf_r
 .text._sbrk_r  0x00000000080072f8       0x20 /usr/lib/gcc/arm-none-eabi/8.3.0/../../../../arm-none-eabi/lib/thumb/v7-m/nofp/libc_nano.a(lib_a-sbrkr.o)
                0x00000000080072f8                _sbrk_r
 .text.__ascii_wctomb
                0x0000000008007318       0x1a /usr/lib/gcc/arm-none-eabi/8.3.0/../../../../arm-none-eabi/lib/thumb/v7-m/nofp/libc_nano.a(lib_a-wctomb_r.o)
                0x0000000008007318                __ascii_wctomb
 .text.memmove  0x0000000008007332       0x34 /usr/lib/gcc/arm-none-eabi/8.3.0/../../../../arm-none-eabi/lib/thumb/v7-m/nofp/libc_nano.a(lib_a-memmove.o)
                0x0000000008007332                memmove
 .text.__malloc_lock
                0x0000000008007366        0x2 /usr/lib/gcc/arm-none-eabi/8.3.0/../../../../arm-none-eabi/lib/thumb/v7-m/nofp/libc_nano.a(lib_a-mlock.o)
                0x0000000008007366                __malloc_lock
 .text.__malloc_unlock
                0x0000000008007368        0x2 /usr/lib/gcc/arm-none-eabi/8.3.0/../../../../arm-none-eabi/lib/thumb/v7-m/nofp/libc_nano.a(lib_a-mlock.o)
                0x0000000008007368                __malloc_unlock
 .text._realloc_r
                0x000000000800736a       0x4c /usr/lib/gcc/arm-none-eabi/8.3.0/../../../../arm-none-eabi/lib/thumb/v7-m/nofp/libc_nano.a(lib_a-nano-reallocr.o)
                0x000000000800736a                _realloc_r
 .text._malloc_usable_size_r
                0x00000000080073b6       0x10 /usr/lib/gcc/arm-none-eabi/8.3.0/../../../../arm-none-eabi/lib/thumb/v7-m/nofp/libc_nano.a(lib_a-nano-msizer.o)
                0x00000000080073b6                _malloc_usable_size_r
 .text.__fixdfdi
                0x00000000080073c6       0x32 /usr/lib/gcc/arm-none-eabi/8.3.0/thumb/v7-m/nofp/libgcc.a(_fixdfdi.o)
                0x00000000080073c6                __aeabi_d2lz
                0x00000000080073c6                __fixdfdi
 .text.__fixunsdfdi
                0x00000000080073f8       0x3c /usr/lib/gcc/arm-none-eabi/8.3.0/thumb/v7-m/nofp/libgcc.a(_fixunsdfdi.o)
                0x00000000080073f8                __aeabi_d2ulz
                0x00000000080073f8                __fixunsdfdi
 .text._sbrk    0x0000000008007434       0x1c /usr/lib/gcc/arm-none-eabi/8.3.0/../../../../arm-none-eabi/lib/thumb/v7-m/nofp/libnosys.a(sbrk.o)
                0x0000000008007434                _sbrk
 *(.glue_7)
 .glue_7        0x0000000008007450        0x0 linker stubs
 *(.glue_7t)
 .glue_7t       0x0000000008007450        0x0 linker stubs
 *(.eh_frame)
 .eh_frame      0x0000000008007450        0x0 /usr/lib/gcc/arm-none-eabi/8.3.0/thumb/v7-m/nofp/crtbegin.o
 *(.init)
 .init          0x0000000008007450        0x4 /usr/lib/gcc/arm-none-eabi/8.3.0/thumb/v7-m/nofp/crti.o
                0x0000000008007450                _init
 .init          0x0000000008007454        0x8 /usr/lib/gcc/arm-none-eabi/8.3.0/thumb/v7-m/nofp/crtn.o
 *(.fini)
 .fini          0x000000000800745c        0x4 /usr/lib/gcc/arm-none-eabi/8.3.0/thumb/v7-m/nofp/crti.o
                0x000000000800745c                _fini
 .fini          0x0000000008007460        0x8 /usr/lib/gcc/arm-none-eabi/8.3.0/thumb/v7-m/nofp/crtn.o
                0x0000000008007468                . = ALIGN (0x4)
                0x0000000008007468                _etext = .

.vfp11_veneer   0x0000000008007468        0x0
 .vfp11_veneer  0x0000000008007468        0x0 linker stubs

.v4_bx          0x0000000008007468        0x0
 .v4_bx         0x0000000008007468        0x0 linker stubs

.iplt           0x0000000008007468        0x0
 .iplt          0x0000000008007468        0x0 /usr/lib/gcc/arm-none-eabi/8.3.0/thumb/v7-m/nofp/crtbegin.o

.rodata         0x0000000008007468      0x3c0
                0x0000000008007468                . = ALIGN (0x4)
 *(.rodata)
 .rodata        0x0000000008007468       0x74 src/main.o
 .rodata        0x00000000080074dc       0x36 src/usart_cmd.o
 *(.rodata*)
 *fill*         0x0000000008007512        0x2 
 .rodata.asin.str1.4
                0x0000000008007514        0x5 /usr/lib/gcc/arm-none-eabi/8.3.0/../../../../arm-none-eabi/lib/thumb/v7-m/nofp/libm.a(lib_a-w_asin.o)
                                          0x9 (size before relaxing)
 *fill*         0x0000000008007519        0x3 
 .rodata.sqrt.str1.4
                0x000000000800751c        0x8 /usr/lib/gcc/arm-none-eabi/8.3.0/../../../../arm-none-eabi/lib/thumb/v7-m/nofp/libm.a(lib_a-w_sqrt.o)
                                          0x5 (size before relaxing)
 *fill*         0x0000000008007524        0x4 
 .rodata.atanhi
                0x0000000008007528       0x20 /usr/lib/gcc/arm-none-eabi/8.3.0/../../../../arm-none-eabi/lib/thumb/v7-m/nofp/libm.a(lib_a-s_atan.o)
 .rodata.atanlo
                0x0000000008007548       0x20 /usr/lib/gcc/arm-none-eabi/8.3.0/../../../../arm-none-eabi/lib/thumb/v7-m/nofp/libm.a(lib_a-s_atan.o)
 .rodata._printf_float.str1.1
                0x0000000008007568       0x12 /usr/lib/gcc/arm-none-eabi/8.3.0/../../../../arm-none-eabi/lib/thumb/v7-m/nofp/libc_nano.a(lib_a-nano-vfprintf_float.o)
 .rodata._printf_i.str1.1
                0x000000000800757a       0x22 /usr/lib/gcc/arm-none-eabi/8.3.0/../../../../arm-none-eabi/lib/thumb/v7-m/nofp/libc_nano.a(lib_a-nano-vfprintf_i.o)
 .rodata._strtod_l.str1.1
                0x000000000800759c       0x22 /usr/lib/gcc/arm-none-eabi/8.3.0/../../../../arm-none-eabi/lib/thumb/v7-m/nofp/libc_nano.a(lib_a-strtod.o)
                                          0xd (size before relaxing)
 .rodata.fpi.6203
                0x000000000800759c       0x14 /usr/lib/gcc/arm-none-eabi/8.3.0/../../../../arm-none-eabi/lib/thumb/v7-m/nofp/libc_nano.a(lib_a-strtod.o)
 .rodata.fpinan.6239
                0x00000000080075b0       0x14 /usr/lib/gcc/arm-none-eabi/8.3.0/../../../../arm-none-eabi/lib/thumb/v7-m/nofp/libc_nano.a(lib_a-strtod.o)
 *fill*         0x00000000080075c4        0x4 
 .rodata.tinytens
                0x00000000080075c8       0x28 /usr/lib/gcc/arm-none-eabi/8.3.0/../../../../arm-none-eabi/lib/thumb/v7-m/nofp/libc_nano.a(lib_a-strtod.o)
 .rodata._ctype_
                0x00000000080075f0      0x101 /usr/lib/gcc/arm-none-eabi/8.3.0/../../../../arm-none-eabi/lib/thumb/v7-m/nofp/libc_nano.a(lib_a-ctype_.o)
                0x00000000080075f0                _ctype_
 .rodata._dtoa_r.str1.1
                0x00000000080076f1        0xd /usr/lib/gcc/arm-none-eabi/8.3.0/../../../../arm-none-eabi/lib/thumb/v7-m/nofp/libc_nano.a(lib_a-dtoa.o)
                                          0xf (size before relaxing)
 *fill*         0x00000000080076fe        0x2 
 .rodata._C_numeric_locale
                0x0000000008007700        0xc /usr/lib/gcc/arm-none-eabi/8.3.0/../../../../arm-none-eabi/lib/thumb/v7-m/nofp/libc_nano.a(lib_a-lnumeric.o)
                0x0000000008007700                _C_numeric_locale
 .rodata.str1.1
                0x000000000800770c        0x2 /usr/lib/gcc/arm-none-eabi/8.3.0/../../../../arm-none-eabi/lib/thumb/v7-m/nofp/libc_nano.a(lib_a-lnumeric.o)
                                          0x3 (size before relaxing)
 .rodata._setlocale_r.str1.1
                0x000000000800770e        0x8 /usr/lib/gcc/arm-none-eabi/8.3.0/../../../../arm-none-eabi/lib/thumb/v7-m/nofp/libc_nano.a(lib_a-locale.o)
                                          0x9 (size before relaxing)
 .rodata.str1.1
                0x0000000008007716        0x2 /usr/lib/gcc/arm-none-eabi/8.3.0/../../../../arm-none-eabi/lib/thumb/v7-m/nofp/libc_nano.a(lib_a-locale.o)
 *fill*         0x0000000008007716        0x2 
 .rodata.__mprec_bigtens
                0x0000000008007718       0x28 /usr/lib/gcc/arm-none-eabi/8.3.0/../../../../arm-none-eabi/lib/thumb/v7-m/nofp/libc_nano.a(lib_a-mprec.o)
                0x0000000008007718                __mprec_bigtens
 .rodata.__mprec_tens
                0x0000000008007740       0xc8 /usr/lib/gcc/arm-none-eabi/8.3.0/../../../../arm-none-eabi/lib/thumb/v7-m/nofp/libc_nano.a(lib_a-mprec.o)
                0x0000000008007740                __mprec_tens
 .rodata.p05.6127
                0x0000000008007808        0xc /usr/lib/gcc/arm-none-eabi/8.3.0/../../../../arm-none-eabi/lib/thumb/v7-m/nofp/libc_nano.a(lib_a-mprec.o)
 .rodata._svfprintf_r.str1.1
                0x0000000008007814       0x11 /usr/lib/gcc/arm-none-eabi/8.3.0/../../../../arm-none-eabi/lib/thumb/v7-m/nofp/libc_nano.a(lib_a-nano-svfprintf.o)
                0x0000000008007828                . = ALIGN (0x4)
 *fill*         0x0000000008007825        0x3 

.rel.dyn        0x0000000008007828        0x0
 .rel.iplt      0x0000000008007828        0x0 /usr/lib/gcc/arm-none-eabi/8.3.0/thumb/v7-m/nofp/crtbegin.o

.ARM.extab      0x0000000008007828        0x0
                0x0000000008007828                . = ALIGN (0x4)
 *(.ARM.extab* .gnu.linkonce.armextab.*)
                0x0000000008007828                . = ALIGN (0x4)

.ARM            0x0000000008007828        0x0
                0x0000000008007828                . = ALIGN (0x4)
                0x0000000008007828                __exidx_start = .
 *(.ARM.exidx*)
                0x0000000008007828                __exidx_end = .
                0x0000000008007828                . = ALIGN (0x4)

.preinit_array  0x0000000008007828        0x0
                0x0000000008007828                . = ALIGN (0x4)
                0x0000000008007828                PROVIDE (__preinit_array_start = .)
 *(.preinit_array*)
                0x0000000008007828                PROVIDE (__preinit_array_end = .)
                0x0000000008007828                . = ALIGN (0x4)

.init_array     0x0000000008007828        0x4
                0x0000000008007828                . = ALIGN (0x4)
                0x0000000008007828                PROVIDE (__init_array_start = .)
 *(SORT_BY_NAME(.init_array.*))
 *(.init_array*)
 .init_array    0x0000000008007828        0x4 /usr/lib/gcc/arm-none-eabi/8.3.0/thumb/v7-m/nofp/crtbegin.o
                0x000000000800782c                PROVIDE (__init_array_end = .)
                0x000000000800782c                . = ALIGN (0x4)

.fini_array     0x000000000800782c        0x4
                0x000000000800782c                . = ALIGN (0x4)
                0x000000000800782c                PROVIDE (__fini_array_start = .)
 *(SORT_BY_NAME(.fini_array.*))
 *(.fini_array*)
 .fini_array    0x000000000800782c        0x4 /usr/lib/gcc/arm-none-eabi/8.3.0/thumb/v7-m/nofp/crtbegin.o
                0x0000000008007830                PROVIDE (__fini_array_end = .)
                0x0000000008007830                . = ALIGN (0x4)
                0x0000000008007830                _sidata = LOADADDR (.data)

.data           0x0000000020000000      0x1f8 load address 0x0000000008007830
                0x0000000020000000                . = ALIGN (0x4)
                0x0000000020000000                _sdata = .
 *(.data)
 .data          0x0000000020000000       0x14 StdPeriph_Driver/src/stm32f10x_rcc.o
 *fill*         0x0000000020000014        0x4 
 .data          0x0000000020000018        0x8 src/main.o
                0x0000000020000018                K_P
 *(.data*)
 .data.__fdlib_version
                0x0000000020000020        0x1 /usr/lib/gcc/arm-none-eabi/8.3.0/../../../../arm-none-eabi/lib/thumb/v7-m/nofp/libm.a(lib_a-s_lib_ver.o)
                0x0000000020000020                __fdlib_version
 *fill*         0x0000000020000021        0x3 
 .data._impure_ptr
                0x0000000020000024        0x4 /usr/lib/gcc/arm-none-eabi/8.3.0/../../../../arm-none-eabi/lib/thumb/v7-m/nofp/libc_nano.a(lib_a-impure.o)
                0x0000000020000024                _impure_ptr
 .data.impure_data
                0x0000000020000028       0x60 /usr/lib/gcc/arm-none-eabi/8.3.0/../../../../arm-none-eabi/lib/thumb/v7-m/nofp/libc_nano.a(lib_a-impure.o)
 .data.numempty
                0x0000000020000088        0x2 /usr/lib/gcc/arm-none-eabi/8.3.0/../../../../arm-none-eabi/lib/thumb/v7-m/nofp/libc_nano.a(lib_a-lnumeric.o)
 *fill*         0x000000002000008a        0x2 
 .data.__global_locale
                0x000000002000008c      0x16c /usr/lib/gcc/arm-none-eabi/8.3.0/../../../../arm-none-eabi/lib/thumb/v7-m/nofp/libc_nano.a(lib_a-locale.o)
                0x000000002000008c                __global_locale
                0x00000000200001f8                . = ALIGN (0x4)
                0x00000000200001f8                _edata = .

.igot.plt       0x00000000200001f8        0x0 load address 0x0000000008007a28
 .igot.plt      0x00000000200001f8        0x0 /usr/lib/gcc/arm-none-eabi/8.3.0/thumb/v7-m/nofp/crtbegin.o
                0x00000000200001f8                . = ALIGN (0x4)

.bss            0x00000000200001f8      0x34c load address 0x0000000008007a28
                0x00000000200001f8                _sbss = .
                0x00000000200001f8                __bss_start__ = _sbss
 *(.bss)
 .bss           0x00000000200001f8       0x50 src/initial.o
                0x00000000200001f8                buffer
 .bss           0x0000000020000248       0xc2 src/main.o
                0x0000000020000248                RX_FLAG_END_LINE
                0x0000000020000249                RX_FLAG_READ_END
                0x000000002000024c                RX_BUF
                0x000000002000029c                RX_BUF2
                0x00000000200002ec                I2C_FLAG_READ
                0x00000000200002ed                state
                0x00000000200002ee                timer
                0x00000000200002ef                MPtrig
                0x00000000200002f0                dt
                0x00000000200002f8                K_I
                0x0000000020000300                K_D
                0x0000000020000308                pidstate
                0x0000000020000309                pidcount
 *(.bss*)
 .bss.completed.8859
                0x000000002000030a        0x1 /usr/lib/gcc/arm-none-eabi/8.3.0/thumb/v7-m/nofp/crtbegin.o
 *fill*         0x000000002000030b        0x1 
 .bss.object.8864
                0x000000002000030c       0x18 /usr/lib/gcc/arm-none-eabi/8.3.0/thumb/v7-m/nofp/crtbegin.o
 .bss.__malloc_free_list
                0x0000000020000324        0x4 /usr/lib/gcc/arm-none-eabi/8.3.0/../../../../arm-none-eabi/lib/thumb/v7-m/nofp/libc_nano.a(lib_a-nano-mallocr.o)
                0x0000000020000324                __malloc_free_list
 .bss.__malloc_sbrk_start
                0x0000000020000328        0x4 /usr/lib/gcc/arm-none-eabi/8.3.0/../../../../arm-none-eabi/lib/thumb/v7-m/nofp/libc_nano.a(lib_a-nano-mallocr.o)
                0x0000000020000328                __malloc_sbrk_start
 .bss.heap_end.4194
                0x000000002000032c        0x4 /usr/lib/gcc/arm-none-eabi/8.3.0/../../../../arm-none-eabi/lib/thumb/v7-m/nofp/libnosys.a(sbrk.o)
 *(COMMON)
 COMMON         0x0000000020000330       0x4c src/initial.o
                0x0000000020000330                PWM2
                0x0000000020000334                timerPWM3
                0x0000000020000344                PWM4
                0x0000000020000346                PWM3
                0x0000000020000348                timerPWM2
                0x0000000020000358                PWM1
                0x000000002000035c                timerPWM1
                0x000000002000036c                timerPWM4
 *fill*         0x000000002000037c        0x4 
 COMMON         0x0000000020000380      0x18c src/main.o
                0x0000000020000380                RXc2
                0x0000000020000384                t_next
                0x0000000020000388                UCMD
                0x0000000020000390                g
                0x00000000200003a8                p_next
                0x00000000200003b0                r
                0x00000000200003c8                PID_out
                0x00000000200003d0                buffer_str_t
                0x0000000020000420                temp_ed
                0x0000000020000428                angle_cpl
                0x000000002000042c                MPcounter
                0x000000002000042e                RXc
                0x000000002000042f                RXi
                0x0000000020000430                referenceValue
                0x0000000020000438                angle_gx
                0x0000000020000440                buffer_str
                0x00000000200004b8                measurementValue
                0x00000000200004c0                angle_ax
                0x00000000200004c8                q
                0x00000000200004e8                RXi2
                0x00000000200004f0                ypr
                0x0000000020000508                last_ay
 *fill*         0x000000002000050c        0x4 
 COMMON         0x0000000020000510       0x30 src/pid.o
                0x0000000020000510                pidData
 COMMON         0x0000000020000540        0x4 /usr/lib/gcc/arm-none-eabi/8.3.0/../../../../arm-none-eabi/lib/thumb/v7-m/nofp/libc_nano.a(lib_a-reent.o)
                0x0000000020000540                errno
                0x0000000020000544                . = ALIGN (0x4)
                0x0000000020000544                _ebss = .
                0x0000000020000544                __bss_end__ = _ebss

._user_heap_stack
                0x0000000020000544      0x404 load address 0x0000000008007a28
                0x0000000020000548                . = ALIGN (0x8)
 *fill*         0x0000000020000544        0x4 
                0x0000000020000548                PROVIDE (end = .)
                [!provide]                        PROVIDE (_end = .)
                0x0000000020000548                . = (. + _Min_Heap_Size)
                0x0000000020000948                . = (. + _Min_Stack_Size)
 *fill*         0x0000000020000548      0x400 
                0x0000000020000948                . = ALIGN (0x8)

/DISCARD/
 libc.a(*)
 libm.a(*)
 libgcc.a(*)

.ARM.attributes
                0x0000000000000000       0x29
 *(.ARM.attributes)
 .ARM.attributes
                0x0000000000000000       0x1d /usr/lib/gcc/arm-none-eabi/8.3.0/thumb/v7-m/nofp/crti.o
 .ARM.attributes
                0x000000000000001d       0x2d /usr/lib/gcc/arm-none-eabi/8.3.0/thumb/v7-m/nofp/crtbegin.o
 .ARM.attributes
                0x000000000000004a       0x33 StdPeriph_Driver/src/misc.o
 .ARM.attributes
                0x000000000000007d       0x33 StdPeriph_Driver/src/stm32f10x_dma.o
 .ARM.attributes
                0x00000000000000b0       0x33 StdPeriph_Driver/src/stm32f10x_flash.o
 .ARM.attributes
                0x00000000000000e3       0x33 StdPeriph_Driver/src/stm32f10x_gpio.o
 .ARM.attributes
                0x0000000000000116       0x33 StdPeriph_Driver/src/stm32f10x_rcc.o
 .ARM.attributes
                0x0000000000000149       0x33 StdPeriph_Driver/src/stm32f10x_tim.o
 .ARM.attributes
                0x000000000000017c       0x33 StdPeriph_Driver/src/stm32f10x_usart.o
 .ARM.attributes
                0x00000000000001af       0x2d src/initial.o
 .ARM.attributes
                0x00000000000001dc       0x2d src/main.o
 .ARM.attributes
                0x0000000000000209       0x2d src/pid.o
 .ARM.attributes
                0x0000000000000236       0x33 src/usart_cmd.o
 .ARM.attributes
                0x0000000000000269       0x21 startup/startup_stm32.o
 .ARM.attributes
                0x000000000000028a       0x2d /usr/lib/gcc/arm-none-eabi/8.3.0/../../../../arm-none-eabi/lib/thumb/v7-m/nofp/libm.a(lib_a-w_asin.o)
 .ARM.attributes
                0x00000000000002b7       0x2d /usr/lib/gcc/arm-none-eabi/8.3.0/../../../../arm-none-eabi/lib/thumb/v7-m/nofp/libm.a(lib_a-w_atan2.o)
 .ARM.attributes
                0x00000000000002e4       0x2d /usr/lib/gcc/arm-none-eabi/8.3.0/../../../../arm-none-eabi/lib/thumb/v7-m/nofp/libm.a(lib_a-w_sqrt.o)
 .ARM.attributes
                0x0000000000000311       0x2d /usr/lib/gcc/arm-none-eabi/8.3.0/../../../../arm-none-eabi/lib/thumb/v7-m/nofp/libm.a(lib_a-e_asin.o)
 .ARM.attributes
                0x000000000000033e       0x2d /usr/lib/gcc/arm-none-eabi/8.3.0/../../../../arm-none-eabi/lib/thumb/v7-m/nofp/libm.a(lib_a-e_atan2.o)
 .ARM.attributes
                0x000000000000036b       0x2d /usr/lib/gcc/arm-none-eabi/8.3.0/../../../../arm-none-eabi/lib/thumb/v7-m/nofp/libm.a(lib_a-e_sqrt.o)
 .ARM.attributes
                0x0000000000000398       0x2d /usr/lib/gcc/arm-none-eabi/8.3.0/../../../../arm-none-eabi/lib/thumb/v7-m/nofp/libm.a(lib_a-s_atan.o)
 .ARM.attributes
                0x00000000000003c5       0x2d /usr/lib/gcc/arm-none-eabi/8.3.0/../../../../arm-none-eabi/lib/thumb/v7-m/nofp/libm.a(lib_a-s_fabs.o)
 .ARM.attributes
                0x00000000000003f2       0x2d /usr/lib/gcc/arm-none-eabi/8.3.0/../../../../arm-none-eabi/lib/thumb/v7-m/nofp/libm.a(lib_a-s_lib_ver.o)
 .ARM.attributes
                0x000000000000041f       0x2d /usr/lib/gcc/arm-none-eabi/8.3.0/../../../../arm-none-eabi/lib/thumb/v7-m/nofp/libm.a(lib_a-s_matherr.o)
 .ARM.attributes
                0x000000000000044c       0x2d /usr/lib/gcc/arm-none-eabi/8.3.0/../../../../arm-none-eabi/lib/thumb/v7-m/nofp/libm.a(lib_a-s_nan.o)
 .ARM.attributes
                0x0000000000000479       0x1d /usr/lib/gcc/arm-none-eabi/8.3.0/thumb/v7-m/nofp/libgcc.a(_arm_addsubdf3.o)
 .ARM.attributes
                0x0000000000000496       0x1d /usr/lib/gcc/arm-none-eabi/8.3.0/thumb/v7-m/nofp/libgcc.a(_arm_muldivdf3.o)
 .ARM.attributes
                0x00000000000004b3       0x1d /usr/lib/gcc/arm-none-eabi/8.3.0/thumb/v7-m/nofp/libgcc.a(_arm_cmpdf2.o)
 .ARM.attributes
                0x00000000000004d0       0x1d /usr/lib/gcc/arm-none-eabi/8.3.0/thumb/v7-m/nofp/libgcc.a(_arm_unorddf2.o)
 .ARM.attributes
                0x00000000000004ed       0x1d /usr/lib/gcc/arm-none-eabi/8.3.0/thumb/v7-m/nofp/libgcc.a(_arm_fixunsdfsi.o)
 .ARM.attributes
                0x000000000000050a       0x2d /usr/lib/gcc/arm-none-eabi/8.3.0/../../../../arm-none-eabi/lib/thumb/v7-m/nofp/libc_nano.a(lib_a-atof.o)
 .ARM.attributes
                0x0000000000000537       0x2d /usr/lib/gcc/arm-none-eabi/8.3.0/../../../../arm-none-eabi/lib/thumb/v7-m/nofp/libc_nano.a(lib_a-errno.o)
 .ARM.attributes
                0x0000000000000564       0x2d /usr/lib/gcc/arm-none-eabi/8.3.0/../../../../arm-none-eabi/lib/thumb/v7-m/nofp/libc_nano.a(lib_a-impure.o)
 .ARM.attributes
                0x0000000000000591       0x2d /usr/lib/gcc/arm-none-eabi/8.3.0/../../../../arm-none-eabi/lib/thumb/v7-m/nofp/libc_nano.a(lib_a-init.o)
 .ARM.attributes
                0x00000000000005be       0x2d /usr/lib/gcc/arm-none-eabi/8.3.0/../../../../arm-none-eabi/lib/thumb/v7-m/nofp/libc_nano.a(lib_a-memset.o)
 .ARM.attributes
                0x00000000000005eb       0x2d /usr/lib/gcc/arm-none-eabi/8.3.0/../../../../arm-none-eabi/lib/thumb/v7-m/nofp/libc_nano.a(lib_a-nano-vfprintf_float.o)
 .ARM.attributes
                0x0000000000000618       0x2d /usr/lib/gcc/arm-none-eabi/8.3.0/../../../../arm-none-eabi/lib/thumb/v7-m/nofp/libc_nano.a(lib_a-nano-vfprintf_i.o)
 .ARM.attributes
                0x0000000000000645       0x2d /usr/lib/gcc/arm-none-eabi/8.3.0/../../../../arm-none-eabi/lib/thumb/v7-m/nofp/libc_nano.a(lib_a-sprintf.o)
 .ARM.attributes
                0x0000000000000672       0x2d /usr/lib/gcc/arm-none-eabi/8.3.0/../../../../arm-none-eabi/lib/thumb/v7-m/nofp/libc_nano.a(lib_a-strcat.o)
 .ARM.attributes
                0x000000000000069f       0x2d /usr/lib/gcc/arm-none-eabi/8.3.0/../../../../arm-none-eabi/lib/thumb/v7-m/nofp/libc_nano.a(lib_a-strchr.o)
 .ARM.attributes
                0x00000000000006cc       0x2d /usr/lib/gcc/arm-none-eabi/8.3.0/../../../../arm-none-eabi/lib/thumb/v7-m/nofp/libc_nano.a(lib_a-strcpy.o)
 .ARM.attributes
                0x00000000000006f9       0x17 /usr/lib/gcc/arm-none-eabi/8.3.0/../../../../arm-none-eabi/lib/thumb/v7-m/nofp/libc_nano.a(lib_a-strlen.o)
 .ARM.attributes
                0x0000000000000710       0x2d /usr/lib/gcc/arm-none-eabi/8.3.0/../../../../arm-none-eabi/lib/thumb/v7-m/nofp/libc_nano.a(lib_a-strncmp.o)
 .ARM.attributes
                0x000000000000073d       0x2d /usr/lib/gcc/arm-none-eabi/8.3.0/../../../../arm-none-eabi/lib/thumb/v7-m/nofp/libc_nano.a(lib_a-strstr.o)
 .ARM.attributes
                0x000000000000076a       0x2d /usr/lib/gcc/arm-none-eabi/8.3.0/../../../../arm-none-eabi/lib/thumb/v7-m/nofp/libc_nano.a(lib_a-strtod.o)
 .ARM.attributes
                0x0000000000000797       0x2d /usr/lib/gcc/arm-none-eabi/8.3.0/../../../../arm-none-eabi/lib/thumb/v7-m/nofp/libc_nano.a(lib_a-strupr.o)
 .ARM.attributes
                0x00000000000007c4       0x2d /usr/lib/gcc/arm-none-eabi/8.3.0/../../../../arm-none-eabi/lib/thumb/v7-m/nofp/libc_nano.a(lib_a-ctype_.o)
 .ARM.attributes
                0x00000000000007f1       0x2d /usr/lib/gcc/arm-none-eabi/8.3.0/../../../../arm-none-eabi/lib/thumb/v7-m/nofp/libc_nano.a(lib_a-dtoa.o)
 .ARM.attributes
                0x000000000000081e       0x2d /usr/lib/gcc/arm-none-eabi/8.3.0/../../../../arm-none-eabi/lib/thumb/v7-m/nofp/libc_nano.a(lib_a-gdtoa-gethex.o)
 .ARM.attributes
                0x000000000000084b       0x2d /usr/lib/gcc/arm-none-eabi/8.3.0/../../../../arm-none-eabi/lib/thumb/v7-m/nofp/libc_nano.a(lib_a-gdtoa-hexnan.o)
 .ARM.attributes
                0x0000000000000878       0x2d /usr/lib/gcc/arm-none-eabi/8.3.0/../../../../arm-none-eabi/lib/thumb/v7-m/nofp/libc_nano.a(lib_a-lnumeric.o)
 .ARM.attributes
                0x00000000000008a5       0x2d /usr/lib/gcc/arm-none-eabi/8.3.0/../../../../arm-none-eabi/lib/thumb/v7-m/nofp/libc_nano.a(lib_a-localeconv.o)
 .ARM.attributes
                0x00000000000008d2       0x2d /usr/lib/gcc/arm-none-eabi/8.3.0/../../../../arm-none-eabi/lib/thumb/v7-m/nofp/libc_nano.a(lib_a-locale.o)
 .ARM.attributes
                0x00000000000008ff       0x2d /usr/lib/gcc/arm-none-eabi/8.3.0/../../../../arm-none-eabi/lib/thumb/v7-m/nofp/libc_nano.a(lib_a-malloc.o)
 .ARM.attributes
                0x000000000000092c       0x2d /usr/lib/gcc/arm-none-eabi/8.3.0/../../../../arm-none-eabi/lib/thumb/v7-m/nofp/libc_nano.a(lib_a-mbtowc_r.o)
 .ARM.attributes
                0x0000000000000959       0x2d /usr/lib/gcc/arm-none-eabi/8.3.0/../../../../arm-none-eabi/lib/thumb/v7-m/nofp/libc_nano.a(lib_a-memchr-stub.o)
 .ARM.attributes
                0x0000000000000986       0x2d /usr/lib/gcc/arm-none-eabi/8.3.0/../../../../arm-none-eabi/lib/thumb/v7-m/nofp/libc_nano.a(lib_a-memcpy-stub.o)
 .ARM.attributes
                0x00000000000009b3       0x2d /usr/lib/gcc/arm-none-eabi/8.3.0/../../../../arm-none-eabi/lib/thumb/v7-m/nofp/libc_nano.a(lib_a-mprec.o)
 .ARM.attributes
                0x00000000000009e0       0x2d /usr/lib/gcc/arm-none-eabi/8.3.0/../../../../arm-none-eabi/lib/thumb/v7-m/nofp/libc_nano.a(lib_a-nano-callocr.o)
 .ARM.attributes
                0x0000000000000a0d       0x2d /usr/lib/gcc/arm-none-eabi/8.3.0/../../../../arm-none-eabi/lib/thumb/v7-m/nofp/libc_nano.a(lib_a-nano-freer.o)
 .ARM.attributes
                0x0000000000000a3a       0x2d /usr/lib/gcc/arm-none-eabi/8.3.0/../../../../arm-none-eabi/lib/thumb/v7-m/nofp/libc_nano.a(lib_a-nano-mallocr.o)
 .ARM.attributes
                0x0000000000000a67       0x2d /usr/lib/gcc/arm-none-eabi/8.3.0/../../../../arm-none-eabi/lib/thumb/v7-m/nofp/libc_nano.a(lib_a-nano-svfprintf.o)
 .ARM.attributes
                0x0000000000000a94       0x2d /usr/lib/gcc/arm-none-eabi/8.3.0/../../../../arm-none-eabi/lib/thumb/v7-m/nofp/libc_nano.a(lib_a-sbrkr.o)
 .ARM.attributes
                0x0000000000000ac1       0x2d /usr/lib/gcc/arm-none-eabi/8.3.0/../../../../arm-none-eabi/lib/thumb/v7-m/nofp/libc_nano.a(lib_a-wctomb_r.o)
 .ARM.attributes
                0x0000000000000aee       0x2d /usr/lib/gcc/arm-none-eabi/8.3.0/../../../../arm-none-eabi/lib/thumb/v7-m/nofp/libc_nano.a(lib_a-memmove.o)
 .ARM.attributes
                0x0000000000000b1b       0x2d /usr/lib/gcc/arm-none-eabi/8.3.0/../../../../arm-none-eabi/lib/thumb/v7-m/nofp/libc_nano.a(lib_a-mlock.o)
 .ARM.attributes
                0x0000000000000b48       0x2d /usr/lib/gcc/arm-none-eabi/8.3.0/../../../../arm-none-eabi/lib/thumb/v7-m/nofp/libc_nano.a(lib_a-nano-reallocr.o)
 .ARM.attributes
                0x0000000000000b75       0x2d /usr/lib/gcc/arm-none-eabi/8.3.0/../../../../arm-none-eabi/lib/thumb/v7-m/nofp/libc_nano.a(lib_a-reent.o)
 .ARM.attributes
                0x0000000000000ba2       0x2d /usr/lib/gcc/arm-none-eabi/8.3.0/../../../../arm-none-eabi/lib/thumb/v7-m/nofp/libc_nano.a(lib_a-nano-msizer.o)
 .ARM.attributes
                0x0000000000000bcf       0x1d /usr/lib/gcc/arm-none-eabi/8.3.0/thumb/v7-m/nofp/libgcc.a(_arm_fixdfsi.o)
 .ARM.attributes
                0x0000000000000bec       0x2d /usr/lib/gcc/arm-none-eabi/8.3.0/thumb/v7-m/nofp/libgcc.a(_fixdfdi.o)
 .ARM.attributes
                0x0000000000000c19       0x2d /usr/lib/gcc/arm-none-eabi/8.3.0/thumb/v7-m/nofp/libgcc.a(_fixunsdfdi.o)
 .ARM.attributes
                0x0000000000000c46       0x2d /usr/lib/gcc/arm-none-eabi/8.3.0/../../../../arm-none-eabi/lib/thumb/v7-m/nofp/libnosys.a(sbrk.o)
 .ARM.attributes
                0x0000000000000c73       0x1d /usr/lib/gcc/arm-none-eabi/8.3.0/thumb/v7-m/nofp/crtn.o
OUTPUT(GyroMan.elf elf32-littlearm)

.debug_info     0x0000000000000000     0x76aa
 .debug_info    0x0000000000000000      0x4e7 StdPeriph_Driver/src/misc.o
 .debug_info    0x00000000000004e7      0x46f StdPeriph_Driver/src/stm32f10x_dma.o
 .debug_info    0x0000000000000956      0x7b2 StdPeriph_Driver/src/stm32f10x_flash.o
 .debug_info    0x0000000000001108      0x6ec StdPeriph_Driver/src/stm32f10x_gpio.o
 .debug_info    0x00000000000017f4      0x89c StdPeriph_Driver/src/stm32f10x_rcc.o
 .debug_info    0x0000000000002090     0x1c54 StdPeriph_Driver/src/stm32f10x_tim.o
 .debug_info    0x0000000000003ce4      0x9e4 StdPeriph_Driver/src/stm32f10x_usart.o
 .debug_info    0x00000000000046c8      0xe4c src/initial.o
 .debug_info    0x0000000000005514     0x1569 src/main.o
 .debug_info    0x0000000000006a7d      0x22f src/pid.o
 .debug_info    0x0000000000006cac      0x9dc src/usart_cmd.o
 .debug_info    0x0000000000007688       0x22 startup/startup_stm32.o

.debug_abbrev   0x0000000000000000     0x1497
 .debug_abbrev  0x0000000000000000      0x186 StdPeriph_Driver/src/misc.o
 .debug_abbrev  0x0000000000000186      0x187 StdPeriph_Driver/src/stm32f10x_dma.o
 .debug_abbrev  0x000000000000030d      0x1a7 StdPeriph_Driver/src/stm32f10x_flash.o
 .debug_abbrev  0x00000000000004b4      0x1e4 StdPeriph_Driver/src/stm32f10x_gpio.o
 .debug_abbrev  0x0000000000000698      0x1d4 StdPeriph_Driver/src/stm32f10x_rcc.o
 .debug_abbrev  0x000000000000086c      0x1c8 StdPeriph_Driver/src/stm32f10x_tim.o
 .debug_abbrev  0x0000000000000a34      0x194 StdPeriph_Driver/src/stm32f10x_usart.o
 .debug_abbrev  0x0000000000000bc8      0x1fb src/initial.o
 .debug_abbrev  0x0000000000000dc3      0x39c src/main.o
 .debug_abbrev  0x000000000000115f      0x136 src/pid.o
 .debug_abbrev  0x0000000000001295      0x1f0 src/usart_cmd.o
 .debug_abbrev  0x0000000000001485       0x12 startup/startup_stm32.o

.debug_aranges  0x0000000000000000      0x8c0
 .debug_aranges
                0x0000000000000000       0x40 StdPeriph_Driver/src/misc.o
 .debug_aranges
                0x0000000000000040       0x70 StdPeriph_Driver/src/stm32f10x_dma.o
 .debug_aranges
                0x00000000000000b0       0xf8 StdPeriph_Driver/src/stm32f10x_flash.o
 .debug_aranges
                0x00000000000001a8       0xa8 StdPeriph_Driver/src/stm32f10x_gpio.o
 .debug_aranges
                0x0000000000000250      0x118 StdPeriph_Driver/src/stm32f10x_rcc.o
 .debug_aranges
                0x0000000000000368      0x2f0 StdPeriph_Driver/src/stm32f10x_tim.o
 .debug_aranges
                0x0000000000000658      0x100 StdPeriph_Driver/src/stm32f10x_usart.o
 .debug_aranges
                0x0000000000000758       0x58 src/initial.o
 .debug_aranges
                0x00000000000007b0       0x88 src/main.o
 .debug_aranges
                0x0000000000000838       0x38 src/pid.o
 .debug_aranges
                0x0000000000000870       0x28 src/usart_cmd.o
 .debug_aranges
                0x0000000000000898       0x28 startup/startup_stm32.o

.debug_ranges   0x0000000000000000      0x808
 .debug_ranges  0x0000000000000000       0x30 StdPeriph_Driver/src/misc.o
 .debug_ranges  0x0000000000000030       0x60 StdPeriph_Driver/src/stm32f10x_dma.o
 .debug_ranges  0x0000000000000090       0xe8 StdPeriph_Driver/src/stm32f10x_flash.o
 .debug_ranges  0x0000000000000178       0x98 StdPeriph_Driver/src/stm32f10x_gpio.o
 .debug_ranges  0x0000000000000210      0x108 StdPeriph_Driver/src/stm32f10x_rcc.o
 .debug_ranges  0x0000000000000318      0x2e0 StdPeriph_Driver/src/stm32f10x_tim.o
 .debug_ranges  0x00000000000005f8       0xf0 StdPeriph_Driver/src/stm32f10x_usart.o
 .debug_ranges  0x00000000000006e8       0x48 src/initial.o
 .debug_ranges  0x0000000000000730       0x78 src/main.o
 .debug_ranges  0x00000000000007a8       0x28 src/pid.o
 .debug_ranges  0x00000000000007d0       0x18 src/usart_cmd.o
 .debug_ranges  0x00000000000007e8       0x20 startup/startup_stm32.o

.debug_macro    0x0000000000000000     0xf86c
 .debug_macro   0x0000000000000000      0x18b StdPeriph_Driver/src/misc.o
 .debug_macro   0x000000000000018b       0x56 StdPeriph_Driver/src/misc.o
 .debug_macro   0x00000000000001e1       0x22 StdPeriph_Driver/src/misc.o
 .debug_macro   0x0000000000000203      0x69f StdPeriph_Driver/src/misc.o
 .debug_macro   0x00000000000008a2     0x7dbe StdPeriph_Driver/src/misc.o
 .debug_macro   0x0000000000008660      0x2df StdPeriph_Driver/src/misc.o
 .debug_macro   0x000000000000893f      0x144 StdPeriph_Driver/src/misc.o
 .debug_macro   0x0000000000008a83      0x3cf StdPeriph_Driver/src/misc.o
 .debug_macro   0x0000000000008e52       0xc8 StdPeriph_Driver/src/misc.o
 .debug_macro   0x0000000000008f1a      0x17a StdPeriph_Driver/src/misc.o
 .debug_macro   0x0000000000009094       0xac StdPeriph_Driver/src/misc.o
 .debug_macro   0x0000000000009140      0x3ad StdPeriph_Driver/src/misc.o
 .debug_macro   0x00000000000094ed       0x9a StdPeriph_Driver/src/misc.o
 .debug_macro   0x0000000000009587      0x2cf StdPeriph_Driver/src/misc.o
 .debug_macro   0x0000000000009856      0x279 StdPeriph_Driver/src/misc.o
 .debug_macro   0x0000000000009acf      0x2ac StdPeriph_Driver/src/misc.o
 .debug_macro   0x0000000000009d7b      0x2b1 StdPeriph_Driver/src/misc.o
 .debug_macro   0x000000000000a02c       0x64 StdPeriph_Driver/src/misc.o
 .debug_macro   0x000000000000a090       0x82 StdPeriph_Driver/src/misc.o
 .debug_macro   0x000000000000a112      0x3e2 StdPeriph_Driver/src/misc.o
 .debug_macro   0x000000000000a4f4       0x58 StdPeriph_Driver/src/misc.o
 .debug_macro   0x000000000000a54c      0x341 StdPeriph_Driver/src/misc.o
 .debug_macro   0x000000000000a88d      0x2c4 StdPeriph_Driver/src/misc.o
 .debug_macro   0x000000000000ab51      0x711 StdPeriph_Driver/src/misc.o
 .debug_macro   0x000000000000b262      0x220 StdPeriph_Driver/src/misc.o
 .debug_macro   0x000000000000b482       0x34 StdPeriph_Driver/src/misc.o
 .debug_macro   0x000000000000b4b6       0x35 StdPeriph_Driver/src/misc.o
 .debug_macro   0x000000000000b4eb       0x85 StdPeriph_Driver/src/misc.o
 .debug_macro   0x000000000000b570      0x1dd StdPeriph_Driver/src/stm32f10x_dma.o
 .debug_macro   0x000000000000b74d      0x3a7 StdPeriph_Driver/src/stm32f10x_dma.o
 .debug_macro   0x000000000000baf4      0x22d StdPeriph_Driver/src/stm32f10x_flash.o
 .debug_macro   0x000000000000bd21      0x2c9 StdPeriph_Driver/src/stm32f10x_flash.o
 .debug_macro   0x000000000000bfea      0x1d7 StdPeriph_Driver/src/stm32f10x_gpio.o
 .debug_macro   0x000000000000c1c1      0x2a6 StdPeriph_Driver/src/stm32f10x_gpio.o
 .debug_macro   0x000000000000c467      0x2a1 StdPeriph_Driver/src/stm32f10x_rcc.o
 .debug_macro   0x000000000000c708      0x3dc StdPeriph_Driver/src/stm32f10x_rcc.o
 .debug_macro   0x000000000000cae4      0x1a1 StdPeriph_Driver/src/stm32f10x_tim.o
 .debug_macro   0x000000000000cc85      0x70b StdPeriph_Driver/src/stm32f10x_tim.o
 .debug_macro   0x000000000000d390      0x23d StdPeriph_Driver/src/stm32f10x_usart.o
 .debug_macro   0x000000000000d5cd      0x21a StdPeriph_Driver/src/stm32f10x_usart.o
 .debug_macro   0x000000000000d7e7      0x19e src/initial.o
 .debug_macro   0x000000000000d985      0xaa2 src/initial.o
 .debug_macro   0x000000000000e427       0x22 src/initial.o
 .debug_macro   0x000000000000e449       0x8e src/initial.o
 .debug_macro   0x000000000000e4d7       0x10 src/initial.o
 .debug_macro   0x000000000000e4e7      0x3a3 src/main.o
 .debug_macro   0x000000000000e88a       0x4c src/main.o
 .debug_macro   0x000000000000e8d6       0x18 src/main.o
 .debug_macro   0x000000000000e8ee       0x94 src/main.o
 .debug_macro   0x000000000000e982       0x34 src/main.o
 .debug_macro   0x000000000000e9b6       0x52 src/main.o
 .debug_macro   0x000000000000ea08       0x20 src/main.o
 .debug_macro   0x000000000000ea28      0x18e src/main.o
 .debug_macro   0x000000000000ebb6      0x339 src/main.o
 .debug_macro   0x000000000000eeef       0x10 src/main.o
 .debug_macro   0x000000000000eeff       0x35 src/main.o
 .debug_macro   0x000000000000ef34       0x1c src/main.o
 .debug_macro   0x000000000000ef50       0x10 src/main.o
 .debug_macro   0x000000000000ef60       0x10 src/main.o
 .debug_macro   0x000000000000ef70       0x1c src/main.o
 .debug_macro   0x000000000000ef8c       0x52 src/main.o
 .debug_macro   0x000000000000efde       0x40 src/main.o
 .debug_macro   0x000000000000f01e       0x10 src/main.o
 .debug_macro   0x000000000000f02e       0x40 src/main.o
 .debug_macro   0x000000000000f06e       0xd7 src/main.o
 .debug_macro   0x000000000000f145       0x1c src/main.o
 .debug_macro   0x000000000000f161       0x3d src/main.o
 .debug_macro   0x000000000000f19e       0x16 src/main.o
 .debug_macro   0x000000000000f1b4      0x16f src/main.o
 .debug_macro   0x000000000000f323       0x16 src/main.o
 .debug_macro   0x000000000000f339       0x16 src/main.o
 .debug_macro   0x000000000000f34f       0x29 src/main.o
 .debug_macro   0x000000000000f378       0x96 src/main.o
 .debug_macro   0x000000000000f40e      0x129 src/main.o
 .debug_macro   0x000000000000f537       0x22 src/main.o
 .debug_macro   0x000000000000f559       0x1c src/main.o
 .debug_macro   0x000000000000f575       0x6c src/pid.o
 .debug_macro   0x000000000000f5e1      0x1f3 src/usart_cmd.o
 .debug_macro   0x000000000000f7d4       0x58 src/usart_cmd.o
 .debug_macro   0x000000000000f82c       0x40 src/usart_cmd.o

.debug_line     0x0000000000000000     0x5513
 .debug_line    0x0000000000000000      0x5eb StdPeriph_Driver/src/misc.o
 .debug_line    0x00000000000005eb      0x6d5 StdPeriph_Driver/src/stm32f10x_dma.o
 .debug_line    0x0000000000000cc0      0x867 StdPeriph_Driver/src/stm32f10x_flash.o
 .debug_line    0x0000000000001527      0x76c StdPeriph_Driver/src/stm32f10x_gpio.o
 .debug_line    0x0000000000001c93      0x868 StdPeriph_Driver/src/stm32f10x_rcc.o
 .debug_line    0x00000000000024fb      0xeed StdPeriph_Driver/src/stm32f10x_tim.o
 .debug_line    0x00000000000033e8      0x83a StdPeriph_Driver/src/stm32f10x_usart.o
 .debug_line    0x0000000000003c22      0x60d src/initial.o
 .debug_line    0x000000000000422f      0xb38 src/main.o
 .debug_line    0x0000000000004d67      0x24f src/pid.o
 .debug_line    0x0000000000004fb6      0x4e1 src/usart_cmd.o
 .debug_line    0x0000000000005497       0x7c startup/startup_stm32.o

.debug_str      0x0000000000000000    0x565f2
 .debug_str     0x0000000000000000    0x4d2a1 StdPeriph_Driver/src/misc.o
                                      0x4d412 (size before relaxing)
 .debug_str     0x000000000004d2a1      0x6f2 StdPeriph_Driver/src/stm32f10x_dma.o
                                      0x4d8ba (size before relaxing)
 .debug_str     0x000000000004d993      0x7f6 StdPeriph_Driver/src/stm32f10x_flash.o
                                      0x4d9fc (size before relaxing)
 .debug_str     0x000000000004e189      0x5a4 StdPeriph_Driver/src/stm32f10x_gpio.o
                                      0x4d78a (size before relaxing)
 .debug_str     0x000000000004e72d      0xb59 StdPeriph_Driver/src/stm32f10x_rcc.o
                                      0x4dd70 (size before relaxing)
 .debug_str     0x000000000004f286      0xc15 StdPeriph_Driver/src/stm32f10x_tim.o
                                      0x4de8e (size before relaxing)
 .debug_str     0x000000000004fe9b      0x7f0 StdPeriph_Driver/src/stm32f10x_usart.o
                                      0x4da9a (size before relaxing)
 .debug_str     0x000000000005068b      0x677 src/initial.o
                                      0x4dc21 (size before relaxing)
 .debug_str     0x0000000000050d02     0x52ba src/main.o
                                      0x52856 (size before relaxing)
 .debug_str     0x0000000000055fbc       0xba src/pid.o
                                       0x3d2e (size before relaxing)
 .debug_str     0x0000000000056076      0x552 src/usart_cmd.o
                                       0x7e84 (size before relaxing)
 .debug_str     0x00000000000565c8       0x2a startup/startup_stm32.o
                                         0x4b (size before relaxing)

.comment        0x0000000000000000       0x9b
 .comment       0x0000000000000000       0x7e StdPeriph_Driver/src/misc.o
                                         0x7f (size before relaxing)
 .comment       0x000000000000007e       0x7f StdPeriph_Driver/src/stm32f10x_dma.o
 .comment       0x000000000000007e       0x7f StdPeriph_Driver/src/stm32f10x_flash.o
 .comment       0x000000000000007e       0x7f StdPeriph_Driver/src/stm32f10x_gpio.o
 .comment       0x000000000000007e       0x7f StdPeriph_Driver/src/stm32f10x_rcc.o
 .comment       0x000000000000007e       0x7f StdPeriph_Driver/src/stm32f10x_tim.o
 .comment       0x000000000000007e       0x7f StdPeriph_Driver/src/stm32f10x_usart.o
 .comment       0x000000000000007e       0x1d src/initial.o
                                         0x1e (size before relaxing)
 .comment       0x000000000000009b       0x1e src/main.o
 .comment       0x000000000000009b       0x1e src/pid.o
 .comment       0x000000000000009b       0x7f src/usart_cmd.o

.debug_frame    0x0000000000000000     0x3570
 .debug_frame   0x0000000000000000       0xd8 StdPeriph_Driver/src/misc.o
 .debug_frame   0x00000000000000d8      0x1c8 StdPeriph_Driver/src/stm32f10x_dma.o
 .debug_frame   0x00000000000002a0      0x410 StdPeriph_Driver/src/stm32f10x_flash.o
 .debug_frame   0x00000000000006b0      0x2d0 StdPeriph_Driver/src/stm32f10x_gpio.o
 .debug_frame   0x0000000000000980      0x4f4 StdPeriph_Driver/src/stm32f10x_rcc.o
 .debug_frame   0x0000000000000e74      0xe2c StdPeriph_Driver/src/stm32f10x_tim.o
 .debug_frame   0x0000000000001ca0      0x490 StdPeriph_Driver/src/stm32f10x_usart.o
 .debug_frame   0x0000000000002130      0x12c src/initial.o
 .debug_frame   0x000000000000225c      0x1fc src/main.o
 .debug_frame   0x0000000000002458       0xb0 src/pid.o
 .debug_frame   0x0000000000002508       0x58 src/usart_cmd.o
 .debug_frame   0x0000000000002560       0x40 /usr/lib/gcc/arm-none-eabi/8.3.0/../../../../arm-none-eabi/lib/thumb/v7-m/nofp/libm.a(lib_a-w_asin.o)
 .debug_frame   0x00000000000025a0       0x20 /usr/lib/gcc/arm-none-eabi/8.3.0/../../../../arm-none-eabi/lib/thumb/v7-m/nofp/libm.a(lib_a-w_atan2.o)
 .debug_frame   0x00000000000025c0       0x44 /usr/lib/gcc/arm-none-eabi/8.3.0/../../../../arm-none-eabi/lib/thumb/v7-m/nofp/libm.a(lib_a-w_sqrt.o)
 .debug_frame   0x0000000000002604       0x50 /usr/lib/gcc/arm-none-eabi/8.3.0/../../../../arm-none-eabi/lib/thumb/v7-m/nofp/libm.a(lib_a-e_asin.o)
 .debug_frame   0x0000000000002654       0x48 /usr/lib/gcc/arm-none-eabi/8.3.0/../../../../arm-none-eabi/lib/thumb/v7-m/nofp/libm.a(lib_a-e_atan2.o)
 .debug_frame   0x000000000000269c       0x30 /usr/lib/gcc/arm-none-eabi/8.3.0/../../../../arm-none-eabi/lib/thumb/v7-m/nofp/libm.a(lib_a-e_sqrt.o)
 .debug_frame   0x00000000000026cc       0x38 /usr/lib/gcc/arm-none-eabi/8.3.0/../../../../arm-none-eabi/lib/thumb/v7-m/nofp/libm.a(lib_a-s_atan.o)
 .debug_frame   0x0000000000002704       0x20 /usr/lib/gcc/arm-none-eabi/8.3.0/../../../../arm-none-eabi/lib/thumb/v7-m/nofp/libm.a(lib_a-s_fabs.o)
 .debug_frame   0x0000000000002724       0x20 /usr/lib/gcc/arm-none-eabi/8.3.0/../../../../arm-none-eabi/lib/thumb/v7-m/nofp/libm.a(lib_a-s_matherr.o)
 .debug_frame   0x0000000000002744       0x20 /usr/lib/gcc/arm-none-eabi/8.3.0/../../../../arm-none-eabi/lib/thumb/v7-m/nofp/libm.a(lib_a-s_nan.o)
 .debug_frame   0x0000000000002764       0xac /usr/lib/gcc/arm-none-eabi/8.3.0/thumb/v7-m/nofp/libgcc.a(_arm_addsubdf3.o)
 .debug_frame   0x0000000000002810       0x50 /usr/lib/gcc/arm-none-eabi/8.3.0/thumb/v7-m/nofp/libgcc.a(_arm_muldivdf3.o)
 .debug_frame   0x0000000000002860       0xc4 /usr/lib/gcc/arm-none-eabi/8.3.0/thumb/v7-m/nofp/libgcc.a(_arm_cmpdf2.o)
 .debug_frame   0x0000000000002924       0x20 /usr/lib/gcc/arm-none-eabi/8.3.0/thumb/v7-m/nofp/libgcc.a(_arm_unorddf2.o)
 .debug_frame   0x0000000000002944       0x24 /usr/lib/gcc/arm-none-eabi/8.3.0/thumb/v7-m/nofp/libgcc.a(_arm_fixunsdfsi.o)
 .debug_frame   0x0000000000002968       0x20 /usr/lib/gcc/arm-none-eabi/8.3.0/../../../../arm-none-eabi/lib/thumb/v7-m/nofp/libc_nano.a(lib_a-atof.o)
 .debug_frame   0x0000000000002988       0x20 /usr/lib/gcc/arm-none-eabi/8.3.0/../../../../arm-none-eabi/lib/thumb/v7-m/nofp/libc_nano.a(lib_a-errno.o)
 .debug_frame   0x00000000000029a8       0x2c /usr/lib/gcc/arm-none-eabi/8.3.0/../../../../arm-none-eabi/lib/thumb/v7-m/nofp/libc_nano.a(lib_a-init.o)
 .debug_frame   0x00000000000029d4       0x20 /usr/lib/gcc/arm-none-eabi/8.3.0/../../../../arm-none-eabi/lib/thumb/v7-m/nofp/libc_nano.a(lib_a-memset.o)
 .debug_frame   0x00000000000029f4       0x94 /usr/lib/gcc/arm-none-eabi/8.3.0/../../../../arm-none-eabi/lib/thumb/v7-m/nofp/libc_nano.a(lib_a-nano-vfprintf_float.o)
 .debug_frame   0x0000000000002a88       0x60 /usr/lib/gcc/arm-none-eabi/8.3.0/../../../../arm-none-eabi/lib/thumb/v7-m/nofp/libc_nano.a(lib_a-nano-vfprintf_i.o)
 .debug_frame   0x0000000000002ae8       0x6c /usr/lib/gcc/arm-none-eabi/8.3.0/../../../../arm-none-eabi/lib/thumb/v7-m/nofp/libc_nano.a(lib_a-sprintf.o)
 .debug_frame   0x0000000000002b54       0x28 /usr/lib/gcc/arm-none-eabi/8.3.0/../../../../arm-none-eabi/lib/thumb/v7-m/nofp/libc_nano.a(lib_a-strcat.o)
 .debug_frame   0x0000000000002b7c       0x20 /usr/lib/gcc/arm-none-eabi/8.3.0/../../../../arm-none-eabi/lib/thumb/v7-m/nofp/libc_nano.a(lib_a-strchr.o)
 .debug_frame   0x0000000000002b9c       0x20 /usr/lib/gcc/arm-none-eabi/8.3.0/../../../../arm-none-eabi/lib/thumb/v7-m/nofp/libc_nano.a(lib_a-strcpy.o)
 .debug_frame   0x0000000000002bbc       0x28 /usr/lib/gcc/arm-none-eabi/8.3.0/../../../../arm-none-eabi/lib/thumb/v7-m/nofp/libc_nano.a(lib_a-strncmp.o)
 .debug_frame   0x0000000000002be4       0x30 /usr/lib/gcc/arm-none-eabi/8.3.0/../../../../arm-none-eabi/lib/thumb/v7-m/nofp/libc_nano.a(lib_a-strstr.o)
 .debug_frame   0x0000000000002c14       0xe8 /usr/lib/gcc/arm-none-eabi/8.3.0/../../../../arm-none-eabi/lib/thumb/v7-m/nofp/libc_nano.a(lib_a-strtod.o)
 .debug_frame   0x0000000000002cfc       0x28 /usr/lib/gcc/arm-none-eabi/8.3.0/../../../../arm-none-eabi/lib/thumb/v7-m/nofp/libc_nano.a(lib_a-strupr.o)
 .debug_frame   0x0000000000002d24       0x6c /usr/lib/gcc/arm-none-eabi/8.3.0/../../../../arm-none-eabi/lib/thumb/v7-m/nofp/libc_nano.a(lib_a-dtoa.o)
 .debug_frame   0x0000000000002d90       0x70 /usr/lib/gcc/arm-none-eabi/8.3.0/../../../../arm-none-eabi/lib/thumb/v7-m/nofp/libc_nano.a(lib_a-gdtoa-gethex.o)
 .debug_frame   0x0000000000002e00       0x74 /usr/lib/gcc/arm-none-eabi/8.3.0/../../../../arm-none-eabi/lib/thumb/v7-m/nofp/libc_nano.a(lib_a-gdtoa-hexnan.o)
 .debug_frame   0x0000000000002e74       0x20 /usr/lib/gcc/arm-none-eabi/8.3.0/../../../../arm-none-eabi/lib/thumb/v7-m/nofp/libc_nano.a(lib_a-lnumeric.o)
 .debug_frame   0x0000000000002e94       0x40 /usr/lib/gcc/arm-none-eabi/8.3.0/../../../../arm-none-eabi/lib/thumb/v7-m/nofp/libc_nano.a(lib_a-localeconv.o)
 .debug_frame   0x0000000000002ed4       0x48 /usr/lib/gcc/arm-none-eabi/8.3.0/../../../../arm-none-eabi/lib/thumb/v7-m/nofp/libc_nano.a(lib_a-locale.o)
 .debug_frame   0x0000000000002f1c       0x30 /usr/lib/gcc/arm-none-eabi/8.3.0/../../../../arm-none-eabi/lib/thumb/v7-m/nofp/libc_nano.a(lib_a-malloc.o)
 .debug_frame   0x0000000000002f4c       0x48 /usr/lib/gcc/arm-none-eabi/8.3.0/../../../../arm-none-eabi/lib/thumb/v7-m/nofp/libc_nano.a(lib_a-mbtowc_r.o)
 .debug_frame   0x0000000000002f94       0x28 /usr/lib/gcc/arm-none-eabi/8.3.0/../../../../arm-none-eabi/lib/thumb/v7-m/nofp/libc_nano.a(lib_a-memchr-stub.o)
 .debug_frame   0x0000000000002fbc       0x28 /usr/lib/gcc/arm-none-eabi/8.3.0/../../../../arm-none-eabi/lib/thumb/v7-m/nofp/libc_nano.a(lib_a-memcpy-stub.o)
 .debug_frame   0x0000000000002fe4      0x248 /usr/lib/gcc/arm-none-eabi/8.3.0/../../../../arm-none-eabi/lib/thumb/v7-m/nofp/libc_nano.a(lib_a-mprec.o)
 .debug_frame   0x000000000000322c       0x2c /usr/lib/gcc/arm-none-eabi/8.3.0/../../../../arm-none-eabi/lib/thumb/v7-m/nofp/libc_nano.a(lib_a-nano-callocr.o)
 .debug_frame   0x0000000000003258       0x38 /usr/lib/gcc/arm-none-eabi/8.3.0/../../../../arm-none-eabi/lib/thumb/v7-m/nofp/libc_nano.a(lib_a-nano-freer.o)
 .debug_frame   0x0000000000003290       0x30 /usr/lib/gcc/arm-none-eabi/8.3.0/../../../../arm-none-eabi/lib/thumb/v7-m/nofp/libc_nano.a(lib_a-nano-mallocr.o)
 .debug_frame   0x00000000000032c0       0x90 /usr/lib/gcc/arm-none-eabi/8.3.0/../../../../arm-none-eabi/lib/thumb/v7-m/nofp/libc_nano.a(lib_a-nano-svfprintf.o)
 .debug_frame   0x0000000000003350       0x2c /usr/lib/gcc/arm-none-eabi/8.3.0/../../../../arm-none-eabi/lib/thumb/v7-m/nofp/libc_nano.a(lib_a-sbrkr.o)
 .debug_frame   0x000000000000337c       0x3c /usr/lib/gcc/arm-none-eabi/8.3.0/../../../../arm-none-eabi/lib/thumb/v7-m/nofp/libc_nano.a(lib_a-wctomb_r.o)
 .debug_frame   0x00000000000033b8       0x28 /usr/lib/gcc/arm-none-eabi/8.3.0/../../../../arm-none-eabi/lib/thumb/v7-m/nofp/libc_nano.a(lib_a-memmove.o)
 .debug_frame   0x00000000000033e0       0x30 /usr/lib/gcc/arm-none-eabi/8.3.0/../../../../arm-none-eabi/lib/thumb/v7-m/nofp/libc_nano.a(lib_a-mlock.o)
 .debug_frame   0x0000000000003410       0x3c /usr/lib/gcc/arm-none-eabi/8.3.0/../../../../arm-none-eabi/lib/thumb/v7-m/nofp/libc_nano.a(lib_a-nano-reallocr.o)
 .debug_frame   0x000000000000344c       0x5c /usr/lib/gcc/arm-none-eabi/8.3.0/../../../../arm-none-eabi/lib/thumb/v7-m/nofp/libc_nano.a(lib_a-reent.o)
 .debug_frame   0x00000000000034a8       0x20 /usr/lib/gcc/arm-none-eabi/8.3.0/../../../../arm-none-eabi/lib/thumb/v7-m/nofp/libc_nano.a(lib_a-nano-msizer.o)
 .debug_frame   0x00000000000034c8       0x24 /usr/lib/gcc/arm-none-eabi/8.3.0/thumb/v7-m/nofp/libgcc.a(_arm_fixdfsi.o)
 .debug_frame   0x00000000000034ec       0x38 /usr/lib/gcc/arm-none-eabi/8.3.0/thumb/v7-m/nofp/libgcc.a(_fixdfdi.o)
 .debug_frame   0x0000000000003524       0x2c /usr/lib/gcc/arm-none-eabi/8.3.0/thumb/v7-m/nofp/libgcc.a(_fixunsdfdi.o)
 .debug_frame   0x0000000000003550       0x20 /usr/lib/gcc/arm-none-eabi/8.3.0/../../../../arm-none-eabi/lib/thumb/v7-m/nofp/libnosys.a(sbrk.o)
