Archive member included to satisfy reference by file (symbol)

/usr/lib/gcc/arm-none-eabi/8.3.0/../../../../arm-none-eabi/lib/thumb/v7-m/nofp/libm.a(lib_a-s_atan.o)
                              src/main.o (atan)
/usr/lib/gcc/arm-none-eabi/8.3.0/../../../../arm-none-eabi/lib/thumb/v7-m/nofp/libm.a(lib_a-s_fabs.o)
                              /usr/lib/gcc/arm-none-eabi/8.3.0/../../../../arm-none-eabi/lib/thumb/v7-m/nofp/libm.a(lib_a-s_atan.o) (fabs)
/usr/lib/gcc/arm-none-eabi/8.3.0/../../../../arm-none-eabi/lib/thumb/v7-m/nofp/libm.a(lib_a-s_sin.o)
                              src/main.o (sin)
/usr/lib/gcc/arm-none-eabi/8.3.0/../../../../arm-none-eabi/lib/thumb/v7-m/nofp/libm.a(lib_a-s_tan.o)
                              src/main.o (tan)
/usr/lib/gcc/arm-none-eabi/8.3.0/../../../../arm-none-eabi/lib/thumb/v7-m/nofp/libm.a(lib_a-w_sqrt.o)
                              src/IMU.o (sqrt)
/usr/lib/gcc/arm-none-eabi/8.3.0/../../../../arm-none-eabi/lib/thumb/v7-m/nofp/libm.a(lib_a-e_rem_pio2.o)
                              /usr/lib/gcc/arm-none-eabi/8.3.0/../../../../arm-none-eabi/lib/thumb/v7-m/nofp/libm.a(lib_a-s_sin.o) (__ieee754_rem_pio2)
/usr/lib/gcc/arm-none-eabi/8.3.0/../../../../arm-none-eabi/lib/thumb/v7-m/nofp/libm.a(lib_a-e_sqrt.o)
                              /usr/lib/gcc/arm-none-eabi/8.3.0/../../../../arm-none-eabi/lib/thumb/v7-m/nofp/libm.a(lib_a-w_sqrt.o) (__ieee754_sqrt)
/usr/lib/gcc/arm-none-eabi/8.3.0/../../../../arm-none-eabi/lib/thumb/v7-m/nofp/libm.a(lib_a-k_cos.o)
                              /usr/lib/gcc/arm-none-eabi/8.3.0/../../../../arm-none-eabi/lib/thumb/v7-m/nofp/libm.a(lib_a-s_sin.o) (__kernel_cos)
/usr/lib/gcc/arm-none-eabi/8.3.0/../../../../arm-none-eabi/lib/thumb/v7-m/nofp/libm.a(lib_a-k_rem_pio2.o)
                              /usr/lib/gcc/arm-none-eabi/8.3.0/../../../../arm-none-eabi/lib/thumb/v7-m/nofp/libm.a(lib_a-e_rem_pio2.o) (__kernel_rem_pio2)
/usr/lib/gcc/arm-none-eabi/8.3.0/../../../../arm-none-eabi/lib/thumb/v7-m/nofp/libm.a(lib_a-k_sin.o)
                              /usr/lib/gcc/arm-none-eabi/8.3.0/../../../../arm-none-eabi/lib/thumb/v7-m/nofp/libm.a(lib_a-s_sin.o) (__kernel_sin)
/usr/lib/gcc/arm-none-eabi/8.3.0/../../../../arm-none-eabi/lib/thumb/v7-m/nofp/libm.a(lib_a-k_tan.o)
                              /usr/lib/gcc/arm-none-eabi/8.3.0/../../../../arm-none-eabi/lib/thumb/v7-m/nofp/libm.a(lib_a-s_tan.o) (__kernel_tan)
/usr/lib/gcc/arm-none-eabi/8.3.0/../../../../arm-none-eabi/lib/thumb/v7-m/nofp/libm.a(lib_a-s_floor.o)
                              /usr/lib/gcc/arm-none-eabi/8.3.0/../../../../arm-none-eabi/lib/thumb/v7-m/nofp/libm.a(lib_a-k_rem_pio2.o) (floor)
/usr/lib/gcc/arm-none-eabi/8.3.0/../../../../arm-none-eabi/lib/thumb/v7-m/nofp/libm.a(lib_a-s_lib_ver.o)
                              /usr/lib/gcc/arm-none-eabi/8.3.0/../../../../arm-none-eabi/lib/thumb/v7-m/nofp/libm.a(lib_a-w_sqrt.o) (__fdlib_version)
/usr/lib/gcc/arm-none-eabi/8.3.0/../../../../arm-none-eabi/lib/thumb/v7-m/nofp/libm.a(lib_a-s_matherr.o)
                              /usr/lib/gcc/arm-none-eabi/8.3.0/../../../../arm-none-eabi/lib/thumb/v7-m/nofp/libm.a(lib_a-w_sqrt.o) (matherr)
/usr/lib/gcc/arm-none-eabi/8.3.0/../../../../arm-none-eabi/lib/thumb/v7-m/nofp/libm.a(lib_a-s_scalbn.o)
                              /usr/lib/gcc/arm-none-eabi/8.3.0/../../../../arm-none-eabi/lib/thumb/v7-m/nofp/libm.a(lib_a-k_rem_pio2.o) (scalbn)
/usr/lib/gcc/arm-none-eabi/8.3.0/thumb/v7-m/nofp/libgcc.a(_arm_addsubdf3.o)
                              src/main.o (__aeabi_dsub)
/usr/lib/gcc/arm-none-eabi/8.3.0/thumb/v7-m/nofp/libgcc.a(_arm_muldivdf3.o)
                              src/main.o (__aeabi_dmul)
/usr/lib/gcc/arm-none-eabi/8.3.0/thumb/v7-m/nofp/libgcc.a(_arm_cmpdf2.o)
                              /usr/lib/gcc/arm-none-eabi/8.3.0/../../../../arm-none-eabi/lib/thumb/v7-m/nofp/libm.a(lib_a-e_rem_pio2.o) (__aeabi_dcmpeq)
/usr/lib/gcc/arm-none-eabi/8.3.0/thumb/v7-m/nofp/libgcc.a(_arm_unorddf2.o)
                              /usr/lib/gcc/arm-none-eabi/8.3.0/../../../../arm-none-eabi/lib/thumb/v7-m/nofp/libm.a(lib_a-w_sqrt.o) (__aeabi_dcmpun)
/usr/lib/gcc/arm-none-eabi/8.3.0/thumb/v7-m/nofp/libgcc.a(_arm_fixdfsi.o)
                              /usr/lib/gcc/arm-none-eabi/8.3.0/../../../../arm-none-eabi/lib/thumb/v7-m/nofp/libm.a(lib_a-e_rem_pio2.o) (__aeabi_d2iz)
/usr/lib/gcc/arm-none-eabi/8.3.0/thumb/v7-m/nofp/libgcc.a(_arm_fixunsdfsi.o)
                              src/main.o (__aeabi_d2uiz)
/usr/lib/gcc/arm-none-eabi/8.3.0/thumb/v7-m/nofp/libgcc.a(_arm_truncdfsf2.o)
                              src/IMU.o (__aeabi_d2f)
/usr/lib/gcc/arm-none-eabi/8.3.0/thumb/v7-m/nofp/libgcc.a(_arm_addsubsf3.o)
                              src/IMU.o (__aeabi_fsub)
/usr/lib/gcc/arm-none-eabi/8.3.0/thumb/v7-m/nofp/libgcc.a(_arm_muldivsf3.o)
                              src/IMU.o (__aeabi_fmul)
/usr/lib/gcc/arm-none-eabi/8.3.0/thumb/v7-m/nofp/libgcc.a(_arm_cmpsf2.o)
[...]
Memory Configuration

Name             Origin             Length             Attributes
RAM              0x0000000020000000 0x0000000000005000 xrw
ROM              0x0000000008000000 0x0000000000010000 xr
*default*        0x0000000000000000 0xffffffffffffffff

Linker script and memory map

LOAD /usr/lib/gcc/arm-none-eabi/8.3.0/thumb/v7-m/nofp/crti.o
LOAD /usr/lib/gcc/arm-none-eabi/8.3.0/thumb/v7-m/nofp/crtbegin.o
LOAD /usr/lib/gcc/arm-none-eabi/8.3.0/../../../../arm-none-eabi/lib/thumb/v7-m/nofp/crt0.o
LOAD CMSIS/core/core_cm3.o
LOAD StdPeriph_Driver/src/misc.o
LOAD StdPeriph_Driver/src/stm32f10x_adc.o
LOAD StdPeriph_Driver/src/stm32f10x_bkp.o
LOAD StdPeriph_Driver/src/stm32f10x_can.o
LOAD StdPeriph_Driver/src/stm32f10x_cec.o
LOAD StdPeriph_Driver/src/stm32f10x_crc.o
LOAD StdPeriph_Driver/src/stm32f10x_dac.o
LOAD StdPeriph_Driver/src/stm32f10x_dbgmcu.o
LOAD StdPeriph_Driver/src/stm32f10x_dma.o
LOAD StdPeriph_Driver/src/stm32f10x_exti.o
LOAD StdPeriph_Driver/src/stm32f10x_flash.o
LOAD StdPeriph_Driver/src/stm32f10x_fsmc.o
LOAD StdPeriph_Driver/src/stm32f10x_gpio.o
LOAD StdPeriph_Driver/src/stm32f10x_i2c.o
LOAD StdPeriph_Driver/src/stm32f10x_iwdg.o
LOAD StdPeriph_Driver/src/stm32f10x_pwr.o
LOAD StdPeriph_Driver/src/stm32f10x_rcc.o
LOAD StdPeriph_Driver/src/stm32f10x_rtc.o
LOAD StdPeriph_Driver/src/stm32f10x_sdio.o
LOAD StdPeriph_Driver/src/stm32f10x_spi.o
LOAD StdPeriph_Driver/src/stm32f10x_tim.o
LOAD StdPeriph_Driver/src/stm32f10x_usart.o
LOAD StdPeriph_Driver/src/stm32f10x_wwdg.o
LOAD src/IMU.o
LOAD src/initial.o
LOAD src/main.o
LOAD src/pid.o
LOAD src/tm_stm32f4_i2c.o
LOAD src/tm_stm32f4_mpu6050.o
LOAD src/usart_cmd.o
LOAD startup/startup_stm32.o
LOAD /usr/lib/gcc/arm-none-eabi/8.3.0/../../../../arm-none-eabi/lib/thumb/v7-m/nofp/libstdc++_nano.a
LOAD /usr/lib/gcc/arm-none-eabi/8.3.0/../../../../arm-none-eabi/lib/thumb/v7-m/nofp/libm.a
START GROUP
LOAD /usr/lib/gcc/arm-none-eabi/8.3.0/thumb/v7-m/nofp/libgcc.a
LOAD /usr/lib/gcc/arm-none-eabi/8.3.0/../../../../arm-none-eabi/lib/thumb/v7-m/nofp/libc_nano.a
END GROUP
START GROUP
LOAD /usr/lib/gcc/arm-none-eabi/8.3.0/thumb/v7-m/nofp/libgcc.a
LOAD /usr/lib/gcc/arm-none-eabi/8.3.0/../../../../arm-none-eabi/lib/thumb/v7-m/nofp/libc_nano.a
LOAD /usr/lib/gcc/arm-none-eabi/8.3.0/../../../../arm-none-eabi/lib/thumb/v7-m/nofp/libnosys.a
END GROUP
START GROUP
LOAD /usr/lib/gcc/arm-none-eabi/8.3.0/thumb/v7-m/nofp/libgcc.a
LOAD /usr/lib/gcc/arm-none-eabi/8.3.0/../../../../arm-none-eabi/lib/thumb/v7-m/nofp/libc_nano.a
LOAD /usr/lib/gcc/arm-none-eabi/8.3.0/../../../../arm-none-eabi/lib/thumb/v7-m/nofp/libnosys.a
END GROUP
LOAD /usr/lib/gcc/arm-none-eabi/8.3.0/thumb/v7-m/nofp/crtend.o
LOAD /usr/lib/gcc/arm-none-eabi/8.3.0/thumb/v7-m/nofp/crtn.o
                0x0000000020005000                _estack = 0x20005000
                0x0000000000000000                _Min_Heap_Size = 0x0
                0x0000000000000400                _Min_Stack_Size = 0x400

.isr_vector     0x0000000008000000      0x130
                0x0000000008000000                . = ALIGN (0x4)
 *(.isr_vector)
 .isr_vector    0x0000000008000000      0x130 startup/startup_stm32.o
                0x0000000008000000                g_pfnVectors
                0x0000000008000130                . = ALIGN (0x4)

.text           0x0000000008000130     0x7734
                0x0000000008000130                . = ALIGN (0x4)
 *(.text)
 .text          0x0000000008000130      0x378 /usr/lib/gcc/arm-none-eabi/8.3.0/thumb/v7-m/nofp/libgcc.a(_arm_addsubdf3.o)
                0x0000000008000130                __aeabi_drsub
                0x0000000008000138                __aeabi_dsub
                0x0000000008000138                __subdf3
                0x000000000800013c                __adddf3
                0x000000000800013c                __aeabi_dadd
                0x00000000080003b4                __aeabi_ui2d
                0x00000000080003b4                __floatunsidf
                0x00000000080003d4                __floatsidf
                0x00000000080003d4                __aeabi_i2d
                0x00000000080003f8                __extendsfdf2
                0x00000000080003f8                __aeabi_f2d
                0x000000000800043c                __aeabi_ul2d
                0x000000000800043c                __floatundidf
                0x000000000800044c                __floatdidf
                0x000000000800044c                __aeabi_l2d
 .text          0x00000000080004a8      0x424 /usr/lib/gcc/arm-none-eabi/8.3.0/thumb/v7-m/nofp/libgcc.a(_arm_muldivdf3.o)
                0x00000000080004a8                __aeabi_dmul
                0x00000000080004a8                __muldf3
                0x00000000080006fc                __aeabi_ddiv
                0x00000000080006fc                __divdf3
 .text          0x00000000080008cc      0x110 /usr/lib/gcc/arm-none-eabi/8.3.0/thumb/v7-m/nofp/libgcc.a(_arm_cmpdf2.o)
                0x00000000080008cc                __gtdf2
                0x00000000080008cc                __gedf2
                0x00000000080008d4                __ltdf2
                0x00000000080008d4                __ledf2
                0x00000000080008dc                __cmpdf2
                0x00000000080008dc                __eqdf2
                0x00000000080008dc                __nedf2
                0x0000000008000958                __aeabi_cdrcmple
                0x0000000008000968                __aeabi_cdcmple
                0x0000000008000968                __aeabi_cdcmpeq
                0x0000000008000978                __aeabi_dcmpeq
                0x000000000800098c                __aeabi_dcmplt
                0x00000000080009a0                __aeabi_dcmple
                0x00000000080009b4                __aeabi_dcmpge
                0x00000000080009c8                __aeabi_dcmpgt
 .text          0x00000000080009dc       0x2c /usr/lib/gcc/arm-none-eabi/8.3.0/thumb/v7-m/nofp/libgcc.a(_arm_unorddf2.o)
                0x00000000080009dc                __aeabi_dcmpun
                0x00000000080009dc                __unorddf2
 .text          0x0000000008000a08       0x50 /usr/lib/gcc/arm-none-eabi/8.3.0/thumb/v7-m/nofp/libgcc.a(_arm_fixdfsi.o)
                0x0000000008000a08                __fixdfsi
                0x0000000008000a08                __aeabi_d2iz
 .text          0x0000000008000a58       0x40 /usr/lib/gcc/arm-none-eabi/8.3.0/thumb/v7-m/nofp/libgcc.a(_arm_fixunsdfsi.o)
                0x0000000008000a58                __fixunsdfsi
                0x0000000008000a58                __aeabi_d2uiz
 .text          0x0000000008000a98       0xa0 /usr/lib/gcc/arm-none-eabi/8.3.0/thumb/v7-m/nofp/libgcc.a(_arm_truncdfsf2.o)
                0x0000000008000a98                __aeabi_d2f
                0x0000000008000a98                __truncdfsf2
 .text          0x0000000008000b38      0x21c /usr/lib/gcc/arm-none-eabi/8.3.0/thumb/v7-m/nofp/libgcc.a(_arm_addsubsf3.o)
                0x0000000008000b38                __aeabi_frsub
                0x0000000008000b40                __subsf3
                0x0000000008000b40                __aeabi_fsub
                0x0000000008000b44                __aeabi_fadd
                0x0000000008000b44                __addsf3
                0x0000000008000ca4                __aeabi_ui2f
                0x0000000008000ca4                __floatunsisf
                0x0000000008000cac                __aeabi_i2f
                0x0000000008000cac                __floatsisf
                0x0000000008000cc8                __floatundisf
                0x0000000008000cc8                __aeabi_ul2f
                0x0000000008000cd8                __floatdisf
                0x0000000008000cd8                __aeabi_l2f
 .text          0x0000000008000d54      0x2a0 /usr/lib/gcc/arm-none-eabi/8.3.0/thumb/v7-m/nofp/libgcc.a(_arm_muldivsf3.o)
                0x0000000008000d54                __mulsf3
                0x0000000008000d54                __aeabi_fmul
                0x0000000008000ebc                __divsf3
                0x0000000008000ebc                __aeabi_fdiv
 .text          0x0000000008000ff4       0xec /usr/lib/gcc/arm-none-eabi/8.3.0/thumb/v7-m/nofp/libgcc.a(_arm_cmpsf2.o)
                0x0000000008000ff4                __gtsf2
                0x0000000008000ff4                __gesf2
                0x0000000008000ffc                __lesf2
                0x0000000008000ffc                __ltsf2
                0x0000000008001004                __nesf2
                0x0000000008001004                __eqsf2
                0x0000000008001004                __cmpsf2
                0x0000000008001064                __aeabi_cfrcmple
                0x000000000800106c                __aeabi_cfcmple
                0x000000000800106c                __aeabi_cfcmpeq
                0x000000000800107c                __aeabi_fcmpeq
                0x0000000008001090                __aeabi_fcmplt
                0x00000000080010a4                __aeabi_fcmple
                0x00000000080010b8                __aeabi_fcmpge
                0x00000000080010cc                __aeabi_fcmpgt
 .text          0x00000000080010e0       0x10 /usr/lib/gcc/arm-none-eabi/8.3.0/../../../../arm-none-eabi/lib/thumb/v7-m/nofp/libc_nano.a(lib_a-strlen.o)
                0x00000000080010e0                strlen
 *(.text*)
 .text.__do_global_dtors_aux
                0x00000000080010f0       0x24 /usr/lib/gcc/arm-none-eabi/8.3.0/thumb/v7-m/nofp/crtbegin.o
 .text.frame_dummy
                0x0000000008001114       0x1c /usr/lib/gcc/arm-none-eabi/8.3.0/thumb/v7-m/nofp/crtbegin.o
 .text.NVIC_Init
                0x0000000008001130       0xc4 StdPeriph_Driver/src/misc.o
                0x0000000008001130                NVIC_Init
 .text.DMA_Init
                0x00000000080011f4       0x7c StdPeriph_Driver/src/stm32f10x_dma.o
                0x00000000080011f4                DMA_Init
 .text.DMA_Cmd  0x0000000008001270       0x38 StdPeriph_Driver/src/stm32f10x_dma.o
                0x0000000008001270                DMA_Cmd
 .text.DMA_ITConfig
                0x00000000080012a8       0x3a StdPeriph_Driver/src/stm32f10x_dma.o
                0x00000000080012a8                DMA_ITConfig
 *fill*         0x00000000080012e2        0x2 
 .text.DMA_ClearITPendingBit
                0x00000000080012e4       0x34 StdPeriph_Driver/src/stm32f10x_dma.o
                0x00000000080012e4                DMA_ClearITPendingBit
 .text.FLASH_SetLatency
                0x0000000008001318       0x38 StdPeriph_Driver/src/stm32f10x_flash.o
                0x0000000008001318                FLASH_SetLatency
 .text.FLASH_PrefetchBufferCmd
                0x0000000008001350       0x30 StdPeriph_Driver/src/stm32f10x_flash.o
                0x0000000008001350                FLASH_PrefetchBufferCmd
 .text.GPIO_Init
                0x0000000008001380      0x178 StdPeriph_Driver/src/stm32f10x_gpio.o
                0x0000000008001380                GPIO_Init
 .text.I2C_Init
                0x00000000080014f8      0x184 StdPeriph_Driver/src/stm32f10x_i2c.o
                0x00000000080014f8                I2C_Init
 .text.I2C_CheckEvent
                0x000000000800167c       0x5e StdPeriph_Driver/src/stm32f10x_i2c.o
                0x000000000800167c                I2C_CheckEvent
 *fill*         0x00000000080016da        0x2 
 .text.RCC_DeInit
                0x00000000080016dc       0x5c StdPeriph_Driver/src/stm32f10x_rcc.o
                0x00000000080016dc                RCC_DeInit
 .text.RCC_HSEConfig
                0x0000000008001738       0x5c StdPeriph_Driver/src/stm32f10x_rcc.o
                0x0000000008001738                RCC_HSEConfig
 .text.RCC_WaitForHSEStartUp
                0x0000000008001794       0x50 StdPeriph_Driver/src/stm32f10x_rcc.o
                0x0000000008001794                RCC_WaitForHSEStartUp
 .text.RCC_PLLConfig
                0x00000000080017e4       0x3c StdPeriph_Driver/src/stm32f10x_rcc.o
                0x00000000080017e4                RCC_PLLConfig
 .text.RCC_PLLCmd
                0x0000000008001820       0x20 StdPeriph_Driver/src/stm32f10x_rcc.o
                0x0000000008001820                RCC_PLLCmd
 .text.RCC_SYSCLKConfig
                0x0000000008001840       0x38 StdPeriph_Driver/src/stm32f10x_rcc.o
                0x0000000008001840                RCC_SYSCLKConfig
 .text.RCC_GetSYSCLKSource
                0x0000000008001878       0x1c StdPeriph_Driver/src/stm32f10x_rcc.o
                0x0000000008001878                RCC_GetSYSCLKSource
 .text.RCC_HCLKConfig
                0x0000000008001894       0x38 StdPeriph_Driver/src/stm32f10x_rcc.o
                0x0000000008001894                RCC_HCLKConfig
 .text.RCC_PCLK1Config
                0x00000000080018cc       0x38 StdPeriph_Driver/src/stm32f10x_rcc.o
                0x00000000080018cc                RCC_PCLK1Config
 .text.RCC_PCLK2Config
                0x0000000008001904       0x38 StdPeriph_Driver/src/stm32f10x_rcc.o
                0x0000000008001904                RCC_PCLK2Config
 .text.RCC_GetClocksFreq
                0x000000000800193c      0x160 StdPeriph_Driver/src/stm32f10x_rcc.o
                0x000000000800193c                RCC_GetClocksFreq
 .text.RCC_AHBPeriphClockCmd
                0x0000000008001a9c       0x3c StdPeriph_Driver/src/stm32f10x_rcc.o
                0x0000000008001a9c                RCC_AHBPeriphClockCmd
 .text.RCC_APB2PeriphClockCmd
                0x0000000008001ad8       0x3c StdPeriph_Driver/src/stm32f10x_rcc.o
                0x0000000008001ad8                RCC_APB2PeriphClockCmd
 .text.RCC_APB1PeriphClockCmd
                0x0000000008001b14       0x3c StdPeriph_Driver/src/stm32f10x_rcc.o
                0x0000000008001b14                RCC_APB1PeriphClockCmd
 .text.RCC_GetFlagStatus
                0x0000000008001b50       0x74 StdPeriph_Driver/src/stm32f10x_rcc.o
                0x0000000008001b50                RCC_GetFlagStatus
 .text.TIM_TimeBaseInit
                0x0000000008001bc4       0xf8 StdPeriph_Driver/src/stm32f10x_tim.o
                0x0000000008001bc4                TIM_TimeBaseInit
 .text.TIM_OC1Init
                0x0000000008001cbc      0x118 StdPeriph_Driver/src/stm32f10x_tim.o
                0x0000000008001cbc                TIM_OC1Init
 .text.TIM_OC2Init
                0x0000000008001dd4      0x110 StdPeriph_Driver/src/stm32f10x_tim.o
                0x0000000008001dd4                TIM_OC2Init
 .text.TIM_TimeBaseStructInit
                0x0000000008001ee4       0x32 StdPeriph_Driver/src/stm32f10x_tim.o
                0x0000000008001ee4                TIM_TimeBaseStructInit
 .text.TIM_OCStructInit
                0x0000000008001f16       0x42 StdPeriph_Driver/src/stm32f10x_tim.o
                0x0000000008001f16                TIM_OCStructInit
 .text.TIM_Cmd  0x0000000008001f58       0x3e StdPeriph_Driver/src/stm32f10x_tim.o
                0x0000000008001f58                TIM_Cmd
 .text.TIM_ITConfig
                0x0000000008001f96       0x46 StdPeriph_Driver/src/stm32f10x_tim.o
                0x0000000008001f96                TIM_ITConfig
 .text.TIM_GetITStatus
                0x0000000008001fdc       0x52 StdPeriph_Driver/src/stm32f10x_tim.o
                0x0000000008001fdc                TIM_GetITStatus
 .text.TIM_ClearITPendingBit
                0x000000000800202e       0x20 StdPeriph_Driver/src/stm32f10x_tim.o
                0x000000000800202e                TIM_ClearITPendingBit
 *fill*         0x000000000800204e        0x2 
 .text.USART_Init
                0x0000000008002050      0x174 StdPeriph_Driver/src/stm32f10x_usart.o
                0x0000000008002050                USART_Init
 .text.USART_Cmd
                0x00000000080021c4       0x3e StdPeriph_Driver/src/stm32f10x_usart.o
                0x00000000080021c4                USART_Cmd
 .text.USART_ITConfig
                0x0000000008002202       0x8e StdPeriph_Driver/src/stm32f10x_usart.o
                0x0000000008002202                USART_ITConfig
 .text.USART_DMACmd
                0x0000000008002290       0x46 StdPeriph_Driver/src/stm32f10x_usart.o
                0x0000000008002290                USART_DMACmd
 .text.USART_SendData
                0x00000000080022d6       0x22 StdPeriph_Driver/src/stm32f10x_usart.o
                0x00000000080022d6                USART_SendData
 .text.USART_ReceiveData
                0x00000000080022f8       0x1e StdPeriph_Driver/src/stm32f10x_usart.o
                0x00000000080022f8                USART_ReceiveData
 *fill*         0x0000000008002316        0x2 
 .text.NVIC_EnableIRQ
                0x0000000008002318       0x30 src/initial.o
 .text.init_    0x0000000008002348       0x3c src/initial.o
                0x0000000008002348                init_
 .text.gpio_init
                0x0000000008002384       0x44 src/initial.o
                0x0000000008002384                gpio_init
 .text.rcc_init
                0x00000000080023c8       0x7c src/initial.o
                0x00000000080023c8                rcc_init
 .text.uart_init
                0x0000000008002444       0xf8 src/initial.o
                0x0000000008002444                uart_init
 .text.tim4_init
                0x000000000800253c       0x5c src/initial.o
                0x000000000800253c                tim4_init
 .text.tim3_init
                0x0000000008002598       0xac src/initial.o
                0x0000000008002598                tim3_init
 .text.main     0x0000000008002644      0x288 src/main.o
                0x0000000008002644                main
 .text.cycle    0x00000000080028cc      0x248 src/main.o
                0x00000000080028cc                cycle
 .text.USART1_IRQHandler
                0x0000000008002b14       0x88 src/main.o
                0x0000000008002b14                USART1_IRQHandler
 *fill*         0x0000000008002b9c        0x4 
 .text.TIM4_IRQHandler
                0x0000000008002ba0      0x3e0 src/main.o
                0x0000000008002ba0                TIM4_IRQHandler
 .text.USARTSendDMA
                0x0000000008002f80       0x3c src/main.o
                0x0000000008002f80                USARTSendDMA
 .text.DMA1_Channel4_IRQHandler
                0x0000000008002fbc       0x1c src/main.o
                0x0000000008002fbc                DMA1_Channel4_IRQHandler
 .text.clear_RXBuffer
                0x0000000008002fd8       0x48 src/main.o
                0x0000000008002fd8                clear_RXBuffer
 .text.clamp    0x0000000008003020       0x3a src/main.o
                0x0000000008003020                clamp
 *fill*         0x000000000800305a        0x2 
 .text.pid_Init
                0x000000000800305c       0x54 src/pid.o
                0x000000000800305c                pid_Init
 .text.pid_Controller
                0x00000000080030b0      0x194 src/pid.o
                0x00000000080030b0                pid_Controller
 .text.pid_setOutputLimits
                0x0000000008003244       0x38 src/pid.o
                0x0000000008003244                pid_setOutputLimits
 *fill*         0x000000000800327c        0x4 
 .text.pid_setParams
                0x0000000008003280       0xa4 src/pid.o
                0x0000000008003280                pid_setParams
 .text.TM_I2C_Init
                0x0000000008003324       0xf4 src/tm_stm32f4_i2c.o
                0x0000000008003324                TM_I2C_Init
 .text.TM_I2C_Read
                0x0000000008003418       0x4c src/tm_stm32f4_i2c.o
                0x0000000008003418                TM_I2C_Read
 .text.TM_I2C_ReadMulti
                0x0000000008003464       0x70 src/tm_stm32f4_i2c.o
                0x0000000008003464                TM_I2C_ReadMulti
 .text.TM_I2C_Write
                0x00000000080034d4       0x48 src/tm_stm32f4_i2c.o
                0x00000000080034d4                TM_I2C_Write
 .text.TM_I2C_IsDeviceConnected
                0x000000000800351c       0x36 src/tm_stm32f4_i2c.o
                0x000000000800351c                TM_I2C_IsDeviceConnected
 *fill*         0x0000000008003552        0x2 
 .text.TM_I2C_Start
                0x0000000008003554      0x108 src/tm_stm32f4_i2c.o
                0x0000000008003554                TM_I2C_Start
 .text.TM_I2C_WriteData
                0x000000000800365c       0x4c src/tm_stm32f4_i2c.o
                0x000000000800365c                TM_I2C_WriteData
 .text.TM_I2C_ReadAck
                0x00000000080036a8       0x60 src/tm_stm32f4_i2c.o
                0x00000000080036a8                TM_I2C_ReadAck
 .text.TM_I2C_ReadNack
                0x0000000008003708       0x70 src/tm_stm32f4_i2c.o
                0x0000000008003708                TM_I2C_ReadNack
 .text.TM_I2C_Stop
                0x0000000008003778       0x64 src/tm_stm32f4_i2c.o
                0x0000000008003778                TM_I2C_Stop
 .text.TM_MPU6050_Init
                0x00000000080037dc      0x180 src/tm_stm32f4_mpu6050.o
                0x00000000080037dc                TM_MPU6050_Init
 .text.TM_MPU6050_ReadAll
                0x000000000800395c       0xd4 src/tm_stm32f4_mpu6050.o
                0x000000000800395c                TM_MPU6050_ReadAll
 .text.usart_cmd
                0x0000000008003a30      0x134 src/usart_cmd.o
                0x0000000008003a30                usart_cmd
 .text.Reset_Handler
                0x0000000008003b64       0x50 startup/startup_stm32.o
                0x0000000008003b64                Reset_Handler
 .text.Default_Handler
                0x0000000008003bb4        0x2 startup/startup_stm32.o
                0x0000000008003bb4                EXTI2_IRQHandler
                0x0000000008003bb4                TIM8_TRG_COM_IRQHandler
                0x0000000008003bb4                TIM8_CC_IRQHandler
                0x0000000008003bb4                DebugMon_Handler
                0x0000000008003bb4                TIM1_CC_IRQHandler
                0x0000000008003bb4                HardFault_Handler
                0x0000000008003bb4                TIM6_IRQHandler
                0x0000000008003bb4                SysTick_Handler
                0x0000000008003bb4                PVD_IRQHandler
                0x0000000008003bb4                SDIO_IRQHandler
                0x0000000008003bb4                PendSV_Handler
                0x0000000008003bb4                NMI_Handler
                0x0000000008003bb4                EXTI3_IRQHandler
                0x0000000008003bb4                USB_HP_CAN_TX_IRQHandler
                0x0000000008003bb4                EXTI0_IRQHandler
                0x0000000008003bb4                I2C2_EV_IRQHandler
                0x0000000008003bb4                UsageFault_Handler
                0x0000000008003bb4                ADC1_2_IRQHandler
                0x0000000008003bb4                SPI1_IRQHandler
                0x0000000008003bb4                CAN_SCE_IRQHandler
                0x0000000008003bb4                TAMPER_IRQHandler
                0x0000000008003bb4                TIM8_UP_IRQHandler
                0x0000000008003bb4                DMA2_Channel2_IRQHandler
                0x0000000008003bb4                USART3_IRQHandler
                0x0000000008003bb4                RTC_IRQHandler
                0x0000000008003bb4                DMA1_Channel7_IRQHandler
                0x0000000008003bb4                UART5_IRQHandler
                0x0000000008003bb4                ADC3_IRQHandler
                0x0000000008003bb4                CAN_RX1_IRQHandler
                0x0000000008003bb4                DMA2_Channel1_IRQHandler
                0x0000000008003bb4                I2C1_EV_IRQHandler
                0x0000000008003bb4                DMA1_Channel6_IRQHandler
                0x0000000008003bb4                UART4_IRQHandler
                0x0000000008003bb4                TIM3_IRQHandler
                0x0000000008003bb4                RCC_IRQHandler
                0x0000000008003bb4                TIM1_TRG_COM_IRQHandler
                0x0000000008003bb4                DMA1_Channel1_IRQHandler
                0x0000000008003bb4                Default_Handler
                0x0000000008003bb4                EXTI15_10_IRQHandler
                0x0000000008003bb4                TIM7_IRQHandler
                0x0000000008003bb4                TIM5_IRQHandler
                0x0000000008003bb4                EXTI9_5_IRQHandler
                0x0000000008003bb4                SPI2_IRQHandler
                0x0000000008003bb4                USB_LP_CAN_RX0_IRQHandler
                0x0000000008003bb4                MemManage_Handler
                0x0000000008003bb4                SVC_Handler
                0x0000000008003bb4                DMA1_Channel5_IRQHandler
                0x0000000008003bb4                EXTI4_IRQHandler
                0x0000000008003bb4                DMA1_Channel3_IRQHandler
                0x0000000008003bb4                FSMC_IRQHandler
                0x0000000008003bb4                TIM1_UP_IRQHandler
                0x0000000008003bb4                WWDG_IRQHandler
                0x0000000008003bb4                TIM2_IRQHandler
                0x0000000008003bb4                TIM1_BRK_IRQHandler
                0x0000000008003bb4                EXTI1_IRQHandler
                0x0000000008003bb4                RTCAlarm_IRQHandler
                0x0000000008003bb4                DMA2_Channel4_5_IRQHandler
                0x0000000008003bb4                USART2_IRQHandler
                0x0000000008003bb4                I2C2_ER_IRQHandler
                0x0000000008003bb4                DMA1_Channel2_IRQHandler
                0x0000000008003bb4                TIM8_BRK_IRQHandler
                0x0000000008003bb4                FLASH_IRQHandler
                0x0000000008003bb4                BusFault_Handler
                0x0000000008003bb4                SPI3_IRQHandler
                0x0000000008003bb4                I2C1_ER_IRQHandler
                0x0000000008003bb4                DMA2_Channel3_IRQHandler
 *fill*         0x0000000008003bb6        0x2 
 .text.atan     0x0000000008003bb8      0x314 /usr/lib/gcc/arm-none-eabi/8.3.0/../../../../arm-none-eabi/lib/thumb/v7-m/nofp/libm.a(lib_a-s_atan.o)
                0x0000000008003bb8                atan
 .text.fabs     0x0000000008003ecc        0x8 /usr/lib/gcc/arm-none-eabi/8.3.0/../../../../arm-none-eabi/lib/thumb/v7-m/nofp/libm.a(lib_a-s_fabs.o)
                0x0000000008003ecc                fabs
 .text.sqrt     0x0000000008003ed4       0xc0 /usr/lib/gcc/arm-none-eabi/8.3.0/../../../../arm-none-eabi/lib/thumb/v7-m/nofp/libm.a(lib_a-w_sqrt.o)
                0x0000000008003ed4                sqrt
 .text.__ieee754_sqrt
                0x0000000008003f94      0x17c /usr/lib/gcc/arm-none-eabi/8.3.0/../../../../arm-none-eabi/lib/thumb/v7-m/nofp/libm.a(lib_a-e_sqrt.o)
                0x0000000008003f94                __ieee754_sqrt
 .text.matherr  0x0000000008004110        0x4 /usr/lib/gcc/arm-none-eabi/8.3.0/../../../../arm-none-eabi/lib/thumb/v7-m/nofp/libm.a(lib_a-s_matherr.o)
                0x0000000008004110                matherr
 .text.atof     0x0000000008004114        0x6 /usr/lib/gcc/arm-none-eabi/8.3.0/../../../../arm-none-eabi/lib/thumb/v7-m/nofp/libc_nano.a(lib_a-atof.o)
                0x0000000008004114                atof
 *fill*         0x000000000800411a        0x2 
 .text.__errno  0x000000000800411c        0xc /usr/lib/gcc/arm-none-eabi/8.3.0/../../../../arm-none-eabi/lib/thumb/v7-m/nofp/libc_nano.a(lib_a-errno.o)
                0x000000000800411c                __errno
 .text.__libc_init_array
                0x0000000008004128       0x48 /usr/lib/gcc/arm-none-eabi/8.3.0/../../../../arm-none-eabi/lib/thumb/v7-m/nofp/libc_nano.a(lib_a-init.o)
                0x0000000008004128                __libc_init_array
 .text.__itoa   0x0000000008004170       0x30 /usr/lib/gcc/arm-none-eabi/8.3.0/../../../../arm-none-eabi/lib/thumb/v7-m/nofp/libc_nano.a(lib_a-itoa.o)
                0x0000000008004170                __itoa
 .text.itoa     0x00000000080041a0        0x4 /usr/lib/gcc/arm-none-eabi/8.3.0/../../../../arm-none-eabi/lib/thumb/v7-m/nofp/libc_nano.a(lib_a-itoa.o)
                0x00000000080041a0                itoa
 .text.memset   0x00000000080041a4       0x10 /usr/lib/gcc/arm-none-eabi/8.3.0/../../../../arm-none-eabi/lib/thumb/v7-m/nofp/libc_nano.a(lib_a-memset.o)
                0x00000000080041a4                memset
 .text.__cvt    0x00000000080041b4       0xba /usr/lib/gcc/arm-none-eabi/8.3.0/../../../../arm-none-eabi/lib/thumb/v7-m/nofp/libc_nano.a(lib_a-nano-vfprintf_float.o)
                0x00000000080041b4                __cvt
 .text.__exponent
                0x000000000800426e       0x66 /usr/lib/gcc/arm-none-eabi/8.3.0/../../../../arm-none-eabi/lib/thumb/v7-m/nofp/libc_nano.a(lib_a-nano-vfprintf_float.o)
                0x000000000800426e                __exponent
 .text._printf_float
                0x00000000080042d4      0x43c /usr/lib/gcc/arm-none-eabi/8.3.0/../../../../arm-none-eabi/lib/thumb/v7-m/nofp/libc_nano.a(lib_a-nano-vfprintf_float.o)
                0x00000000080042d4                _printf_float
 .text._printf_common
                0x0000000008004710       0xec /usr/lib/gcc/arm-none-eabi/8.3.0/../../../../arm-none-eabi/lib/thumb/v7-m/nofp/libc_nano.a(lib_a-nano-vfprintf_i.o)
                0x0000000008004710                _printf_common
 .text._printf_i
                0x00000000080047fc      0x22c /usr/lib/gcc/arm-none-eabi/8.3.0/../../../../arm-none-eabi/lib/thumb/v7-m/nofp/libc_nano.a(lib_a-nano-vfprintf_i.o)
                0x00000000080047fc                _printf_i
 .text.sprintf  0x0000000008004a28       0x40 /usr/lib/gcc/arm-none-eabi/8.3.0/../../../../arm-none-eabi/lib/thumb/v7-m/nofp/libc_nano.a(lib_a-sprintf.o)
                0x0000000008004a28                sprintf
                0x0000000008004a28                siprintf
 .text.strcat   0x0000000008004a68       0x20 /usr/lib/gcc/arm-none-eabi/8.3.0/../../../../arm-none-eabi/lib/thumb/v7-m/nofp/libc_nano.a(lib_a-strcat.o)
                0x0000000008004a68                strcat
 .text.strcpy   0x0000000008004a88       0x10 /usr/lib/gcc/arm-none-eabi/8.3.0/../../../../arm-none-eabi/lib/thumb/v7-m/nofp/libc_nano.a(lib_a-strcpy.o)
                0x0000000008004a88                strcpy
 .text.strncmp  0x0000000008004a98       0x24 /usr/lib/gcc/arm-none-eabi/8.3.0/../../../../arm-none-eabi/lib/thumb/v7-m/nofp/libc_nano.a(lib_a-strncmp.o)
                0x0000000008004a98                strncmp
 .text.sulp     0x0000000008004abc       0x42 /usr/lib/gcc/arm-none-eabi/8.3.0/../../../../arm-none-eabi/lib/thumb/v7-m/nofp/libc_nano.a(lib_a-strtod.o)
 *fill*         0x0000000008004afe        0x2 
 .text._strtod_l
                0x0000000008004b00      0xbf0 /usr/lib/gcc/arm-none-eabi/8.3.0/../../../../arm-none-eabi/lib/thumb/v7-m/nofp/libc_nano.a(lib_a-strtod.o)
                0x0000000008004b00                _strtod_l
 .text.strtod   0x00000000080056f0       0x18 /usr/lib/gcc/arm-none-eabi/8.3.0/../../../../arm-none-eabi/lib/thumb/v7-m/nofp/libc_nano.a(lib_a-strtod.o)
                0x00000000080056f0                strtod
 .text.strupr   0x0000000008005708       0x24 /usr/lib/gcc/arm-none-eabi/8.3.0/../../../../arm-none-eabi/lib/thumb/v7-m/nofp/libc_nano.a(lib_a-strupr.o)
                0x0000000008005708                strupr
 .text.__utoa   0x000000000800572c       0x80 /usr/lib/gcc/arm-none-eabi/8.3.0/../../../../arm-none-eabi/lib/thumb/v7-m/nofp/libc_nano.a(lib_a-utoa.o)
                0x000000000800572c                __utoa
 .text.quorem   0x00000000080057ac      0x118 /usr/lib/gcc/arm-none-eabi/8.3.0/../../../../arm-none-eabi/lib/thumb/v7-m/nofp/libc_nano.a(lib_a-dtoa.o)
 *fill*         0x00000000080058c4        0x4 
 .text._dtoa_r  0x00000000080058c8      0xb60 /usr/lib/gcc/arm-none-eabi/8.3.0/../../../../arm-none-eabi/lib/thumb/v7-m/nofp/libc_nano.a(lib_a-dtoa.o)
                0x00000000080058c8                _dtoa_r
 .text.rshift   0x0000000008006428       0x76 /usr/lib/gcc/arm-none-eabi/8.3.0/../../../../arm-none-eabi/lib/thumb/v7-m/nofp/libc_nano.a(lib_a-gdtoa-gethex.o)
 .text.__hexdig_fun
                0x000000000800649e       0x2a /usr/lib/gcc/arm-none-eabi/8.3.0/../../../../arm-none-eabi/lib/thumb/v7-m/nofp/libc_nano.a(lib_a-gdtoa-gethex.o)
                0x000000000800649e                __hexdig_fun
 .text.__gethex
                0x00000000080064c8      0x448 /usr/lib/gcc/arm-none-eabi/8.3.0/../../../../arm-none-eabi/lib/thumb/v7-m/nofp/libc_nano.a(lib_a-gdtoa-gethex.o)
                0x00000000080064c8                __gethex
 .text.L_shift  0x0000000008006910       0x24 /usr/lib/gcc/arm-none-eabi/8.3.0/../../../../arm-none-eabi/lib/thumb/v7-m/nofp/libc_nano.a(lib_a-gdtoa-hexnan.o)
 .text.__match  0x0000000008006934       0x28 /usr/lib/gcc/arm-none-eabi/8.3.0/../../../../arm-none-eabi/lib/thumb/v7-m/nofp/libc_nano.a(lib_a-gdtoa-hexnan.o)
                0x0000000008006934                __match
 .text.__hexnan
                0x000000000800695c      0x120 /usr/lib/gcc/arm-none-eabi/8.3.0/../../../../arm-none-eabi/lib/thumb/v7-m/nofp/libc_nano.a(lib_a-gdtoa-hexnan.o)
                0x000000000800695c                __hexnan
 .text._localeconv_r
                0x0000000008006a7c        0x8 /usr/lib/gcc/arm-none-eabi/8.3.0/../../../../arm-none-eabi/lib/thumb/v7-m/nofp/libc_nano.a(lib_a-localeconv.o)
                0x0000000008006a7c                _localeconv_r
 .text.malloc   0x0000000008006a84       0x10 /usr/lib/gcc/arm-none-eabi/8.3.0/../../../../arm-none-eabi/lib/thumb/v7-m/nofp/libc_nano.a(lib_a-malloc.o)
                0x0000000008006a84                malloc
 .text.__ascii_mbtowc
                0x0000000008006a94       0x24 /usr/lib/gcc/arm-none-eabi/8.3.0/../../../../arm-none-eabi/lib/thumb/v7-m/nofp/libc_nano.a(lib_a-mbtowc_r.o)
                0x0000000008006a94                __ascii_mbtowc
 .text.memchr   0x0000000008006ab8       0x1c /usr/lib/gcc/arm-none-eabi/8.3.0/../../../../arm-none-eabi/lib/thumb/v7-m/nofp/libc_nano.a(lib_a-memchr-stub.o)
                0x0000000008006ab8                memchr
 .text.memcpy   0x0000000008006ad4       0x1c /usr/lib/gcc/arm-none-eabi/8.3.0/../../../../arm-none-eabi/lib/thumb/v7-m/nofp/libc_nano.a(lib_a-memcpy-stub.o)
                0x0000000008006ad4                memcpy
 .text._Balloc  0x0000000008006af0       0x68 /usr/lib/gcc/arm-none-eabi/8.3.0/../../../../arm-none-eabi/lib/thumb/v7-m/nofp/libc_nano.a(lib_a-mprec.o)
                0x0000000008006af0                _Balloc
 .text._Bfree   0x0000000008006b58       0x2e /usr/lib/gcc/arm-none-eabi/8.3.0/../../../../arm-none-eabi/lib/thumb/v7-m/nofp/libc_nano.a(lib_a-mprec.o)
                0x0000000008006b58                _Bfree
 .text.__multadd
                0x0000000008006b86       0x76 /usr/lib/gcc/arm-none-eabi/8.3.0/../../../../arm-none-eabi/lib/thumb/v7-m/nofp/libc_nano.a(lib_a-mprec.o)
                0x0000000008006b86                __multadd
 .text.__s2b    0x0000000008006bfc       0x7c /usr/lib/gcc/arm-none-eabi/8.3.0/../../../../arm-none-eabi/lib/thumb/v7-m/nofp/libc_nano.a(lib_a-mprec.o)
                0x0000000008006bfc                __s2b
 .text.__hi0bits
                0x0000000008006c78       0x40 /usr/lib/gcc/arm-none-eabi/8.3.0/../../../../arm-none-eabi/lib/thumb/v7-m/nofp/libc_nano.a(lib_a-mprec.o)
                0x0000000008006c78                __hi0bits
 .text.__lo0bits
                0x0000000008006cb8       0x60 /usr/lib/gcc/arm-none-eabi/8.3.0/../../../../arm-none-eabi/lib/thumb/v7-m/nofp/libc_nano.a(lib_a-mprec.o)
                0x0000000008006cb8                __lo0bits
 .text.__i2b    0x0000000008006d18       0x12 /usr/lib/gcc/arm-none-eabi/8.3.0/../../../../arm-none-eabi/lib/thumb/v7-m/nofp/libc_nano.a(lib_a-mprec.o)
                0x0000000008006d18                __i2b
 .text.__multiply
                0x0000000008006d2a      0x11e /usr/lib/gcc/arm-none-eabi/8.3.0/../../../../arm-none-eabi/lib/thumb/v7-m/nofp/libc_nano.a(lib_a-mprec.o)
                0x0000000008006d2a                __multiply
 .text.__pow5mult
                0x0000000008006e48       0x9c /usr/lib/gcc/arm-none-eabi/8.3.0/../../../../arm-none-eabi/lib/thumb/v7-m/nofp/libc_nano.a(lib_a-mprec.o)
                0x0000000008006e48                __pow5mult
 .text.__lshift
                0x0000000008006ee4       0xa6 /usr/lib/gcc/arm-none-eabi/8.3.0/../../../../arm-none-eabi/lib/thumb/v7-m/nofp/libc_nano.a(lib_a-mprec.o)
                0x0000000008006ee4                __lshift
 .text.__mcmp   0x0000000008006f8a       0x34 /usr/lib/gcc/arm-none-eabi/8.3.0/../../../../arm-none-eabi/lib/thumb/v7-m/nofp/libc_nano.a(lib_a-mprec.o)
                0x0000000008006f8a                __mcmp
 .text.__mdiff  0x0000000008006fbe       0xbc /usr/lib/gcc/arm-none-eabi/8.3.0/../../../../arm-none-eabi/lib/thumb/v7-m/nofp/libc_nano.a(lib_a-mprec.o)
                0x0000000008006fbe                __mdiff
 *fill*         0x000000000800707a        0x2 
 .text.__ulp    0x000000000800707c       0x44 /usr/lib/gcc/arm-none-eabi/8.3.0/../../../../arm-none-eabi/lib/thumb/v7-m/nofp/libc_nano.a(lib_a-mprec.o)
                0x000000000800707c                __ulp
 .text.__b2d    0x00000000080070c0       0xa8 /usr/lib/gcc/arm-none-eabi/8.3.0/../../../../arm-none-eabi/lib/thumb/v7-m/nofp/libc_nano.a(lib_a-mprec.o)
                0x00000000080070c0                __b2d
 .text.__d2b    0x0000000008007168       0x9c /usr/lib/gcc/arm-none-eabi/8.3.0/../../../../arm-none-eabi/lib/thumb/v7-m/nofp/libc_nano.a(lib_a-mprec.o)
                0x0000000008007168                __d2b
 .text.__ratio  0x0000000008007204       0x5c /usr/lib/gcc/arm-none-eabi/8.3.0/../../../../arm-none-eabi/lib/thumb/v7-m/nofp/libc_nano.a(lib_a-mprec.o)
                0x0000000008007204                __ratio
 .text.__copybits
                0x0000000008007260       0x34 /usr/lib/gcc/arm-none-eabi/8.3.0/../../../../arm-none-eabi/lib/thumb/v7-m/nofp/libc_nano.a(lib_a-mprec.o)
                0x0000000008007260                __copybits
 .text.__any_on
                0x0000000008007294       0x42 /usr/lib/gcc/arm-none-eabi/8.3.0/../../../../arm-none-eabi/lib/thumb/v7-m/nofp/libc_nano.a(lib_a-mprec.o)
                0x0000000008007294                __any_on
 .text._calloc_r
                0x00000000080072d6       0x1c /usr/lib/gcc/arm-none-eabi/8.3.0/../../../../arm-none-eabi/lib/thumb/v7-m/nofp/libc_nano.a(lib_a-nano-callocr.o)
                0x00000000080072d6                _calloc_r
 *fill*         0x00000000080072f2        0x2 
 .text._free_r  0x00000000080072f4       0x98 /usr/lib/gcc/arm-none-eabi/8.3.0/../../../../arm-none-eabi/lib/thumb/v7-m/nofp/libc_nano.a(lib_a-nano-freer.o)
                0x00000000080072f4                _free_r
 .text._malloc_r
                0x000000000800738c       0xb4 /usr/lib/gcc/arm-none-eabi/8.3.0/../../../../arm-none-eabi/lib/thumb/v7-m/nofp/libc_nano.a(lib_a-nano-mallocr.o)
                0x000000000800738c                _malloc_r
 .text.__ssputs_r
                0x0000000008007440       0xb6 /usr/lib/gcc/arm-none-eabi/8.3.0/../../../../arm-none-eabi/lib/thumb/v7-m/nofp/libc_nano.a(lib_a-nano-svfprintf.o)
                0x0000000008007440                __ssputs_r
 *fill*         0x00000000080074f6        0x2 
 .text._svfprintf_r
                0x00000000080074f8      0x1f0 /usr/lib/gcc/arm-none-eabi/8.3.0/../../../../arm-none-eabi/lib/thumb/v7-m/nofp/libc_nano.a(lib_a-nano-svfprintf.o)
                0x00000000080074f8                _svfprintf_r
                0x00000000080074f8                _svfiprintf_r
 .text._sbrk_r  0x00000000080076e8       0x20 /usr/lib/gcc/arm-none-eabi/8.3.0/../../../../arm-none-eabi/lib/thumb/v7-m/nofp/libc_nano.a(lib_a-sbrkr.o)
                0x00000000080076e8                _sbrk_r
 .text.nan      0x0000000008007708        0xc /usr/lib/gcc/arm-none-eabi/8.3.0/../../../../arm-none-eabi/lib/thumb/v7-m/nofp/libc_nano.a(lib_a-s_nan.o)
                0x0000000008007708                nan
 .text.__ascii_wctomb
                0x0000000008007714       0x1a /usr/lib/gcc/arm-none-eabi/8.3.0/../../../../arm-none-eabi/lib/thumb/v7-m/nofp/libc_nano.a(lib_a-wctomb_r.o)
                0x0000000008007714                __ascii_wctomb
 .text.memmove  0x000000000800772e       0x34 /usr/lib/gcc/arm-none-eabi/8.3.0/../../../../arm-none-eabi/lib/thumb/v7-m/nofp/libc_nano.a(lib_a-memmove.o)
                0x000000000800772e                memmove
 .text.__malloc_lock
                0x0000000008007762        0x2 /usr/lib/gcc/arm-none-eabi/8.3.0/../../../../arm-none-eabi/lib/thumb/v7-m/nofp/libc_nano.a(lib_a-mlock.o)
                0x0000000008007762                __malloc_lock
 .text.__malloc_unlock
                0x0000000008007764        0x2 /usr/lib/gcc/arm-none-eabi/8.3.0/../../../../arm-none-eabi/lib/thumb/v7-m/nofp/libc_nano.a(lib_a-mlock.o)
                0x0000000008007764                __malloc_unlock
 .text._realloc_r
                0x0000000008007766       0x4c /usr/lib/gcc/arm-none-eabi/8.3.0/../../../../arm-none-eabi/lib/thumb/v7-m/nofp/libc_nano.a(lib_a-nano-reallocr.o)
                0x0000000008007766                _realloc_r
 .text._malloc_usable_size_r
                0x00000000080077b2       0x10 /usr/lib/gcc/arm-none-eabi/8.3.0/../../../../arm-none-eabi/lib/thumb/v7-m/nofp/libc_nano.a(lib_a-nano-msizer.o)
                0x00000000080077b2                _malloc_usable_size_r
 .text.__fixdfdi
                0x00000000080077c2       0x32 /usr/lib/gcc/arm-none-eabi/8.3.0/thumb/v7-m/nofp/libgcc.a(_fixdfdi.o)
                0x00000000080077c2                __aeabi_d2lz
                0x00000000080077c2                __fixdfdi
 .text.__fixunsdfdi
                0x00000000080077f4       0x3c /usr/lib/gcc/arm-none-eabi/8.3.0/thumb/v7-m/nofp/libgcc.a(_fixunsdfdi.o)
                0x00000000080077f4                __aeabi_d2ulz
                0x00000000080077f4                __fixunsdfdi
 .text._sbrk    0x0000000008007830       0x1c /usr/lib/gcc/arm-none-eabi/8.3.0/../../../../arm-none-eabi/lib/thumb/v7-m/nofp/libnosys.a(sbrk.o)
                0x0000000008007830                _sbrk
 *(.glue_7)
 .glue_7        0x000000000800784c        0x0 linker stubs
 *(.glue_7t)
 .glue_7t       0x000000000800784c        0x0 linker stubs
 *(.eh_frame)
 .eh_frame      0x000000000800784c        0x0 /usr/lib/gcc/arm-none-eabi/8.3.0/thumb/v7-m/nofp/crtbegin.o
 *(.init)
 .init          0x000000000800784c        0x4 /usr/lib/gcc/arm-none-eabi/8.3.0/thumb/v7-m/nofp/crti.o
                0x000000000800784c                _init
 .init          0x0000000008007850        0x8 /usr/lib/gcc/arm-none-eabi/8.3.0/thumb/v7-m/nofp/crtn.o
 *(.fini)
 .fini          0x0000000008007858        0x4 /usr/lib/gcc/arm-none-eabi/8.3.0/thumb/v7-m/nofp/crti.o
                0x0000000008007858                _fini
 .fini          0x000000000800785c        0x8 /usr/lib/gcc/arm-none-eabi/8.3.0/thumb/v7-m/nofp/crtn.o
                0x0000000008007864                . = ALIGN (0x4)
                0x0000000008007864                _etext = .

.vfp11_veneer   0x0000000008007864        0x0
 .vfp11_veneer  0x0000000008007864        0x0 linker stubs

.v4_bx          0x0000000008007864        0x0
 .v4_bx         0x0000000008007864        0x0 linker stubs

.iplt           0x0000000008007864        0x0
 .iplt          0x0000000008007864        0x0 /usr/lib/gcc/arm-none-eabi/8.3.0/thumb/v7-m/nofp/crtbegin.o

.rodata         0x0000000008007868      0x3e0
                0x0000000008007868                . = ALIGN (0x4)
 *(.rodata)
 .rodata        0x0000000008007868       0x72 src/main.o
 *fill*         0x00000000080078da        0x2 
 .rodata        0x00000000080078dc       0x36 src/usart_cmd.o
 *(.rodata*)
 *fill*         0x0000000008007912        0x6 
 .rodata.atanhi
                0x0000000008007918       0x20 /usr/lib/gcc/arm-none-eabi/8.3.0/../../../../arm-none-eabi/lib/thumb/v7-m/nofp/libm.a(lib_a-s_atan.o)
 .rodata.atanlo
                0x0000000008007938       0x20 /usr/lib/gcc/arm-none-eabi/8.3.0/../../../../arm-none-eabi/lib/thumb/v7-m/nofp/libm.a(lib_a-s_atan.o)
 .rodata.sqrt.str1.4
                0x0000000008007958        0x8 /usr/lib/gcc/arm-none-eabi/8.3.0/../../../../arm-none-eabi/lib/thumb/v7-m/nofp/libm.a(lib_a-w_sqrt.o)
                                          0x5 (size before relaxing)
 .rodata._printf_float.str1.1
                0x0000000008007960       0x12 /usr/lib/gcc/arm-none-eabi/8.3.0/../../../../arm-none-eabi/lib/thumb/v7-m/nofp/libc_nano.a(lib_a-nano-vfprintf_float.o)
 .rodata._printf_i.str1.1
                0x0000000008007972       0x22 /usr/lib/gcc/arm-none-eabi/8.3.0/../../../../arm-none-eabi/lib/thumb/v7-m/nofp/libc_nano.a(lib_a-nano-vfprintf_i.o)
 .rodata._strtod_l.str1.1
                0x0000000008007994       0x22 /usr/lib/gcc/arm-none-eabi/8.3.0/../../../../arm-none-eabi/lib/thumb/v7-m/nofp/libc_nano.a(lib_a-strtod.o)
                                          0xd (size before relaxing)
 .rodata.fpi.6203
                0x0000000008007994       0x14 /usr/lib/gcc/arm-none-eabi/8.3.0/../../../../arm-none-eabi/lib/thumb/v7-m/nofp/libc_nano.a(lib_a-strtod.o)
 .rodata.fpinan.6239
                0x00000000080079a8       0x14 /usr/lib/gcc/arm-none-eabi/8.3.0/../../../../arm-none-eabi/lib/thumb/v7-m/nofp/libc_nano.a(lib_a-strtod.o)
 *fill*         0x00000000080079bc        0x4 
 .rodata.tinytens
                0x00000000080079c0       0x28 /usr/lib/gcc/arm-none-eabi/8.3.0/../../../../arm-none-eabi/lib/thumb/v7-m/nofp/libc_nano.a(lib_a-strtod.o)
 .rodata.__utoa.str1.1
                0x00000000080079e8       0x25 /usr/lib/gcc/arm-none-eabi/8.3.0/../../../../arm-none-eabi/lib/thumb/v7-m/nofp/libc_nano.a(lib_a-utoa.o)
 .rodata._ctype_
                0x0000000008007a0d      0x101 /usr/lib/gcc/arm-none-eabi/8.3.0/../../../../arm-none-eabi/lib/thumb/v7-m/nofp/libc_nano.a(lib_a-ctype_.o)
                0x0000000008007a0d                _ctype_
 .rodata._dtoa_r.str1.1
                0x0000000008007b0e        0xd /usr/lib/gcc/arm-none-eabi/8.3.0/../../../../arm-none-eabi/lib/thumb/v7-m/nofp/libc_nano.a(lib_a-dtoa.o)
                                          0xf (size before relaxing)
 *fill*         0x0000000008007b1b        0x1 
 .rodata._C_numeric_locale
                0x0000000008007b1c        0xc /usr/lib/gcc/arm-none-eabi/8.3.0/../../../../arm-none-eabi/lib/thumb/v7-m/nofp/libc_nano.a(lib_a-lnumeric.o)
                0x0000000008007b1c                _C_numeric_locale
 .rodata.str1.1
                0x0000000008007b28        0x2 /usr/lib/gcc/arm-none-eabi/8.3.0/../../../../arm-none-eabi/lib/thumb/v7-m/nofp/libc_nano.a(lib_a-lnumeric.o)
                                          0x3 (size before relaxing)
 .rodata._setlocale_r.str1.1
                0x0000000008007b2a        0x8 /usr/lib/gcc/arm-none-eabi/8.3.0/../../../../arm-none-eabi/lib/thumb/v7-m/nofp/libc_nano.a(lib_a-locale.o)
                                          0x9 (size before relaxing)
 .rodata.str1.1
                0x0000000008007b32        0x2 /usr/lib/gcc/arm-none-eabi/8.3.0/../../../../arm-none-eabi/lib/thumb/v7-m/nofp/libc_nano.a(lib_a-locale.o)
 *fill*         0x0000000008007b32        0x6 
 .rodata.__mprec_bigtens
                0x0000000008007b38       0x28 /usr/lib/gcc/arm-none-eabi/8.3.0/../../../../arm-none-eabi/lib/thumb/v7-m/nofp/libc_nano.a(lib_a-mprec.o)
                0x0000000008007b38                __mprec_bigtens
 .rodata.__mprec_tens
                0x0000000008007b60       0xc8 /usr/lib/gcc/arm-none-eabi/8.3.0/../../../../arm-none-eabi/lib/thumb/v7-m/nofp/libc_nano.a(lib_a-mprec.o)
                0x0000000008007b60                __mprec_tens
 .rodata.p05.6127
                0x0000000008007c28        0xc /usr/lib/gcc/arm-none-eabi/8.3.0/../../../../arm-none-eabi/lib/thumb/v7-m/nofp/libc_nano.a(lib_a-mprec.o)
 .rodata._svfprintf_r.str1.1
                0x0000000008007c34       0x11 /usr/lib/gcc/arm-none-eabi/8.3.0/../../../../arm-none-eabi/lib/thumb/v7-m/nofp/libc_nano.a(lib_a-nano-svfprintf.o)
                0x0000000008007c48                . = ALIGN (0x4)
 *fill*         0x0000000008007c45        0x3 

.rel.dyn        0x0000000008007c48        0x0
 .rel.iplt      0x0000000008007c48        0x0 /usr/lib/gcc/arm-none-eabi/8.3.0/thumb/v7-m/nofp/crtbegin.o

.ARM.extab      0x0000000008007c48        0x0
                0x0000000008007c48                . = ALIGN (0x4)
 *(.ARM.extab* .gnu.linkonce.armextab.*)
                0x0000000008007c48                . = ALIGN (0x4)

.ARM            0x0000000008007c48        0x0
                0x0000000008007c48                . = ALIGN (0x4)
                0x0000000008007c48                __exidx_start = .
 *(.ARM.exidx*)
                0x0000000008007c48                __exidx_end = .
                0x0000000008007c48                . = ALIGN (0x4)

.preinit_array  0x0000000008007c48        0x0
                0x0000000008007c48                . = ALIGN (0x4)
                0x0000000008007c48                PROVIDE (__preinit_array_start = .)
 *(.preinit_array*)
                0x0000000008007c48                PROVIDE (__preinit_array_end = .)
                0x0000000008007c48                . = ALIGN (0x4)

.init_array     0x0000000008007c48        0x4
                0x0000000008007c48                . = ALIGN (0x4)
                0x0000000008007c48                PROVIDE (__init_array_start = .)
 *(SORT_BY_NAME(.init_array.*))
 *(.init_array*)
 .init_array    0x0000000008007c48        0x4 /usr/lib/gcc/arm-none-eabi/8.3.0/thumb/v7-m/nofp/crtbegin.o
                0x0000000008007c4c                PROVIDE (__init_array_end = .)
                0x0000000008007c4c                . = ALIGN (0x4)

.fini_array     0x0000000008007c4c        0x4
                0x0000000008007c4c                . = ALIGN (0x4)
                0x0000000008007c4c                PROVIDE (__fini_array_start = .)
 *(SORT_BY_NAME(.fini_array.*))
 *(.fini_array*)
 .fini_array    0x0000000008007c4c        0x4 /usr/lib/gcc/arm-none-eabi/8.3.0/thumb/v7-m/nofp/crtbegin.o
                0x0000000008007c50                PROVIDE (__fini_array_end = .)
                0x0000000008007c50                . = ALIGN (0x4)
                0x0000000008007c50                _sidata = LOADADDR (.data)

.data           0x0000000020000000      0x204 load address 0x0000000008007c50
                0x0000000020000000                . = ALIGN (0x4)
                0x0000000020000000                _sdata = .
 *(.data)
 .data          0x0000000020000000       0x14 StdPeriph_Driver/src/stm32f10x_rcc.o
 *fill*         0x0000000020000014        0x4 
 .data          0x0000000020000018        0x8 src/main.o
                0x0000000020000018                K_P
 .data          0x0000000020000020        0xc src/tm_stm32f4_i2c.o
 *(.data*)
 .data.__fdlib_version
                0x000000002000002c        0x1 /usr/lib/gcc/arm-none-eabi/8.3.0/../../../../arm-none-eabi/lib/thumb/v7-m/nofp/libm.a(lib_a-s_lib_ver.o)
                0x000000002000002c                __fdlib_version
 *fill*         0x000000002000002d        0x3 
 .data._impure_ptr
                0x0000000020000030        0x4 /usr/lib/gcc/arm-none-eabi/8.3.0/../../../../arm-none-eabi/lib/thumb/v7-m/nofp/libc_nano.a(lib_a-impure.o)
                0x0000000020000030                _impure_ptr
 .data.impure_data
                0x0000000020000034       0x60 /usr/lib/gcc/arm-none-eabi/8.3.0/../../../../arm-none-eabi/lib/thumb/v7-m/nofp/libc_nano.a(lib_a-impure.o)
 .data.numempty
                0x0000000020000094        0x2 /usr/lib/gcc/arm-none-eabi/8.3.0/../../../../arm-none-eabi/lib/thumb/v7-m/nofp/libc_nano.a(lib_a-lnumeric.o)
 *fill*         0x0000000020000096        0x2 
 .data.__global_locale
                0x0000000020000098      0x16c /usr/lib/gcc/arm-none-eabi/8.3.0/../../../../arm-none-eabi/lib/thumb/v7-m/nofp/libc_nano.a(lib_a-locale.o)
                0x0000000020000098                __global_locale
                0x0000000020000204                . = ALIGN (0x4)
                0x0000000020000204                _edata = .

.igot.plt       0x0000000020000204        0x0 load address 0x0000000008007e54
 .igot.plt      0x0000000020000204        0x0 /usr/lib/gcc/arm-none-eabi/8.3.0/thumb/v7-m/nofp/crtbegin.o
                0x0000000020000204                . = ALIGN (0x4)

.bss            0x0000000020000208      0x2c4 load address 0x0000000008007e54
                0x0000000020000208                _sbss = .
                0x0000000020000208                __bss_start__ = _sbss
 *(.bss)
 .bss           0x0000000020000208       0x50 src/initial.o
                0x0000000020000208                buffer
 .bss           0x0000000020000258       0x70 src/main.o
                0x0000000020000258                RX_FLAG_END_LINE
                0x000000002000025c                RX_BUF
                0x00000000200002ac                I2C_FLAG_READ
                0x00000000200002ad                state
                0x00000000200002ae                timer
                0x00000000200002b0                dt
                0x00000000200002b8                K_I
                0x00000000200002c0                K_D
 .bss           0x00000000200002c8        0x4 src/tm_stm32f4_i2c.o
 *(.bss*)
 .bss.completed.8859
                0x00000000200002cc        0x1 /usr/lib/gcc/arm-none-eabi/8.3.0/thumb/v7-m/nofp/crtbegin.o
 *fill*         0x00000000200002cd        0x3 
 .bss.object.8864
                0x00000000200002d0       0x18 /usr/lib/gcc/arm-none-eabi/8.3.0/thumb/v7-m/nofp/crtbegin.o
 .bss.__malloc_free_list
                0x00000000200002e8        0x4 /usr/lib/gcc/arm-none-eabi/8.3.0/../../../../arm-none-eabi/lib/thumb/v7-m/nofp/libc_nano.a(lib_a-nano-mallocr.o)
                0x00000000200002e8                __malloc_free_list
 .bss.__malloc_sbrk_start
                0x00000000200002ec        0x4 /usr/lib/gcc/arm-none-eabi/8.3.0/../../../../arm-none-eabi/lib/thumb/v7-m/nofp/libc_nano.a(lib_a-nano-mallocr.o)
                0x00000000200002ec                __malloc_sbrk_start
 .bss.heap_end.4194
                0x00000000200002f0        0x4 /usr/lib/gcc/arm-none-eabi/8.3.0/../../../../arm-none-eabi/lib/thumb/v7-m/nofp/libnosys.a(sbrk.o)
 *(COMMON)
 COMMON         0x00000000200002f4       0x28 src/initial.o
                0x00000000200002f4                PWM2
                0x00000000200002f8                timerPWM2
                0x0000000020000308                PWM1
                0x000000002000030c                timerPWM1
 *fill*         0x000000002000031c        0x4 
 COMMON         0x0000000020000320      0x178 src/main.o
                0x0000000020000320                t_next
                0x0000000020000324                UCMD
                0x0000000020000328                p_next
                0x000000002000032c                MPU6050_Data
                0x0000000020000348                PID_out
                0x0000000020000350                buffer_str_t
                0x00000000200003a0                angle_cpl
                0x00000000200003a4                MPU6050_Raw_factor
                0x00000000200003c0                RXc
                0x00000000200003c4                MPU6050_Raw
                0x00000000200003e0                RXi
                0x00000000200003e8                yaw
                0x00000000200003f0                referenceValue
                0x00000000200003f8                pitch
                0x0000000020000400                roll
                0x0000000020000408                angle_gx
                0x0000000020000410                buffer_str
                0x0000000020000488                measurementValue
                0x0000000020000490                angle_ax
                0x0000000020000494                last_ay
 COMMON         0x0000000020000498       0x30 src/pid.o
                0x0000000020000498                pidData
 COMMON         0x00000000200004c8        0x4 /usr/lib/gcc/arm-none-eabi/8.3.0/../../../../arm-none-eabi/lib/thumb/v7-m/nofp/libc_nano.a(lib_a-reent.o)
                0x00000000200004c8                errno
                0x00000000200004cc                . = ALIGN (0x4)
                0x00000000200004cc                _ebss = .
                0x00000000200004cc                __bss_end__ = _ebss

._user_heap_stack
                0x00000000200004cc      0x404 load address 0x0000000008007e54
                0x00000000200004d0                . = ALIGN (0x8)
 *fill*         0x00000000200004cc        0x4 
                0x00000000200004d0                PROVIDE (end = .)
                [!provide]                        PROVIDE (_end = .)
                0x00000000200004d0                . = (. + _Min_Heap_Size)
                0x00000000200008d0                . = (. + _Min_Stack_Size)
 *fill*         0x00000000200004d0      0x400 
                0x00000000200008d0                . = ALIGN (0x8)

/DISCARD/
 libc.a(*)
 libm.a(*)
 libgcc.a(*)

.ARM.attributes
                0x0000000000000000       0x29
 *(.ARM.attributes)
 .ARM.attributes
                0x0000000000000000       0x1d /usr/lib/gcc/arm-none-eabi/8.3.0/thumb/v7-m/nofp/crti.o
 .ARM.attributes
                0x000000000000001d       0x2d /usr/lib/gcc/arm-none-eabi/8.3.0/thumb/v7-m/nofp/crtbegin.o
 .ARM.attributes
                0x000000000000004a       0x33 StdPeriph_Driver/src/misc.o
 .ARM.attributes
                0x000000000000007d       0x33 StdPeriph_Driver/src/stm32f10x_dma.o
 .ARM.attributes
                0x00000000000000b0       0x33 StdPeriph_Driver/src/stm32f10x_flash.o
 .ARM.attributes
                0x00000000000000e3       0x33 StdPeriph_Driver/src/stm32f10x_gpio.o
 .ARM.attributes
                0x0000000000000116       0x33 StdPeriph_Driver/src/stm32f10x_i2c.o
 .ARM.attributes
                0x0000000000000149       0x33 StdPeriph_Driver/src/stm32f10x_rcc.o
 .ARM.attributes
                0x000000000000017c       0x33 StdPeriph_Driver/src/stm32f10x_tim.o
 .ARM.attributes
                0x00000000000001af       0x33 StdPeriph_Driver/src/stm32f10x_usart.o
 .ARM.attributes
                0x00000000000001e2       0x33 src/initial.o
 .ARM.attributes
                0x0000000000000215       0x2d src/main.o
 .ARM.attributes
                0x0000000000000242       0x33 src/pid.o
 .ARM.attributes
                0x0000000000000275       0x33 src/tm_stm32f4_i2c.o
 .ARM.attributes
                0x00000000000002a8       0x33 src/tm_stm32f4_mpu6050.o
 .ARM.attributes
                0x00000000000002db       0x33 src/usart_cmd.o
 .ARM.attributes
                0x000000000000030e       0x21 startup/startup_stm32.o
 .ARM.attributes
                0x000000000000032f       0x2d /usr/lib/gcc/arm-none-eabi/8.3.0/../../../../arm-none-eabi/lib/thumb/v7-m/nofp/libm.a(lib_a-s_atan.o)
 .ARM.attributes
                0x000000000000035c       0x2d /usr/lib/gcc/arm-none-eabi/8.3.0/../../../../arm-none-eabi/lib/thumb/v7-m/nofp/libm.a(lib_a-s_fabs.o)
 .ARM.attributes
                0x0000000000000389       0x2d /usr/lib/gcc/arm-none-eabi/8.3.0/../../../../arm-none-eabi/lib/thumb/v7-m/nofp/libm.a(lib_a-w_sqrt.o)
 .ARM.attributes
                0x00000000000003b6       0x2d /usr/lib/gcc/arm-none-eabi/8.3.0/../../../../arm-none-eabi/lib/thumb/v7-m/nofp/libm.a(lib_a-e_sqrt.o)
 .ARM.attributes
                0x00000000000003e3       0x2d /usr/lib/gcc/arm-none-eabi/8.3.0/../../../../arm-none-eabi/lib/thumb/v7-m/nofp/libm.a(lib_a-s_lib_ver.o)
 .ARM.attributes
                0x0000000000000410       0x2d /usr/lib/gcc/arm-none-eabi/8.3.0/../../../../arm-none-eabi/lib/thumb/v7-m/nofp/libm.a(lib_a-s_matherr.o)
 .ARM.attributes
                0x000000000000043d       0x1d /usr/lib/gcc/arm-none-eabi/8.3.0/thumb/v7-m/nofp/libgcc.a(_arm_addsubdf3.o)
 .ARM.attributes
                0x000000000000045a       0x1d /usr/lib/gcc/arm-none-eabi/8.3.0/thumb/v7-m/nofp/libgcc.a(_arm_muldivdf3.o)
 .ARM.attributes
                0x0000000000000477       0x1d /usr/lib/gcc/arm-none-eabi/8.3.0/thumb/v7-m/nofp/libgcc.a(_arm_cmpdf2.o)
 .ARM.attributes
                0x0000000000000494       0x1d /usr/lib/gcc/arm-none-eabi/8.3.0/thumb/v7-m/nofp/libgcc.a(_arm_unorddf2.o)
 .ARM.attributes
                0x00000000000004b1       0x1d /usr/lib/gcc/arm-none-eabi/8.3.0/thumb/v7-m/nofp/libgcc.a(_arm_fixdfsi.o)
 .ARM.attributes
                0x00000000000004ce       0x1d /usr/lib/gcc/arm-none-eabi/8.3.0/thumb/v7-m/nofp/libgcc.a(_arm_fixunsdfsi.o)
 .ARM.attributes
                0x00000000000004eb       0x1d /usr/lib/gcc/arm-none-eabi/8.3.0/thumb/v7-m/nofp/libgcc.a(_arm_truncdfsf2.o)
 .ARM.attributes
                0x0000000000000508       0x1d /usr/lib/gcc/arm-none-eabi/8.3.0/thumb/v7-m/nofp/libgcc.a(_arm_addsubsf3.o)
 .ARM.attributes
                0x0000000000000525       0x1d /usr/lib/gcc/arm-none-eabi/8.3.0/thumb/v7-m/nofp/libgcc.a(_arm_muldivsf3.o)
 .ARM.attributes
                0x0000000000000542       0x1d /usr/lib/gcc/arm-none-eabi/8.3.0/thumb/v7-m/nofp/libgcc.a(_arm_cmpsf2.o)
 .ARM.attributes
                0x000000000000055f       0x2d /usr/lib/gcc/arm-none-eabi/8.3.0/../../../../arm-none-eabi/lib/thumb/v7-m/nofp/libc_nano.a(lib_a-atof.o)
 .ARM.attributes
                0x000000000000058c       0x2d /usr/lib/gcc/arm-none-eabi/8.3.0/../../../../arm-none-eabi/lib/thumb/v7-m/nofp/libc_nano.a(lib_a-errno.o)
 .ARM.attributes
                0x00000000000005b9       0x2d /usr/lib/gcc/arm-none-eabi/8.3.0/../../../../arm-none-eabi/lib/thumb/v7-m/nofp/libc_nano.a(lib_a-impure.o)
 .ARM.attributes
                0x00000000000005e6       0x2d /usr/lib/gcc/arm-none-eabi/8.3.0/../../../../arm-none-eabi/lib/thumb/v7-m/nofp/libc_nano.a(lib_a-init.o)
 .ARM.attributes
                0x0000000000000613       0x2d /usr/lib/gcc/arm-none-eabi/8.3.0/../../../../arm-none-eabi/lib/thumb/v7-m/nofp/libc_nano.a(lib_a-itoa.o)
 .ARM.attributes
                0x0000000000000640       0x2d /usr/lib/gcc/arm-none-eabi/8.3.0/../../../../arm-none-eabi/lib/thumb/v7-m/nofp/libc_nano.a(lib_a-memset.o)
 .ARM.attributes
                0x000000000000066d       0x2d /usr/lib/gcc/arm-none-eabi/8.3.0/../../../../arm-none-eabi/lib/thumb/v7-m/nofp/libc_nano.a(lib_a-nano-vfprintf_float.o)
 .ARM.attributes
                0x000000000000069a       0x2d /usr/lib/gcc/arm-none-eabi/8.3.0/../../../../arm-none-eabi/lib/thumb/v7-m/nofp/libc_nano.a(lib_a-nano-vfprintf_i.o)
 .ARM.attributes
                0x00000000000006c7       0x2d /usr/lib/gcc/arm-none-eabi/8.3.0/../../../../arm-none-eabi/lib/thumb/v7-m/nofp/libc_nano.a(lib_a-sprintf.o)
 .ARM.attributes
                0x00000000000006f4       0x2d /usr/lib/gcc/arm-none-eabi/8.3.0/../../../../arm-none-eabi/lib/thumb/v7-m/nofp/libc_nano.a(lib_a-strcat.o)
 .ARM.attributes
                0x0000000000000721       0x2d /usr/lib/gcc/arm-none-eabi/8.3.0/../../../../arm-none-eabi/lib/thumb/v7-m/nofp/libc_nano.a(lib_a-strcpy.o)
 .ARM.attributes
                0x000000000000074e       0x17 /usr/lib/gcc/arm-none-eabi/8.3.0/../../../../arm-none-eabi/lib/thumb/v7-m/nofp/libc_nano.a(lib_a-strlen.o)
 .ARM.attributes
                0x0000000000000765       0x2d /usr/lib/gcc/arm-none-eabi/8.3.0/../../../../arm-none-eabi/lib/thumb/v7-m/nofp/libc_nano.a(lib_a-strncmp.o)
 .ARM.attributes
                0x0000000000000792       0x2d /usr/lib/gcc/arm-none-eabi/8.3.0/../../../../arm-none-eabi/lib/thumb/v7-m/nofp/libc_nano.a(lib_a-strtod.o)
 .ARM.attributes
                0x00000000000007bf       0x2d /usr/lib/gcc/arm-none-eabi/8.3.0/../../../../arm-none-eabi/lib/thumb/v7-m/nofp/libc_nano.a(lib_a-strupr.o)
 .ARM.attributes
                0x00000000000007ec       0x2d /usr/lib/gcc/arm-none-eabi/8.3.0/../../../../arm-none-eabi/lib/thumb/v7-m/nofp/libc_nano.a(lib_a-utoa.o)
 .ARM.attributes
                0x0000000000000819       0x2d /usr/lib/gcc/arm-none-eabi/8.3.0/../../../../arm-none-eabi/lib/thumb/v7-m/nofp/libc_nano.a(lib_a-ctype_.o)
 .ARM.attributes
                0x0000000000000846       0x2d /usr/lib/gcc/arm-none-eabi/8.3.0/../../../../arm-none-eabi/lib/thumb/v7-m/nofp/libc_nano.a(lib_a-dtoa.o)
 .ARM.attributes
                0x0000000000000873       0x2d /usr/lib/gcc/arm-none-eabi/8.3.0/../../../../arm-none-eabi/lib/thumb/v7-m/nofp/libc_nano.a(lib_a-gdtoa-gethex.o)
 .ARM.attributes
                0x00000000000008a0       0x2d /usr/lib/gcc/arm-none-eabi/8.3.0/../../../../arm-none-eabi/lib/thumb/v7-m/nofp/libc_nano.a(lib_a-gdtoa-hexnan.o)
 .ARM.attributes
                0x00000000000008cd       0x2d /usr/lib/gcc/arm-none-eabi/8.3.0/../../../../arm-none-eabi/lib/thumb/v7-m/nofp/libc_nano.a(lib_a-lnumeric.o)
 .ARM.attributes
                0x00000000000008fa       0x2d /usr/lib/gcc/arm-none-eabi/8.3.0/../../../../arm-none-eabi/lib/thumb/v7-m/nofp/libc_nano.a(lib_a-localeconv.o)
 .ARM.attributes
                0x0000000000000927       0x2d /usr/lib/gcc/arm-none-eabi/8.3.0/../../../../arm-none-eabi/lib/thumb/v7-m/nofp/libc_nano.a(lib_a-locale.o)
 .ARM.attributes
                0x0000000000000954       0x2d /usr/lib/gcc/arm-none-eabi/8.3.0/../../../../arm-none-eabi/lib/thumb/v7-m/nofp/libc_nano.a(lib_a-malloc.o)
 .ARM.attributes
                0x0000000000000981       0x2d /usr/lib/gcc/arm-none-eabi/8.3.0/../../../../arm-none-eabi/lib/thumb/v7-m/nofp/libc_nano.a(lib_a-mbtowc_r.o)
 .ARM.attributes
                0x00000000000009ae       0x2d /usr/lib/gcc/arm-none-eabi/8.3.0/../../../../arm-none-eabi/lib/thumb/v7-m/nofp/libc_nano.a(lib_a-memchr-stub.o)
 .ARM.attributes
                0x00000000000009db       0x2d /usr/lib/gcc/arm-none-eabi/8.3.0/../../../../arm-none-eabi/lib/thumb/v7-m/nofp/libc_nano.a(lib_a-memcpy-stub.o)
 .ARM.attributes
                0x0000000000000a08       0x2d /usr/lib/gcc/arm-none-eabi/8.3.0/../../../../arm-none-eabi/lib/thumb/v7-m/nofp/libc_nano.a(lib_a-mprec.o)
 .ARM.attributes
                0x0000000000000a35       0x2d /usr/lib/gcc/arm-none-eabi/8.3.0/../../../../arm-none-eabi/lib/thumb/v7-m/nofp/libc_nano.a(lib_a-nano-callocr.o)
 .ARM.attributes
                0x0000000000000a62       0x2d /usr/lib/gcc/arm-none-eabi/8.3.0/../../../../arm-none-eabi/lib/thumb/v7-m/nofp/libc_nano.a(lib_a-nano-freer.o)
 .ARM.attributes
                0x0000000000000a8f       0x2d /usr/lib/gcc/arm-none-eabi/8.3.0/../../../../arm-none-eabi/lib/thumb/v7-m/nofp/libc_nano.a(lib_a-nano-mallocr.o)
 .ARM.attributes
                0x0000000000000abc       0x2d /usr/lib/gcc/arm-none-eabi/8.3.0/../../../../arm-none-eabi/lib/thumb/v7-m/nofp/libc_nano.a(lib_a-nano-svfprintf.o)
 .ARM.attributes
                0x0000000000000ae9       0x2d /usr/lib/gcc/arm-none-eabi/8.3.0/../../../../arm-none-eabi/lib/thumb/v7-m/nofp/libc_nano.a(lib_a-sbrkr.o)
 .ARM.attributes
                0x0000000000000b16       0x2d /usr/lib/gcc/arm-none-eabi/8.3.0/../../../../arm-none-eabi/lib/thumb/v7-m/nofp/libc_nano.a(lib_a-s_nan.o)
 .ARM.attributes
                0x0000000000000b43       0x2d /usr/lib/gcc/arm-none-eabi/8.3.0/../../../../arm-none-eabi/lib/thumb/v7-m/nofp/libc_nano.a(lib_a-wctomb_r.o)
 .ARM.attributes
                0x0000000000000b70       0x2d /usr/lib/gcc/arm-none-eabi/8.3.0/../../../../arm-none-eabi/lib/thumb/v7-m/nofp/libc_nano.a(lib_a-memmove.o)
 .ARM.attributes
                0x0000000000000b9d       0x2d /usr/lib/gcc/arm-none-eabi/8.3.0/../../../../arm-none-eabi/lib/thumb/v7-m/nofp/libc_nano.a(lib_a-mlock.o)
 .ARM.attributes
                0x0000000000000bca       0x2d /usr/lib/gcc/arm-none-eabi/8.3.0/../../../../arm-none-eabi/lib/thumb/v7-m/nofp/libc_nano.a(lib_a-nano-reallocr.o)
 .ARM.attributes
                0x0000000000000bf7       0x2d /usr/lib/gcc/arm-none-eabi/8.3.0/../../../../arm-none-eabi/lib/thumb/v7-m/nofp/libc_nano.a(lib_a-reent.o)
 .ARM.attributes
                0x0000000000000c24       0x2d /usr/lib/gcc/arm-none-eabi/8.3.0/../../../../arm-none-eabi/lib/thumb/v7-m/nofp/libc_nano.a(lib_a-nano-msizer.o)
 .ARM.attributes
                0x0000000000000c51       0x2d /usr/lib/gcc/arm-none-eabi/8.3.0/thumb/v7-m/nofp/libgcc.a(_fixdfdi.o)
 .ARM.attributes
                0x0000000000000c7e       0x2d /usr/lib/gcc/arm-none-eabi/8.3.0/thumb/v7-m/nofp/libgcc.a(_fixunsdfdi.o)
 .ARM.attributes
                0x0000000000000cab       0x2d /usr/lib/gcc/arm-none-eabi/8.3.0/../../../../arm-none-eabi/lib/thumb/v7-m/nofp/libnosys.a(sbrk.o)
 .ARM.attributes
                0x0000000000000cd8       0x1d /usr/lib/gcc/arm-none-eabi/8.3.0/thumb/v7-m/nofp/crtn.o
OUTPUT(GyroMan.elf elf32-littlearm)

.debug_info     0x0000000000000000     0x8df2
 .debug_info    0x0000000000000000      0x4e7 StdPeriph_Driver/src/misc.o
 .debug_info    0x00000000000004e7      0x46f StdPeriph_Driver/src/stm32f10x_dma.o
 .debug_info    0x0000000000000956      0x7b2 StdPeriph_Driver/src/stm32f10x_flash.o
 .debug_info    0x0000000000001108      0x6ec StdPeriph_Driver/src/stm32f10x_gpio.o
 .debug_info    0x00000000000017f4      0xb01 StdPeriph_Driver/src/stm32f10x_i2c.o
 .debug_info    0x00000000000022f5      0x89c StdPeriph_Driver/src/stm32f10x_rcc.o
 .debug_info    0x0000000000002b91     0x1c54 StdPeriph_Driver/src/stm32f10x_tim.o
 .debug_info    0x00000000000047e5      0x9e4 StdPeriph_Driver/src/stm32f10x_usart.o
 .debug_info    0x00000000000051c9      0xd22 src/initial.o
 .debug_info    0x0000000000005eeb     0x159d src/main.o
 .debug_info    0x0000000000007488      0x212 src/pid.o
 .debug_info    0x000000000000769a      0x8a7 src/tm_stm32f4_i2c.o
 .debug_info    0x0000000000007f41      0x4b3 src/tm_stm32f4_mpu6050.o
 .debug_info    0x00000000000083f4      0x9dc src/usart_cmd.o
 .debug_info    0x0000000000008dd0       0x22 startup/startup_stm32.o

.debug_abbrev   0x0000000000000000     0x194a
 .debug_abbrev  0x0000000000000000      0x186 StdPeriph_Driver/src/misc.o
 .debug_abbrev  0x0000000000000186      0x187 StdPeriph_Driver/src/stm32f10x_dma.o
 .debug_abbrev  0x000000000000030d      0x1a7 StdPeriph_Driver/src/stm32f10x_flash.o
 .debug_abbrev  0x00000000000004b4      0x1e4 StdPeriph_Driver/src/stm32f10x_gpio.o
 .debug_abbrev  0x0000000000000698      0x196 StdPeriph_Driver/src/stm32f10x_i2c.o
 .debug_abbrev  0x000000000000082e      0x1d4 StdPeriph_Driver/src/stm32f10x_rcc.o
 .debug_abbrev  0x0000000000000a02      0x1c8 StdPeriph_Driver/src/stm32f10x_tim.o
 .debug_abbrev  0x0000000000000bca      0x194 StdPeriph_Driver/src/stm32f10x_usart.o
 .debug_abbrev  0x0000000000000d5e      0x1cf src/initial.o
 .debug_abbrev  0x0000000000000f2d      0x3df src/main.o
 .debug_abbrev  0x000000000000130c      0x11c src/pid.o
 .debug_abbrev  0x0000000000001428      0x1e0 src/tm_stm32f4_i2c.o
 .debug_abbrev  0x0000000000001608      0x140 src/tm_stm32f4_mpu6050.o
 .debug_abbrev  0x0000000000001748      0x1f0 src/usart_cmd.o
 .debug_abbrev  0x0000000000001938       0x12 startup/startup_stm32.o

.debug_aranges  0x0000000000000000      0xa90
 .debug_aranges
                0x0000000000000000       0x40 StdPeriph_Driver/src/misc.o
 .debug_aranges
                0x0000000000000040       0x70 StdPeriph_Driver/src/stm32f10x_dma.o
 .debug_aranges
                0x00000000000000b0       0xf8 StdPeriph_Driver/src/stm32f10x_flash.o
 .debug_aranges
                0x00000000000001a8       0xa8 StdPeriph_Driver/src/stm32f10x_gpio.o
 .debug_aranges
                0x0000000000000250      0x120 StdPeriph_Driver/src/stm32f10x_i2c.o
 .debug_aranges
                0x0000000000000370      0x118 StdPeriph_Driver/src/stm32f10x_rcc.o
 .debug_aranges
                0x0000000000000488      0x2f0 StdPeriph_Driver/src/stm32f10x_tim.o
 .debug_aranges
                0x0000000000000778      0x100 StdPeriph_Driver/src/stm32f10x_usart.o
 .debug_aranges
                0x0000000000000878       0x58 src/initial.o
 .debug_aranges
                0x00000000000008d0       0x68 src/main.o
 .debug_aranges
                0x0000000000000938       0x38 src/pid.o
 .debug_aranges
                0x0000000000000970       0x90 src/tm_stm32f4_i2c.o
 .debug_aranges
                0x0000000000000a00       0x40 src/tm_stm32f4_mpu6050.o
 .debug_aranges
                0x0000000000000a40       0x28 src/usart_cmd.o
 .debug_aranges
                0x0000000000000a68       0x28 startup/startup_stm32.o

.debug_ranges   0x0000000000000000      0x9c0
 .debug_ranges  0x0000000000000000       0x30 StdPeriph_Driver/src/misc.o
 .debug_ranges  0x0000000000000030       0x60 StdPeriph_Driver/src/stm32f10x_dma.o
 .debug_ranges  0x0000000000000090       0xe8 StdPeriph_Driver/src/stm32f10x_flash.o
 .debug_ranges  0x0000000000000178       0x98 StdPeriph_Driver/src/stm32f10x_gpio.o
 .debug_ranges  0x0000000000000210      0x110 StdPeriph_Driver/src/stm32f10x_i2c.o
 .debug_ranges  0x0000000000000320      0x108 StdPeriph_Driver/src/stm32f10x_rcc.o
 .debug_ranges  0x0000000000000428      0x2e0 StdPeriph_Driver/src/stm32f10x_tim.o
 .debug_ranges  0x0000000000000708       0xf0 StdPeriph_Driver/src/stm32f10x_usart.o
 .debug_ranges  0x00000000000007f8       0x48 src/initial.o
 .debug_ranges  0x0000000000000840       0x70 src/main.o
 .debug_ranges  0x00000000000008b0       0x28 src/pid.o
 .debug_ranges  0x00000000000008d8       0x80 src/tm_stm32f4_i2c.o
 .debug_ranges  0x0000000000000958       0x30 src/tm_stm32f4_mpu6050.o
 .debug_ranges  0x0000000000000988       0x18 src/usart_cmd.o
 .debug_ranges  0x00000000000009a0       0x20 startup/startup_stm32.o

.debug_macro    0x0000000000000000     0xf4fa
 .debug_macro   0x0000000000000000      0x18b StdPeriph_Driver/src/misc.o
 .debug_macro   0x000000000000018b       0x56 StdPeriph_Driver/src/misc.o
 .debug_macro   0x00000000000001e1       0x22 StdPeriph_Driver/src/misc.o
 .debug_macro   0x0000000000000203      0x69f StdPeriph_Driver/src/misc.o
 .debug_macro   0x00000000000008a2     0x7dbe StdPeriph_Driver/src/misc.o
 .debug_macro   0x0000000000008660      0x2df StdPeriph_Driver/src/misc.o
 .debug_macro   0x000000000000893f      0x144 StdPeriph_Driver/src/misc.o
 .debug_macro   0x0000000000008a83      0x3cf StdPeriph_Driver/src/misc.o
 .debug_macro   0x0000000000008e52       0xc8 StdPeriph_Driver/src/misc.o
 .debug_macro   0x0000000000008f1a      0x17a StdPeriph_Driver/src/misc.o
 .debug_macro   0x0000000000009094       0xac StdPeriph_Driver/src/misc.o
 .debug_macro   0x0000000000009140      0x3ad StdPeriph_Driver/src/misc.o
 .debug_macro   0x00000000000094ed       0x9a StdPeriph_Driver/src/misc.o
 .debug_macro   0x0000000000009587      0x2cf StdPeriph_Driver/src/misc.o
 .debug_macro   0x0000000000009856      0x279 StdPeriph_Driver/src/misc.o
 .debug_macro   0x0000000000009acf      0x2ac StdPeriph_Driver/src/misc.o
 .debug_macro   0x0000000000009d7b      0x2b1 StdPeriph_Driver/src/misc.o
 .debug_macro   0x000000000000a02c       0x64 StdPeriph_Driver/src/misc.o
 .debug_macro   0x000000000000a090       0x82 StdPeriph_Driver/src/misc.o
 .debug_macro   0x000000000000a112      0x3e2 StdPeriph_Driver/src/misc.o
 .debug_macro   0x000000000000a4f4       0x58 StdPeriph_Driver/src/misc.o
 .debug_macro   0x000000000000a54c      0x341 StdPeriph_Driver/src/misc.o
 .debug_macro   0x000000000000a88d      0x2c4 StdPeriph_Driver/src/misc.o
 .debug_macro   0x000000000000ab51      0x711 StdPeriph_Driver/src/misc.o
 .debug_macro   0x000000000000b262      0x220 StdPeriph_Driver/src/misc.o
 .debug_macro   0x000000000000b482       0x34 StdPeriph_Driver/src/misc.o
 .debug_macro   0x000000000000b4b6       0x35 StdPeriph_Driver/src/misc.o
 .debug_macro   0x000000000000b4eb       0x85 StdPeriph_Driver/src/misc.o
 .debug_macro   0x000000000000b570      0x1dd StdPeriph_Driver/src/stm32f10x_dma.o
 .debug_macro   0x000000000000b74d      0x3a7 StdPeriph_Driver/src/stm32f10x_dma.o
 .debug_macro   0x000000000000baf4      0x22d StdPeriph_Driver/src/stm32f10x_flash.o
 .debug_macro   0x000000000000bd21      0x2c9 StdPeriph_Driver/src/stm32f10x_flash.o
 .debug_macro   0x000000000000bfea      0x1d7 StdPeriph_Driver/src/stm32f10x_gpio.o
 .debug_macro   0x000000000000c1c1      0x2a6 StdPeriph_Driver/src/stm32f10x_gpio.o
 .debug_macro   0x000000000000c467      0x25b StdPeriph_Driver/src/stm32f10x_i2c.o
 .debug_macro   0x000000000000c6c2      0x2ab StdPeriph_Driver/src/stm32f10x_i2c.o
 .debug_macro   0x000000000000c96d      0x2a1 StdPeriph_Driver/src/stm32f10x_rcc.o
 .debug_macro   0x000000000000cc0e      0x3dc StdPeriph_Driver/src/stm32f10x_rcc.o
 .debug_macro   0x000000000000cfea      0x1a1 StdPeriph_Driver/src/stm32f10x_tim.o
 .debug_macro   0x000000000000d18b      0x70b StdPeriph_Driver/src/stm32f10x_tim.o
 .debug_macro   0x000000000000d896      0x23d StdPeriph_Driver/src/stm32f10x_usart.o
 .debug_macro   0x000000000000dad3      0x21a StdPeriph_Driver/src/stm32f10x_usart.o
 .debug_macro   0x000000000000dced      0x19e src/initial.o
 .debug_macro   0x000000000000de8b       0x10 src/initial.o
 .debug_macro   0x000000000000de9b      0x379 src/main.o
 .debug_macro   0x000000000000e214       0x10 src/main.o
 .debug_macro   0x000000000000e224       0x35 src/main.o
 .debug_macro   0x000000000000e259       0x1c src/main.o
 .debug_macro   0x000000000000e275       0x10 src/main.o
 .debug_macro   0x000000000000e285       0x10 src/main.o
 .debug_macro   0x000000000000e295       0x1c src/main.o
 .debug_macro   0x000000000000e2b1       0x52 src/main.o
 .debug_macro   0x000000000000e303       0x40 src/main.o
 .debug_macro   0x000000000000e343       0x10 src/main.o
 .debug_macro   0x000000000000e353       0x40 src/main.o
 .debug_macro   0x000000000000e393       0xd7 src/main.o
 .debug_macro   0x000000000000e46a       0x1c src/main.o
 .debug_macro   0x000000000000e486       0x3d src/main.o
 .debug_macro   0x000000000000e4c3       0x16 src/main.o
 .debug_macro   0x000000000000e4d9      0x16f src/main.o
 .debug_macro   0x000000000000e648       0x96 src/main.o
 .debug_macro   0x000000000000e6de      0x129 src/main.o
 .debug_macro   0x000000000000e807       0x22 src/main.o
 .debug_macro   0x000000000000e829       0x1c src/main.o
 .debug_macro   0x000000000000e845       0x6c src/pid.o
 .debug_macro   0x000000000000e8b1      0x1a6 src/tm_stm32f4_i2c.o
 .debug_macro   0x000000000000ea57       0x90 src/tm_stm32f4_i2c.o
 .debug_macro   0x000000000000eae7      0x19f src/tm_stm32f4_mpu6050.o
 .debug_macro   0x000000000000ec86      0x1f3 src/usart_cmd.o
 .debug_macro   0x000000000000ee79       0x58 src/usart_cmd.o
 .debug_macro   0x000000000000eed1       0x17 src/usart_cmd.o
 .debug_macro   0x000000000000eee8       0x9c src/usart_cmd.o
 .debug_macro   0x000000000000ef84       0x58 src/usart_cmd.o
 .debug_macro   0x000000000000efdc       0x20 src/usart_cmd.o
 .debug_macro   0x000000000000effc      0x18e src/usart_cmd.o
 .debug_macro   0x000000000000f18a      0x330 src/usart_cmd.o
 .debug_macro   0x000000000000f4ba       0x40 src/usart_cmd.o

.debug_line     0x0000000000000000     0x6c5b
 .debug_line    0x0000000000000000      0x5eb StdPeriph_Driver/src/misc.o
 .debug_line    0x00000000000005eb      0x6d5 StdPeriph_Driver/src/stm32f10x_dma.o
 .debug_line    0x0000000000000cc0      0x867 StdPeriph_Driver/src/stm32f10x_flash.o
 .debug_line    0x0000000000001527      0x76c StdPeriph_Driver/src/stm32f10x_gpio.o
 .debug_line    0x0000000000001c93      0x86f StdPeriph_Driver/src/stm32f10x_i2c.o
 .debug_line    0x0000000000002502      0x868 StdPeriph_Driver/src/stm32f10x_rcc.o
 .debug_line    0x0000000000002d6a      0xeed StdPeriph_Driver/src/stm32f10x_tim.o
 .debug_line    0x0000000000003c57      0x83a StdPeriph_Driver/src/stm32f10x_usart.o
 .debug_line    0x0000000000004491      0x69f src/initial.o
 .debug_line    0x0000000000004b30      0xac5 src/main.o
 .debug_line    0x00000000000055f5      0x38b src/pid.o
 .debug_line    0x0000000000005980      0x72e src/tm_stm32f4_i2c.o
 .debug_line    0x00000000000060ae      0x650 src/tm_stm32f4_mpu6050.o
 .debug_line    0x00000000000066fe      0x4e1 src/usart_cmd.o
 .debug_line    0x0000000000006bdf       0x7c startup/startup_stm32.o

.debug_str      0x0000000000000000    0x57172
 .debug_str     0x0000000000000000    0x4d2a1 StdPeriph_Driver/src/misc.o
                                      0x4d412 (size before relaxing)
 .debug_str     0x000000000004d2a1      0x6f2 StdPeriph_Driver/src/stm32f10x_dma.o
                                      0x4d8ba (size before relaxing)
 .debug_str     0x000000000004d993      0x7ee StdPeriph_Driver/src/stm32f10x_flash.o
                                      0x4d9fc (size before relaxing)
 .debug_str     0x000000000004e181      0x5a4 StdPeriph_Driver/src/stm32f10x_gpio.o
                                      0x4d78a (size before relaxing)
 .debug_str     0x000000000004e725      0x8da StdPeriph_Driver/src/stm32f10x_i2c.o
                                      0x4db2c (size before relaxing)
 .debug_str     0x000000000004efff      0xae2 StdPeriph_Driver/src/stm32f10x_rcc.o
                                      0x4dd70 (size before relaxing)
 .debug_str     0x000000000004fae1      0xbed StdPeriph_Driver/src/stm32f10x_tim.o
                                      0x4de8e (size before relaxing)
 .debug_str     0x00000000000506ce      0x7f0 StdPeriph_Driver/src/stm32f10x_usart.o
                                      0x4da9a (size before relaxing)
 .debug_str     0x0000000000050ebe      0x3e3 src/initial.o
                                      0x4db8f (size before relaxing)
 .debug_str     0x00000000000512a1     0x554d src/main.o
                                      0x528f9 (size before relaxing)
 .debug_str     0x00000000000567ee       0xb0 src/pid.o
                                       0x3cd1 (size before relaxing)
 .debug_str     0x000000000005689e      0x228 src/tm_stm32f4_i2c.o
                                      0x4d8f6 (size before relaxing)
 .debug_str     0x0000000000056ac6      0x135 src/tm_stm32f4_mpu6050.o
                                      0x4dcb8 (size before relaxing)
 .debug_str     0x0000000000056bfb      0x54d src/usart_cmd.o
                                       0x7e84 (size before relaxing)
 .debug_str     0x0000000000057148       0x2a startup/startup_stm32.o
                                         0x4b (size before relaxing)

.comment        0x0000000000000000       0x9b
 .comment       0x0000000000000000       0x7e StdPeriph_Driver/src/misc.o
                                         0x7f (size before relaxing)
 .comment       0x000000000000007e       0x7f StdPeriph_Driver/src/stm32f10x_dma.o
 .comment       0x000000000000007e       0x7f StdPeriph_Driver/src/stm32f10x_flash.o
 .comment       0x000000000000007e       0x7f StdPeriph_Driver/src/stm32f10x_gpio.o
 .comment       0x000000000000007e       0x7f StdPeriph_Driver/src/stm32f10x_i2c.o
 .comment       0x000000000000007e       0x7f StdPeriph_Driver/src/stm32f10x_rcc.o
 .comment       0x000000000000007e       0x7f StdPeriph_Driver/src/stm32f10x_tim.o
 .comment       0x000000000000007e       0x7f StdPeriph_Driver/src/stm32f10x_usart.o
 .comment       0x000000000000007e       0x7f src/initial.o
 .comment       0x000000000000007e       0x1d src/main.o
                                         0x1e (size before relaxing)
 .comment       0x000000000000009b       0x7f src/pid.o
 .comment       0x000000000000009b       0x7f src/tm_stm32f4_i2c.o
 .comment       0x000000000000009b       0x7f src/tm_stm32f4_mpu6050.o
 .comment       0x000000000000009b       0x7f src/usart_cmd.o

.debug_frame    0x0000000000000000     0x3dc0
 .debug_frame   0x0000000000000000       0xd8 StdPeriph_Driver/src/misc.o
 .debug_frame   0x00000000000000d8      0x1c8 StdPeriph_Driver/src/stm32f10x_dma.o
 .debug_frame   0x00000000000002a0      0x410 StdPeriph_Driver/src/stm32f10x_flash.o
 .debug_frame   0x00000000000006b0      0x2d0 StdPeriph_Driver/src/stm32f10x_gpio.o
 .debug_frame   0x0000000000000980      0x530 StdPeriph_Driver/src/stm32f10x_i2c.o
 .debug_frame   0x0000000000000eb0      0x4f4 StdPeriph_Driver/src/stm32f10x_rcc.o
 .debug_frame   0x00000000000013a4      0xe2c StdPeriph_Driver/src/stm32f10x_tim.o
 .debug_frame   0x00000000000021d0      0x490 StdPeriph_Driver/src/stm32f10x_usart.o
 .debug_frame   0x0000000000002660      0x12c src/initial.o
 .debug_frame   0x000000000000278c      0x174 src/main.o
 .debug_frame   0x0000000000002900       0xb0 src/pid.o
 .debug_frame   0x00000000000029b0      0x238 src/tm_stm32f4_i2c.o
 .debug_frame   0x0000000000002be8       0xc8 src/tm_stm32f4_mpu6050.o
 .debug_frame   0x0000000000002cb0       0x58 src/usart_cmd.o
 .debug_frame   0x0000000000002d08       0x38 /usr/lib/gcc/arm-none-eabi/8.3.0/../../../../arm-none-eabi/lib/thumb/v7-m/nofp/libm.a(lib_a-s_atan.o)
 .debug_frame   0x0000000000002d40       0x20 /usr/lib/gcc/arm-none-eabi/8.3.0/../../../../arm-none-eabi/lib/thumb/v7-m/nofp/libm.a(lib_a-s_fabs.o)
 .debug_frame   0x0000000000002d60       0x44 /usr/lib/gcc/arm-none-eabi/8.3.0/../../../../arm-none-eabi/lib/thumb/v7-m/nofp/libm.a(lib_a-w_sqrt.o)
 .debug_frame   0x0000000000002da4       0x30 /usr/lib/gcc/arm-none-eabi/8.3.0/../../../../arm-none-eabi/lib/thumb/v7-m/nofp/libm.a(lib_a-e_sqrt.o)
 .debug_frame   0x0000000000002dd4       0x20 /usr/lib/gcc/arm-none-eabi/8.3.0/../../../../arm-none-eabi/lib/thumb/v7-m/nofp/libm.a(lib_a-s_matherr.o)
 .debug_frame   0x0000000000002df4       0xac /usr/lib/gcc/arm-none-eabi/8.3.0/thumb/v7-m/nofp/libgcc.a(_arm_addsubdf3.o)
 .debug_frame   0x0000000000002ea0       0x50 /usr/lib/gcc/arm-none-eabi/8.3.0/thumb/v7-m/nofp/libgcc.a(_arm_muldivdf3.o)
 .debug_frame   0x0000000000002ef0       0xc4 /usr/lib/gcc/arm-none-eabi/8.3.0/thumb/v7-m/nofp/libgcc.a(_arm_cmpdf2.o)
 .debug_frame   0x0000000000002fb4       0x20 /usr/lib/gcc/arm-none-eabi/8.3.0/thumb/v7-m/nofp/libgcc.a(_arm_unorddf2.o)
 .debug_frame   0x0000000000002fd4       0x24 /usr/lib/gcc/arm-none-eabi/8.3.0/thumb/v7-m/nofp/libgcc.a(_arm_fixdfsi.o)
 .debug_frame   0x0000000000002ff8       0x24 /usr/lib/gcc/arm-none-eabi/8.3.0/thumb/v7-m/nofp/libgcc.a(_arm_fixunsdfsi.o)
 .debug_frame   0x000000000000301c       0x24 /usr/lib/gcc/arm-none-eabi/8.3.0/thumb/v7-m/nofp/libgcc.a(_arm_truncdfsf2.o)
 .debug_frame   0x0000000000003040       0x4c /usr/lib/gcc/arm-none-eabi/8.3.0/thumb/v7-m/nofp/libgcc.a(_arm_addsubsf3.o)
 .debug_frame   0x000000000000308c       0x38 /usr/lib/gcc/arm-none-eabi/8.3.0/thumb/v7-m/nofp/libgcc.a(_arm_muldivsf3.o)
 .debug_frame   0x00000000000030c4       0xc8 /usr/lib/gcc/arm-none-eabi/8.3.0/thumb/v7-m/nofp/libgcc.a(_arm_cmpsf2.o)
 .debug_frame   0x000000000000318c       0x20 /usr/lib/gcc/arm-none-eabi/8.3.0/../../../../arm-none-eabi/lib/thumb/v7-m/nofp/libc_nano.a(lib_a-atof.o)
 .debug_frame   0x00000000000031ac       0x20 /usr/lib/gcc/arm-none-eabi/8.3.0/../../../../arm-none-eabi/lib/thumb/v7-m/nofp/libc_nano.a(lib_a-errno.o)
 .debug_frame   0x00000000000031cc       0x2c /usr/lib/gcc/arm-none-eabi/8.3.0/../../../../arm-none-eabi/lib/thumb/v7-m/nofp/libc_nano.a(lib_a-init.o)
 .debug_frame   0x00000000000031f8       0x38 /usr/lib/gcc/arm-none-eabi/8.3.0/../../../../arm-none-eabi/lib/thumb/v7-m/nofp/libc_nano.a(lib_a-itoa.o)
 .debug_frame   0x0000000000003230       0x20 /usr/lib/gcc/arm-none-eabi/8.3.0/../../../../arm-none-eabi/lib/thumb/v7-m/nofp/libc_nano.a(lib_a-memset.o)
 .debug_frame   0x0000000000003250       0x94 /usr/lib/gcc/arm-none-eabi/8.3.0/../../../../arm-none-eabi/lib/thumb/v7-m/nofp/libc_nano.a(lib_a-nano-vfprintf_float.o)
 .debug_frame   0x00000000000032e4       0x60 /usr/lib/gcc/arm-none-eabi/8.3.0/../../../../arm-none-eabi/lib/thumb/v7-m/nofp/libc_nano.a(lib_a-nano-vfprintf_i.o)
 .debug_frame   0x0000000000003344       0x6c /usr/lib/gcc/arm-none-eabi/8.3.0/../../../../arm-none-eabi/lib/thumb/v7-m/nofp/libc_nano.a(lib_a-sprintf.o)
 .debug_frame   0x00000000000033b0       0x28 /usr/lib/gcc/arm-none-eabi/8.3.0/../../../../arm-none-eabi/lib/thumb/v7-m/nofp/libc_nano.a(lib_a-strcat.o)
 .debug_frame   0x00000000000033d8       0x20 /usr/lib/gcc/arm-none-eabi/8.3.0/../../../../arm-none-eabi/lib/thumb/v7-m/nofp/libc_nano.a(lib_a-strcpy.o)
 .debug_frame   0x00000000000033f8       0x28 /usr/lib/gcc/arm-none-eabi/8.3.0/../../../../arm-none-eabi/lib/thumb/v7-m/nofp/libc_nano.a(lib_a-strncmp.o)
 .debug_frame   0x0000000000003420       0xe8 /usr/lib/gcc/arm-none-eabi/8.3.0/../../../../arm-none-eabi/lib/thumb/v7-m/nofp/libc_nano.a(lib_a-strtod.o)
 .debug_frame   0x0000000000003508       0x28 /usr/lib/gcc/arm-none-eabi/8.3.0/../../../../arm-none-eabi/lib/thumb/v7-m/nofp/libc_nano.a(lib_a-strupr.o)
 .debug_frame   0x0000000000003530       0x48 /usr/lib/gcc/arm-none-eabi/8.3.0/../../../../arm-none-eabi/lib/thumb/v7-m/nofp/libc_nano.a(lib_a-utoa.o)
 .debug_frame   0x0000000000003578       0x6c /usr/lib/gcc/arm-none-eabi/8.3.0/../../../../arm-none-eabi/lib/thumb/v7-m/nofp/libc_nano.a(lib_a-dtoa.o)
 .debug_frame   0x00000000000035e4       0x70 /usr/lib/gcc/arm-none-eabi/8.3.0/../../../../arm-none-eabi/lib/thumb/v7-m/nofp/libc_nano.a(lib_a-gdtoa-gethex.o)
 .debug_frame   0x0000000000003654       0x74 /usr/lib/gcc/arm-none-eabi/8.3.0/../../../../arm-none-eabi/lib/thumb/v7-m/nofp/libc_nano.a(lib_a-gdtoa-hexnan.o)
 .debug_frame   0x00000000000036c8       0x20 /usr/lib/gcc/arm-none-eabi/8.3.0/../../../../arm-none-eabi/lib/thumb/v7-m/nofp/libc_nano.a(lib_a-lnumeric.o)
 .debug_frame   0x00000000000036e8       0x40 /usr/lib/gcc/arm-none-eabi/8.3.0/../../../../arm-none-eabi/lib/thumb/v7-m/nofp/libc_nano.a(lib_a-localeconv.o)
 .debug_frame   0x0000000000003728       0x48 /usr/lib/gcc/arm-none-eabi/8.3.0/../../../../arm-none-eabi/lib/thumb/v7-m/nofp/libc_nano.a(lib_a-locale.o)
 .debug_frame   0x0000000000003770       0x30 /usr/lib/gcc/arm-none-eabi/8.3.0/../../../../arm-none-eabi/lib/thumb/v7-m/nofp/libc_nano.a(lib_a-malloc.o)
 .debug_frame   0x00000000000037a0       0x48 /usr/lib/gcc/arm-none-eabi/8.3.0/../../../../arm-none-eabi/lib/thumb/v7-m/nofp/libc_nano.a(lib_a-mbtowc_r.o)
 .debug_frame   0x00000000000037e8       0x28 /usr/lib/gcc/arm-none-eabi/8.3.0/../../../../arm-none-eabi/lib/thumb/v7-m/nofp/libc_nano.a(lib_a-memchr-stub.o)
 .debug_frame   0x0000000000003810       0x28 /usr/lib/gcc/arm-none-eabi/8.3.0/../../../../arm-none-eabi/lib/thumb/v7-m/nofp/libc_nano.a(lib_a-memcpy-stub.o)
 .debug_frame   0x0000000000003838      0x248 /usr/lib/gcc/arm-none-eabi/8.3.0/../../../../arm-none-eabi/lib/thumb/v7-m/nofp/libc_nano.a(lib_a-mprec.o)
 .debug_frame   0x0000000000003a80       0x2c /usr/lib/gcc/arm-none-eabi/8.3.0/../../../../arm-none-eabi/lib/thumb/v7-m/nofp/libc_nano.a(lib_a-nano-callocr.o)
 .debug_frame   0x0000000000003aac       0x38 /usr/lib/gcc/arm-none-eabi/8.3.0/../../../../arm-none-eabi/lib/thumb/v7-m/nofp/libc_nano.a(lib_a-nano-freer.o)
 .debug_frame   0x0000000000003ae4       0x30 /usr/lib/gcc/arm-none-eabi/8.3.0/../../../../arm-none-eabi/lib/thumb/v7-m/nofp/libc_nano.a(lib_a-nano-mallocr.o)
 .debug_frame   0x0000000000003b14       0x90 /usr/lib/gcc/arm-none-eabi/8.3.0/../../../../arm-none-eabi/lib/thumb/v7-m/nofp/libc_nano.a(lib_a-nano-svfprintf.o)
 .debug_frame   0x0000000000003ba4       0x2c /usr/lib/gcc/arm-none-eabi/8.3.0/../../../../arm-none-eabi/lib/thumb/v7-m/nofp/libc_nano.a(lib_a-sbrkr.o)
 .debug_frame   0x0000000000003bd0       0x20 /usr/lib/gcc/arm-none-eabi/8.3.0/../../../../arm-none-eabi/lib/thumb/v7-m/nofp/libc_nano.a(lib_a-s_nan.o)
 .debug_frame   0x0000000000003bf0       0x3c /usr/lib/gcc/arm-none-eabi/8.3.0/../../../../arm-none-eabi/lib/thumb/v7-m/nofp/libc_nano.a(lib_a-wctomb_r.o)
 .debug_frame   0x0000000000003c2c       0x28 /usr/lib/gcc/arm-none-eabi/8.3.0/../../../../arm-none-eabi/lib/thumb/v7-m/nofp/libc_nano.a(lib_a-memmove.o)
 .debug_frame   0x0000000000003c54       0x30 /usr/lib/gcc/arm-none-eabi/8.3.0/../../../../arm-none-eabi/lib/thumb/v7-m/nofp/libc_nano.a(lib_a-mlock.o)
 .debug_frame   0x0000000000003c84       0x3c /usr/lib/gcc/arm-none-eabi/8.3.0/../../../../arm-none-eabi/lib/thumb/v7-m/nofp/libc_nano.a(lib_a-nano-reallocr.o)
 .debug_frame   0x0000000000003cc0       0x5c /usr/lib/gcc/arm-none-eabi/8.3.0/../../../../arm-none-eabi/lib/thumb/v7-m/nofp/libc_nano.a(lib_a-reent.o)
 .debug_frame   0x0000000000003d1c       0x20 /usr/lib/gcc/arm-none-eabi/8.3.0/../../../../arm-none-eabi/lib/thumb/v7-m/nofp/libc_nano.a(lib_a-nano-msizer.o)
 .debug_frame   0x0000000000003d3c       0x38 /usr/lib/gcc/arm-none-eabi/8.3.0/thumb/v7-m/nofp/libgcc.a(_fixdfdi.o)
 .debug_frame   0x0000000000003d74       0x2c /usr/lib/gcc/arm-none-eabi/8.3.0/thumb/v7-m/nofp/libgcc.a(_fixunsdfdi.o)
 .debug_frame   0x0000000000003da0       0x20 /usr/lib/gcc/arm-none-eabi/8.3.0/../../../../arm-none-eabi/lib/thumb/v7-m/nofp/libnosys.a(sbrk.o)
